
 num     #instances         #bytes  class name
----------------------------------------------
   1:        182938      149218664  [B
   2:          3447       47158144  [J
   3:        300924       36664992  [C
   4:           305       36092232  [D
   5:         40523       35110128  [I
   6:        324237       15563376  org.apache.lucene.util.fst.Builder$UnCompiledNode
   7:        432655       13844960  org.apache.lucene.util.fst.Builder$Arc
   8:        420546       13457472  org.wltea.analyzer.dic.DictSegment
   9:        401012       12832384  java.util.HashMap$Entry
  10:         59177        9317896  <constMethodKlass>
  11:        346127        8909536  [Lorg.apache.lucene.util.fst.Builder$Arc;
  12:        350050        8401200  org.apache.lucene.index.MultiDocsEnum$EnumWithSlice
  13:         59177        8059528  <methodKlass>
  14:          5907        6880864  <constantPoolKlass>
  15:          9856        6014488  [S
  16:         52367        5697744  [Ljava.util.HashMap$Entry;
  17:        177039        5665248  [Lorg.wltea.analyzer.dic.DictSegment;
  18:        215179        5164296  java.lang.String
  19:          5907        4340696  <instanceKlassKlass>
  20:        173018        4152432  org.apache.lucene.index.MultiDocsAndPositionsEnum$EnumWithSlice
  21:          4946        3796992  <constantPoolCacheKlass>
  22:          6249        3299816  <methodDataKlass>
  23:         58733        3289048  org.apache.lucene.codecs.lucene41.Lucene41PostingsWriter$PendingTerm
  24:          9889        3228992  [Lorg.apache.lucene.util.fst.FST$Arc;
  25:         30066        2642456  [Ljava.lang.Object;
  26:         44334        2482704  java.util.HashMap
  27:         96419        2314056  org.apache.lucene.util.BytesRef
  28:         38944        2047048  [Lorg.apache.lucene.index.MultiDocsEnum$EnumWithSlice;
  29:         45866        1834640  java.util.LinkedHashMap$Entry
  30:         23642        1702224  org.apache.lucene.util.fst.FST$Arc
  31:         57911        1389864  org.apache.lucene.codecs.TermStats
  32:         57910        1389840  org.apache.lucene.codecs.BlockTreeTermsWriter$PendingTerm
  33:         11768        1223872  org.apache.lucene.codecs.lucene41.Lucene41PostingsReader$IntBlockTermState
  34:          8562        1164432  org.apache.lucene.codecs.BlockTreeTermsReader$FieldReader$SegmentTermsEnum$Frame
  35:         26276        1051040  org.apache.lucene.document.FieldType
  36:         26093        1043720  org.apache.lucene.document.Field
  37:         17339         969680  [Lorg.apache.lucene.index.MultiDocsAndPositionsEnum$EnumWithSlice;
  38:         12418         894096  java.lang.reflect.Field
  39:          6353         761640  java.lang.Class
  40:         22549         721568  java.util.concurrent.ConcurrentHashMap$HashEntry
  41:         29860         716640  org.apache.lucene.store.ByteArrayDataInput
  42:         17236         689440  java.util.TreeMap$Entry
  43:          6272         652288  org.apache.lucene.util.fst.FST
  44:         15679         627160  org.apache.lucene.document.StoredField
  45:          4437         543112  [Ljava.util.concurrent.ConcurrentHashMap$HashEntry;
  46:         20890         501360  java.util.ArrayList
  47:         20847         500328  java.lang.Long
  48:         20253         486072  java.lang.Double
  49:          3473         471712  [Ljava.nio.ByteBuffer;
  50:           644         466968  [[C
  51:         11514         460560  sun.nio.cs.UTF_8$Decoder
  52:          8790         436344  [[I
  53:          6363         407232  java.util.LinkedHashMap
  54:          8130         390240  org.apache.tomcat.util.buf.ByteChunk
  55:          6065         339640  org.apache.tomcat.util.buf.MessageBytes
  56:         14023         336552  java.util.concurrent.ConcurrentSkipListMap$Node
  57:          4201         336080  java.lang.reflect.Method
  58:          8159         326360  com.sun.org.apache.xerces.internal.dom.DeferredTextImpl
  59:          4410         317520  org.apache.lucene.codecs.BlockTreeTermsReader$FieldReader
  60:          8880         284160  org.apache.lucene.util.WeakIdentityMap$IdentityWeakReference
  61:          6869         274760  org.apache.lucene.util.fst.BytesStore
  62:          6783         271320  org.apache.lucene.index.FieldInfo
  63:          8396         268672  java.util.Collections$UnmodifiableMap
  64:          6339         253560  org.apache.tomcat.util.buf.CharChunk
  65:           429         247104  <objArrayKlassKlass>
  66:          3416         245952  org.apache.lucene.store.MMapDirectory$MMapIndexInput
  67:         10211         245064  org.apache.lucene.util.AttributeSource$State
  68:          4339         242984  org.apache.lucene.index.SegmentInfoPerCommit
  69:         10020         240480  org.apache.lucene.util.automaton.Transition
  70:          4752         233552  [Ljava.lang.String;
  71:          9584         230016  org.apache.lucene.util.fst.Builder$CompiledNode
  72:          3094         222768  com.sun.org.apache.xerces.internal.dom.DeferredElementNSImpl
  73:          1943         217616  java.util.GregorianCalendar
  74:         13563         217008  java.lang.Object
  75:          3378         216192  java.nio.DirectByteBufferR
  76:          1436         206784  java.text.DecimalFormat
  77:          5078         203120  java.util.ArrayList$SubList
  78:          2291         196752  [Ljava.util.WeakHashMap$Entry;
  79:          1943         186528  sun.util.calendar.Gregorian$Date
  80:          3689         177072  org.apache.lucene.index.SegmentInfo
  81:          3655         175440  com.sun.org.apache.xerces.internal.dom.DeferredAttrNSImpl
  82:          5460         174720  org.apache.lucene.util.automaton.State
  83:          6612         158688  java.util.concurrent.ConcurrentSkipListMap$Index
  84:          3966         158640  java.util.concurrent.ConcurrentHashMap$Segment
  85:          4727         151264  java.util.Hashtable$Entry
  86:          4653         148896  java.util.concurrent.locks.ReentrantLock$NonfairSync
  87:          2243         147720  [Lorg.apache.lucene.util.fst.Builder$UnCompiledNode;
  88:          2821         147136  [Lorg.apache.lucene.index.TermState;
  89:          5460         145632  [Lorg.apache.lucene.util.automaton.Transition;
  90:          1256         140672  org.apache.lucene.codecs.lucene41.Lucene41PostingsReader$BlockDocsEnum
  91:          5564         133536  org.apache.lucene.util.fst.ReverseBytesReader
  92:          2050         131200  org.apache.lucene.codecs.BlockTreeTermsReader$FieldReader$SegmentTermsEnum
  93:          8024         128384  java.util.HashSet
  94:          2286         128016  java.util.WeakHashMap
  95:          2604         124992  org.apache.catalina.loader.ResourceEntry
  96:          7690         123040  java.util.HashMap$EntrySet
  97:          1668         122152  [Ljava.util.Hashtable$Entry;
  98:          3742         119744  java.lang.ThreadLocal$ThreadLocalMap$Entry
  99:          3724         119168  java.util.LinkedList
 100:          7416         118656  java.lang.Character
 101:          4824         115776  org.apache.lucene.util.IntsRef
 102:          2389         114672  org.apache.lucene.codecs.BlockTreeTermsWriter$PendingBlock
 103:          2817         112680  java.util.HashMap$KeyIterator
 104:          2553         110632  [Z
 105:          1919         107464  org.apache.lucene.util.fst.Builder
 106:          4417         106008  java.util.concurrent.atomic.AtomicLong
 107:          6440         103040  java.util.HashMap$KeySet
 108:          2554         102160  java.util.WeakHashMap$Entry
 109:          1156         101728  org.apache.lucene.index.TermsHashPerField
 110:          1573         100672  java.text.DecimalFormatSymbols
 111:          1337          96264  java.lang.reflect.Constructor
 112:          2967          94944  java.lang.ref.WeakReference
 113:          2944          94208  java.lang.ref.ReferenceQueue
 114:          2345          93800  com.sun.org.apache.xerces.internal.dom.DeferredCommentImpl
 115:          2821          90272  org.apache.lucene.index.TermContext
 116:          1089          87120  [Ljava.util.concurrent.ConcurrentHashMap$Segment;
 117:          2703          86496  java.lang.StackTraceElement
 118:          2161          86440  org.tartarus.snowball.Among
 119:          3667          84768  [Lorg.apache.lucene.codecs.BlockTreeTermsReader$FieldReader$SegmentTermsEnum$Frame;
 120:          1730          83040  org.apache.lucene.store.RAMOutputStream
 121:          1919          76760  org.apache.lucene.util.fst.NodeHash
 122:          1894          75760  java.lang.ref.SoftReference
 123:           144          75696  [Lorg.apache.lucene.index.TermContext;
 124:          3107          74568  com.sun.org.apache.xerces.internal.dom.AttributeMap
 125:          4658          74528  java.util.concurrent.atomic.AtomicInteger
 126:          1829          73160  org.apache.lucene.store.RAMFile
 127:          3723          71240  [Ljava.lang.Class;
 128:          1269          71064  org.apache.lucene.store.RAMInputStream
 129:          2957          70968  java.lang.StringBuilder
 130:          2948          70752  java.util.Date
 131:          2195          70240  org.apache.lucene.search.TermQuery
 132:          1227          68712  java.util.Properties
 133:          1215          68040  org.apache.lucene.util.BytesRefHash
 134:          2817          67608  org.apache.lucene.analysis.tokenattributes.OffsetAttributeImpl
 135:          2816          67584  org.apache.solr.update.VersionBucket
 136:          2730          65520  [Lorg.apache.lucene.util.AttributeSource$State;
 137:          1357          65136  org.apache.solr.parser.Token
 138:          1010          64640  java.text.SimpleDateFormat
 139:          1135          63560  org.wltea.analyzer.core.AnalyzeContext
 140:          1135          63560  org.wltea.analyzer.lucene.IKTokenizer
 141:          1982          63424  org.apache.lucene.util.packed.GrowableWriter
 142:          2603          62472  java.io.File
 143:          1541          61640  java.util.Formatter$FormatSpecifier
 144:          1919          61408  org.apache.lucene.util.fst.BytesStore$2
 145:           749          59920  [Ljava.lang.reflect.Field;
 146:          2454          58896  javax.management.ObjectName$Property
 147:          2258          58056  [Ljavax.management.ObjectName$Property;
 148:           516          57792  org.apache.lucene.codecs.BlockTreeTermsWriter$TermsWriter
 149:           345          57680  [Ljava.lang.ThreadLocal$ThreadLocalMap$Entry;
 150:          2396          57504  org.apache.lucene.analysis.tokenattributes.CharTermAttributeImpl
 151:          1436          57440  java.text.DigitList
 152:          2369          56856  org.apache.lucene.index.Term
 153:           815          52160  org.apache.solr.analysis.TrieTokenizer
 154:          1307          52120  [Ljava.util.Formatter$Flags;
 155:          1078          51744  java.util.concurrent.ConcurrentHashMap
 156:          3231          51696  java.util.HashMap$Values
 157:          1068          51264  org.apache.lucene.index.ByteSliceReader
 158:           914          51184  org.apache.lucene.util.fst.BytesRefFSTEnum
 159:          1593          50976  org.apache.tomcat.util.http.MimeHeaderField
 160:          1044          50112  org.apache.lucene.analysis.NumericTokenStream
 161:          1236          49440  org.apache.lucene.analysis.NumericTokenStream$NumericTermAttributeImpl
 162:          2060          49440  org.apache.lucene.analysis.Analyzer$TokenStreamComponents
 163:          2010          48240  org.apache.lucene.util.packed.Direct8
 164:          2946          47136  java.lang.ref.ReferenceQueue$Lock
 165:          1135          45400  org.wltea.analyzer.core.LetterSegmenter
 166:          1091          43640  javax.management.ObjectName
 167:          1804          43296  org.apache.lucene.search.BooleanClause
 168:          1735          41640  java.util.LinkedList$Node
 169:           639          40896  javax.management.openmbean.OpenMBeanAttributeInfoSupport
 170:          2548          40768  java.lang.Integer
 171:          1675          40200  org.apache.lucene.index.IndexFileDeleter$RefCount
 172:          1221          39072  org.apache.solr.analysis.TokenizerChain
 173:          2371          37936  org.apache.lucene.analysis.tokenattributes.TypeAttributeImpl
 174:          1185          37920  java.util.ArrayList$Itr
 175:           780          37440  org.apache.tomcat.util.modeler.AttributeInfo
 176:           766          36768  org.apache.lucene.codecs.compressing.CompressingStoredFieldsIndexReader
 177:           766          36768  org.apache.lucene.codecs.compressing.CompressingStoredFieldsReader
 178:          1526          36624  java.io.FileDescriptor
 179:          1135          36320  org.wltea.analyzer.core.IKSegmenter
 180:          1129          36128  javax.management.MBeanAttributeInfo
 181:          2254          36064  org.apache.lucene.analysis.tokenattributes.PositionIncrementAttributeImpl
 182:           750          36000  java.nio.HeapByteBuffer
 183:          1479          35496  java.util.Collections$UnmodifiableCollection$1
 184:          1430          34320  org.apache.lucene.util.CloseableThreadLocal
 185:           601          33656  org.apache.lucene.codecs.BlockTreeTermsWriter$FieldMetaData
 186:           462          33264  org.apache.solr.schema.TextField
 187:           578          32368  org.apache.lucene.index.TermVectorsConsumerPerField
 188:           662          31776  java.nio.HeapCharBuffer
 189:           793          31720  java.io.StringReader
 190:          1918          30688  java.lang.ThreadLocal
 191:           762          30480  java.util.HashMap$EntryIterator
 192:           633          30384  org.apache.solr.util.stats.EWMA
 193:           236          30208  org.apache.lucene.codecs.lucene41.Lucene41SkipReader
 194:          1244          29856  org.wltea.analyzer.core.QuickSortSet
 195:           263          29456  java.net.SocksSocketImpl
 196:           517          28952  org.apache.lucene.analysis.util.CharArrayMap
 197:          1100          28688  [Lorg.apache.lucene.analysis.util.TokenFilterFactory;
 198:           578          27744  org.apache.lucene.index.FieldInvertState
 199:          1156          27744  org.apache.lucene.index.TermsHashPerField$PostingsBytesStartArray
 200:           578          27744  org.apache.lucene.index.DocFieldProcessorPerField
 201:           578          27744  org.apache.lucene.index.FreqProxTermsWriterPerField
 202:           690          27600  sun.misc.Cleaner
 203:           681          27240  java.lang.ref.Finalizer
 204:          1135          27240  org.wltea.analyzer.cfg.DefaultConfig
 205:          1135          27240  org.wltea.analyzer.core.CN_QuantifierSegmenter
 206:           710          26112  [Lorg.apache.lucene.index.IndexableField;
 207:           544          26112  java.util.TreeMap
 208:          1077          25848  com.sun.jmx.mbeanserver.NamedObject
 209:           236          25744  [Ljava.lang.StackTraceElement;
 210:          1551          24816  java.util.Formatter$Flags
 211:           616          24640  java.math.BigInteger
 212:           428          23968  java.util.Hashtable
 213:           498          23904  org.apache.lucene.index.AtomicReaderContext
 214:           594          23760  sun.nio.ch.FileChannelImpl$Unmapper
 215:           594          23760  org.apache.solr.util.ConcurrentLRUCache$CacheEntry
 216:           742          23744  org.apache.lucene.document.Field$ReusableStringReader
 217:          1459          23344  org.apache.lucene.document.Document
 218:           137          23016  org.apache.catalina.connector.Request
 219:           719          23008  sun.security.util.DerValue
 220:           719          23008  sun.security.util.DerInputBuffer
 221:          1426          22816  java.util.Collections$UnmodifiableSet
 222:           946          22704  java.util.Formatter$FixedString
 223:           322          22632  [Lorg.apache.lucene.index.DocFieldProcessorPerField;
 224:          1408          22528  org.apache.lucene.analysis.Analyzer$GlobalReuseStrategy
 225:           469          22512  org.apache.lucene.index.FreqProxTermsWriterPerField$FreqProxPostingsArray
 226:           562          22480  org.apache.solr.search.DocSlice
 227:           562          22480  org.apache.solr.schema.SchemaField
 228:           560          22400  org.apache.solr.search.QueryResultKey
 229:           558          22320  org.apache.lucene.search.SortField
 230:           914          21936  org.apache.lucene.util.fst.BytesRefFSTEnum$InputOutput
 231:           137          21920  org.apache.coyote.Request
 232:           908          21792  java.util.Collections$SynchronizedSet
 233:           529          21160  org.apache.lucene.util.packed.Packed64
 234:            48          21048  [[Lorg.apache.lucene.util.automaton.Transition;
 235:           657          21024  org.apache.lucene.index.MultiTermsEnum$TermsEnumWithSlice
 236:           875          21000  org.apache.lucene.index.ReaderSlice
 237:           645          20640  java.util.LinkedHashMap$ValueIterator
 238:           133          20216  [Lorg.apache.lucene.util.packed.PackedInts$Encoder;
 239:           133          20216  [Lorg.apache.lucene.util.packed.PackedInts$Decoder;
 240:           629          20128  com.sun.org.apache.xerces.internal.xni.QName
 241:           276          19872  java.util.logging.Logger
 242:           821          19704  org.apache.solr.core.JmxMonitoredMap$SolrDynamicMBean
 243:           158          19536  [Lorg.apache.lucene.index.FieldInfo;
 244:           609          19488  org.apache.lucene.codecs.lucene42.Lucene42DocValuesProducer$NumericEntry
 245:           485          19400  org.apache.solr.core.PluginInfo
 246:           606          19392  org.apache.lucene.search.BooleanQuery
 247:           346          19376  java.text.DateFormatSymbols
 248:           248          18560  [[I
 249:           578          18496  org.apache.lucene.index.NormsConsumerPerField
 250:           578          18496  org.apache.lucene.index.DocInverterPerField
 251:           177          18408  java.lang.Thread
 252:          1135          18160  org.wltea.analyzer.core.IKArbitrator
 253:          1135          18160  org.wltea.analyzer.core.CJKSegmenter
 254:           378          17968  [Lorg.apache.lucene.index.ReaderSlice;
 255:           741          17784  java.util.Collections$SingletonList
 256:           441          17640  org.apache.lucene.util.BytesRefHash$1
 257:           441          17640  org.apache.lucene.index.TermVectorsConsumerPerField$TermVectorsPostingsArray
 258:           137          17536  org.apache.coyote.http11.Http11Processor
 259:           719          17256  sun.security.util.DerInputStream
 260:           537          17184  java.io.RandomAccessFile
 261:           715          17160  sun.security.x509.RDN
 262:           715          17160  sun.security.x509.AVA
 263:           715          17160  [Lsun.security.x509.AVA;
 264:           303          16968  sun.util.calendar.ZoneInfo
 265:           299          16744  org.apache.lucene.util.packed.PackedReaderIterator
 266:          1044          16704  org.apache.lucene.analysis.NumericTokenStream$NumericAttributeFactory
 267:           347          16656  java.util.WeakHashMap$KeyIterator
 268:           122          16592  org.apache.solr.search.SolrQueryParser
 269:           336          16128  org.apache.lucene.document.Field$StringTokenStream
 270:           646          15504  org.apache.lucene.index.MultiTermsEnum$TermsEnumIndex
 271:           319          15312  sun.util.locale.LocaleObjectCache$CacheEntry
 272:           303          15280  [[B
 273:           473          15136  java.util.Vector
 274:           626          15024  org.apache.lucene.util.WeakIdentityMap
 275:           268          15008  java.lang.Package
 276:           459          14688  org.wltea.analyzer.dic.Hit
 277:           337          14552  [Lorg.apache.lucene.util.packed.PackedInts$Reader;
 278:           224          14336  com.mysql.jdbc.ConnectionPropertiesImpl$BooleanConnectionProperty
 279:           594          14256  [Ljavax.management.Descriptor;
 280:           437          13984  sun.security.util.ObjectIdentifier
 281:           285          13680  java.util.logging.LogManager$LoggerWeakRef
 282:           425          13600  org.apache.lucene.search.TermScorer
 283:           425          13600  org.apache.lucene.search.similarities.TFIDFSimilarity$ExactTFIDFDocScorer
 284:           566          13576  [Lorg.apache.lucene.search.SortField;
 285:           274          13568  [Lorg.apache.tomcat.util.http.MimeHeaderField;
 286:           281          13488  java.util.concurrent.locks.ReentrantReadWriteLock$NonfairSync
 287:           236          13216  [Lorg.apache.lucene.store.IndexInput;
 288:           407          13024  org.apache.lucene.analysis.core.StopFilterFactory
 289:           232          12992  sun.nio.ch.FileChannelImpl
 290:           127          12488  [Ljava.util.Formatter$FormatString;
 291:           515          12360  java.lang.StringBuffer
 292:           771          12336  org.apache.solr.common.util.NamedList
 293:           255          12248  [Lorg.apache.lucene.index.Terms;
 294:           137          12056  org.apache.catalina.connector.InputBuffer
 295:           137          12056  org.apache.coyote.RequestInfo
 296:           137          12056  org.apache.coyote.Response
 297:           251          12048  java.net.SocketInputStream
 298:           374          11968  org.apache.lucene.analysis.standard.StandardTokenizerFactory
 299:           373          11936  java.util.concurrent.ConcurrentSkipListMap$HeadIndex
 300:           211          11816  org.apache.solr.util.stats.Meter
 301:           211          11816  org.apache.solr.util.stats.ExponentiallyDecayingSample
 302:           486          11664  sun.reflect.NativeConstructorAccessorImpl
 303:           225          11664  [Lorg.apache.lucene.index.MultiTermsEnum$TermsEnumWithSlice;
 304:           180          11520  sun.reflect.DelegatingClassLoader
 305:           360          11520  org.apache.lucene.search.FieldValueHitQueue$Entry
 306:           360          11520  org.apache.lucene.search.FieldDoc
 307:           358          11456  java.util.LinkedHashMap$EntryIterator
 308:            11          11440  [Lorg.apache.solr.update.VersionBucket;
 309:           177          11328  java.net.URL
 310:           354          11328  java.io.IOException
 311:           154          11160  [Ljavax.management.MBeanAttributeInfo;
 312:           151          10872  java.util.logging.LogRecord
 313:           678          10848  java.util.concurrent.locks.ReentrantLock
 314:           449          10776  [Lorg.apache.lucene.util.packed.PackedInts$Format;
 315:           383          10624  [Ljava.io.Closeable;
 316:           221          10608  org.apache.lucene.index.SegmentReader
 317:           649          10560  [Lorg.apache.lucene.analysis.util.CharFilterFactory;
 318:           438          10512  org.apache.juli.ClassLoaderLogManager$LogNode
 319:           186          10416  org.apache.lucene.index.TermsHash
 320:           118          10384  org.apache.naming.resources.FileDirContext$FileResourceAttributes
 321:           431          10344  org.apache.solr.common.SolrInputField$1
 322:           431          10344  org.apache.solr.common.SolrInputField
 323:           184          10304  org.apache.naming.resources.CacheEntry
 324:            91          10216  [Lorg.tartarus.snowball.Among;
 325:           211          10128  java.util.concurrent.ConcurrentSkipListMap
 326:           210          10080  java.util.StringTokenizer
 327:           247           9880  java.security.ProtectionDomain
 328:           137           9864  org.apache.catalina.connector.OutputBuffer
 329:           245           9800  org.apache.lucene.util.ByteBlockPool
 330:           244           9760  org.apache.solr.parser.FastCharStream
 331:           121           9680  org.apache.solr.update.TransactionLog
 332:           151           9664  java.util.regex.Matcher
 333:           240           9600  org.apache.tomcat.util.modeler.OperationInfo
 334:            54           9544  [Ljava.lang.reflect.Method;
 335:           396           9504  org.apache.lucene.analysis.core.LowerCaseFilterFactory
 336:           169           9464  java.security.Provider$Service
 337:           558           8928  org.apache.lucene.search.Sort
 338:            93           8928  org.apache.lucene.index.DocumentsWriterPerThread
 339:           371           8904  java.text.ParsePosition
 340:           222           8880  org.apache.tomcat.util.modeler.BaseModelMBean
 341:           553           8848  sun.reflect.DelegatingConstructorAccessorImpl
 342:           137           8768  org.apache.catalina.connector.Response
 343:           274           8768  [Lorg.apache.coyote.http11.OutputFilter;
 344:           137           8768  org.apache.tomcat.util.http.Parameters
 345:           137           8768  org.apache.coyote.http11.InternalInputBuffer
 346:           274           8768  [Lorg.apache.coyote.http11.InputFilter;
 347:           120           8640  org.apache.lucene.index.SegmentCoreReaders
 348:           270           8640  org.apache.solr.update.UpdateLog$LogPtr
 349:           153           8568  org.apache.lucene.store.FSDirectory$FSIndexOutput
 350:           211           8440  org.apache.solr.util.stats.Histogram
 351:           516           8256  org.apache.lucene.codecs.BlockTreeTermsWriter$TermsWriter$FindBlocks
 352:           172           8256  sun.security.x509.X500Name
 353:           257           8224  org.wltea.analyzer.core.QuickSortSet$Cell
 354:           257           8224  java.net.Socket
 355:           341           8184  java.lang.ThreadLocal$ThreadLocalMap
 356:           204           8160  javax.management.MBeanOperationInfo
 357:           254           8128  org.apache.lucene.index.MultiTerms
 358:           507           8112  org.apache.lucene.analysis.util.CharArraySet
 359:           337           8088  java.util.concurrent.CopyOnWriteArrayList
 360:           110           7920  org.apache.solr.schema.DateField$ISO8601CanonicalDateFormat
 361:           328           7872  java.util.regex.Pattern$5
 362:           246           7872  java.security.CodeSource
 363:           140           7840  java.util.ResourceBundle$CacheKey
 364:           244           7808  org.apache.solr.parser.QueryParser$JJCalls
 365:           242           7744  org.apache.solr.analysis.TrieTokenizerFactory
 366:           241           7712  sun.security.x509.AlgorithmId
 367:           137           7672  org.apache.catalina.util.ParameterMap
 368:           137           7672  org.apache.coyote.http11.InternalOutputBuffer
 369:           137           7672  [Lorg.apache.catalina.core.ApplicationFilterConfig;
 370:           137           7672  org.apache.catalina.connector.CoyoteWriter
 371:           137           7672  org.apache.catalina.connector.CoyoteReader
 372:           188           7520  java.util.concurrent.ConcurrentHashMap$KeyIterator
 373:           311           7464  java.security.Provider$ServiceKey
 374:           186           7440  org.apache.lucene.util.IntBlockPool
 375:           132           7392  javax.management.MBeanServerNotification
 376:           154           7392  javax.management.MBeanInfo
 377:           304           7296  org.apache.lucene.search.FieldCacheImpl$CacheKey
 378:           300           7200  org.apache.lucene.document.DocumentStoredFieldVisitor
 379:           299           7176  org.apache.lucene.util.LongsRef
 380:           448           7168  java.util.LinkedHashSet
 381:           221           7072  java.util.Random
 382:           293           7032  java.util.concurrent.locks.ReentrantReadWriteLock
 383:           291           6984  org.apache.lucene.codecs.lucene42.Lucene42DocValuesProducer$3
 384:           122           6832  org.apache.solr.search.LuceneQParser
 385:           122           6832  org.apache.solr.parser.QueryParserTokenManager
 386:           213           6816  java.util.LinkedList$ListItr
 387:           211           6752  org.apache.solr.util.stats.Timer
 388:           421           6736  org.apache.solr.search.SortedIntDocSet
 389:           120           6720  org.apache.lucene.codecs.BlockTreeTermsReader
 390:           140           6720  java.util.ResourceBundle$BundleReference
 391:           120           6720  org.apache.solr.util.ConcurrentLRUCache
 392:           278           6672  java.util.Collections$SetFromMap
 393:           208           6656  org.apache.lucene.search.ConjunctionTermScorer$DocsAndFreqs
 394:            41           6616  [[Ljava.lang.Object;
 395:           137           6576  sun.nio.cs.StreamDecoder
 396:           137           6576  org.apache.tomcat.util.http.mapper.MappingData
 397:           274           6576  org.apache.tomcat.util.http.MimeHeaders
 398:           137           6576  org.apache.coyote.http11.filters.ChunkedInputFilter
 399:           270           6480  java.net.InetAddress$InetAddressHolder
 400:           101           6464  java.nio.DirectByteBuffer
 401:            80           6400  sun.security.x509.X509CertImpl
 402:           159           6360  sun.util.locale.BaseLocale$Key
 403:           264           6336  javax.management.NotificationBroadcasterSupport$SendNotifJob
 404:           198           6336  org.apache.lucene.util.OpenBitSet
 405:           256           6144  java.net.Inet4Address
 406:           128           6144  org.apache.lucene.search.NumericRangeQuery
 407:           190           6080  org.apache.lucene.codecs.MultiLevelSkipListReader$SkipBuffer
 408:           126           6048  sun.nio.cs.UTF_8$Encoder
 409:           172           6032  [Lsun.security.x509.RDN;
 410:           188           6016  org.apache.tomcat.util.modeler.ParameterInfo
 411:           150           6000  org.wltea.analyzer.core.LexemePath
 412:            93           5952  org.apache.lucene.index.TermVectorsConsumer
 413:           245           5880  org.apache.lucene.util.Counter$SerialCounter
 414:           180           5760  javax.management.MBeanParameterInfo
 415:           144           5760  java.util.HashMap$ValueIterator
 416:           124           5736  [Lorg.apache.lucene.index.Fields;
 417:           143           5720  org.apache.lucene.analysis.snowball.SnowballPorterFilterFactory
 418:           119           5712  org.apache.lucene.codecs.lucene42.Lucene42DocValuesProducer
 419:           237           5688  java.util.Collections$UnmodifiableRandomAccessList
 420:           142           5680  org.apache.solr.util.ConcurrentLRUCache$Stats
 421:           176           5632  java.util.TreeMap$ValueIterator
 422:           232           5568  sun.nio.ch.NativeThreadSet
 423:            38           5536  [Lcom.sun.org.apache.xerces.internal.xni.QName;
 424:           138           5520  org.apache.lucene.index.BufferedDeletes
 425:           138           5520  org.apache.catalina.valves.AccessLogValve$AccessDateStruct
 426:           137           5480  org.apache.coyote.http11.filters.IdentityInputFilter
 427:           137           5480  sun.nio.cs.ISO_8859_1$Decoder
 428:           169           5408  org.apache.solr.schema.FieldType$DefaultAnalyzer
 429:            75           5400  org.apache.lucene.index.MultiTermsEnum
 430:           337           5392  org.apache.solr.common.SolrDocument
 431:           166           5312  org.wltea.analyzer.core.Lexeme
 432:            22           5280  org.apache.catalina.core.StandardWrapper
 433:            93           5208  org.apache.lucene.index.StoredFieldsProcessor
 434:            93           5208  org.apache.lucene.index.DocFieldProcessor
 435:           162           5184  org.apache.lucene.search.ConstantScoreQuery$ConstantScorer
 436:           323           5168  java.util.WeakHashMap$KeySet
 437:           161           5152  org.apache.lucene.index.FieldInfos
 438:           159           5088  <compiledICHolderKlass>
 439:           159           5088  sun.util.locale.BaseLocale
 440:           126           5040  sun.misc.FloatingDecimal
 441:            90           5040  org.apache.tomcat.util.modeler.ManagedBean
 442:           105           5040  java.util.concurrent.FutureTask$Sync
 443:           240           5024  [Lorg.apache.tomcat.util.modeler.ParameterInfo;
 444:           102           4896  org.apache.lucene.index.ReadersAndLiveDocs
 445:           102           4896  org.apache.lucene.search.BooleanScorer2
 446:           306           4896  org.apache.solr.common.util.SimpleOrderedMap
 447:           202           4848  java.util.regex.Pattern$1
 448:           303           4848  java.util.concurrent.ConcurrentHashMap$KeySet
 449:           151           4832  org.apache.solr.common.util.FastOutputStream
 450:           198           4752  org.apache.solr.search.BitDocSet
 451:            99           4752  org.apache.lucene.analysis.core.KeywordTokenizer
 452:            84           4704  org.apache.lucene.search.NumericRangeQuery$NumericRangeTermsEnum
 453:           196           4704  javax.management.ImmutableDescriptor
 454:           293           4688  java.util.concurrent.locks.ReentrantReadWriteLock$Sync$ThreadLocalHoldCounter
 455:           293           4688  java.util.concurrent.locks.ReentrantReadWriteLock$ReadLock
 456:           293           4688  java.util.concurrent.locks.ReentrantReadWriteLock$WriteLock
 457:           117           4680  org.apache.naming.resources.FileDirContext$FileResource
 458:           116           4640  java.io.ObjectStreamField
 459:             8           4608  <typeArrayKlassKlass>
 460:            96           4608  org.apache.lucene.analysis.CachingTokenFilter
 461:           188           4512  org.apache.lucene.store.MMapDirectory$MMapIndexInput$1
 462:            94           4512  org.apache.lucene.search.CollectionStatistics
 463:           106           4496  [F
 464:           140           4480  java.util.ResourceBundle$LoaderReference
 465:            80           4480  sun.security.x509.X509CertInfo
 466:            80           4480  sun.security.util.MemoryCache$SoftCacheEntry
 467:            93           4464  org.apache.tomcat.util.digester.CallMethodRule
 468:           139           4448  [Ljava.text.SimpleDateFormat;
 469:           138           4416  org.apache.tomcat.util.http.mapper.Mapper$Wrapper
 470:           137           4384  org.apache.tomcat.util.net.JIoEndpoint$Worker
 471:           137           4384  org.apache.catalina.util.StringParser
 472:           137           4384  org.apache.tomcat.util.http.Cookies
 473:           137           4384  org.apache.catalina.core.ApplicationFilterChain
 474:           137           4384  [Lorg.apache.tomcat.util.http.ServerCookie;
 475:           137           4384  org.apache.coyote.http11.filters.IdentityOutputFilter
 476:           137           4384  org.apache.tomcat.util.buf.B2CConverter
 477:           137           4384  org.apache.tomcat.util.buf.UEncoder
 478:           137           4384  org.apache.coyote.http11.filters.BufferedInputFilter
 479:            68           4352  com.mysql.jdbc.ConnectionPropertiesImpl$StringConnectionProperty
 480:           135           4320  java.util.LinkedHashMap$KeyIterator
 481:           178           4272  sun.reflect.UnsafeObjectFieldAccessorImpl
 482:           133           4256  org.apache.lucene.codecs.lucene41.ForUtil
 483:           131           4192  java.util.concurrent.locks.ReentrantLock$FairSync
 484:            58           4176  java.util.regex.Pattern
 485:           130           4160  com.sun.jmx.mbeanserver.ConvertingMethod
 486:             1           4112  [Lcom.sun.org.apache.xpath.internal.objects.XObject;
 487:           127           4064  java.util.Formatter
 488:            56           4032  com.mysql.jdbc.ConnectionPropertiesImpl$IntegerConnectionProperty
 489:            72           4032  java.util.concurrent.ScheduledThreadPoolExecutor$ScheduledFutureTask
 490:             1           4016  [Lorg.apache.tomcat.util.net.JIoEndpoint$Worker;
 491:            50           4000  org.apache.solr.search.LRUCache
 492:           125           4000  java.io.FileInputStream
 493:            83           3984  com.sun.org.apache.xerces.internal.dom.AttrNSImpl
 494:           247           3952  java.security.ProtectionDomain$Key
 495:           247           3952  [Ljava.security.Principal;
 496:           164           3936  java.util.Locale
 497:           122           3904  org.apache.solr.parser.QueryParser$LookaheadSuccess
 498:           121           3872  java.util.concurrent.locks.AbstractQueuedSynchronizer$Node
 499:           121           3872  java.nio.channels.Channels$1
 500:           120           3840  org.apache.lucene.index.SegmentCoreReaders$1
 501:           120           3840  org.apache.lucene.index.SegmentCoreReaders$2
 502:           120           3840  org.apache.lucene.index.SegmentCoreReaders$3
 503:           120           3840  org.apache.lucene.index.SegmentCoreReaders$4
 504:           120           3840  org.apache.lucene.codecs.lucene41.Lucene41PostingsReader
 505:            74           3824  [Lorg.apache.lucene.index.MultiTermsEnum$TermsEnumIndex;
 506:           159           3816  java.util.Locale$LocaleKey
 507:           119           3808  java.lang.Throwable
 508:            24           3776  [Ljava.util.concurrent.RunnableScheduledFuture;
 509:           157           3768  com.sun.org.apache.xerces.internal.util.XMLStringBuffer
 510:           157           3768  org.apache.lucene.util.ArrayUtil$1
 511:            94           3760  org.apache.lucene.search.similarities.TFIDFSimilarity$IDFStats
 512:           118           3760  [Ljava.util.logging.Handler;
 513:            72           3752  [Lorg.apache.lucene.index.DocsEnum;
 514:           233           3728  sun.nio.ch.FileDispatcherImpl
 515:            93           3720  org.apache.lucene.index.DocumentsWriterPerThread$DocState
 516:           116           3712  org.apache.lucene.store.ByteArrayDataOutput
 517:           143           3696  [Lorg.apache.lucene.search.ConjunctionTermScorer$DocsAndFreqs;
 518:           154           3696  java.util.BitSet
 519:           154           3696  java.util.concurrent.CopyOnWriteArrayList$COWIterator
 520:            77           3696  java.util.Hashtable$Enumerator
 521:            77           3696  org.apache.lucene.search.BooleanScorer2$2
 522:           115           3680  com.sun.org.apache.xerces.internal.util.SymbolTable$Entry
 523:            92           3680  org.apache.lucene.search.ConjunctionTermScorer
 524:            50           3600  org.apache.solr.search.LRUCache$1
 525:            25           3600  org.apache.solr.search.SolrIndexSearcher
 526:            64           3584  org.apache.lucene.index.SegmentInfos
 527:             5           3560  [Lcom.sun.org.apache.xerces.internal.util.SymbolTable$Entry;
 528:           222           3552  java.nio.channels.spi.AbstractInterruptibleChannel$1
 529:            44           3520  com.google.common.cache.LocalCache$Segment
 530:            72           3456  org.apache.lucene.index.MultiDocsEnum
 531:            72           3456  org.apache.lucene.codecs.MappingMultiDocsEnum
 532:            33           3432  java.io.ObjectStreamClass
 533:           142           3408  com.sun.org.apache.xerces.internal.xni.XMLString
 534:           212           3392  java.util.concurrent.atomic.AtomicReference
 535:           106           3392  org.apache.lucene.store.TrackingDirectoryWrapper
 536:           105           3360  org.apache.lucene.util.AttributeSource
 537:            21           3360  org.apache.lucene.codecs.lucene41.Lucene41PostingsReader$BlockDocsAndPositionsEnum
 538:           210           3360  java.lang.Character$UnicodeBlock
 539:           209           3344  java.util.concurrent.ConcurrentSkipListMap$Values
 540:           137           3288  org.apache.tomcat.util.buf.ReadConvertor
 541:           137           3288  org.apache.coyote.http11.filters.GzipOutputFilter$FakeOutputStream
 542:           137           3288  org.apache.coyote.http11.filters.ChunkedOutputFilter
 543:           137           3288  org.apache.coyote.http11.filters.GzipOutputFilter
 544:           102           3264  org.apache.lucene.util.packed.AppendingLongBuffer$Iterator
 545:           102           3264  org.apache.lucene.index.NumericDocValuesWriter$NumericIterator
 546:           135           3240  org.apache.lucene.util.FixedBitSet
 547:           135           3240  java.util.concurrent.ConcurrentLinkedQueue$Node
 548:           100           3200  org.apache.solr.search.SolrCacheBase$AutoWarmCountRef
 549:           127           3184  [Ljavax.management.MBeanParameterInfo;
 550:           198           3168  org.apache.solr.common.params.MapSolrParams
 551:            98           3136  org.apache.lucene.index.MergedIterator
 552:            77           3080  org.apache.solr.response.SolrQueryResponse
 553:            64           3072  com.sun.org.apache.xerces.internal.util.XMLAttributesImpl$Attribute
 554:            96           3072  org.apache.lucene.index.DocumentsWriterPerThreadPool$ThreadState
 555:            95           3040  org.apache.lucene.index.PrefixCodedTerms$PrefixCodedTermsIterator
 556:           190           3040  java.util.Collections$UnmodifiableCollection
 557:            95           3040  java.nio.DirectByteBuffer$Deallocator
 558:            76           3040  sun.security.rsa.RSAPublicKeyImpl
 559:           190           3040  sun.reflect.DelegatingMethodAccessorImpl
 560:            94           3008  org.apache.lucene.search.TermQuery$TermWeight
 561:            94           3008  org.apache.lucene.search.TermStatistics
 562:           125           3000  org.apache.lucene.index.MergedIterator$SubIterator
 563:            75           3000  org.apache.solr.request.SolrRequestInfo
 564:           123           2952  org.apache.lucene.index.MultiFields
 565:           122           2928  [Lorg.apache.solr.parser.QueryParser$JJCalls;
 566:            60           2880  org.apache.lucene.util.OpenBitSetIterator
 567:           120           2880  org.apache.lucene.index.FieldInfos$Builder
 568:            72           2880  org.apache.lucene.document.DoubleField
 569:           120           2880  org.apache.lucene.codecs.perfield.PerFieldPostingsFormat$FieldsReader
 570:           118           2832  java.security.Provider$UString
 571:           117           2808  java.util.concurrent.locks.AbstractQueuedSynchronizer$ConditionObject
 572:            50           2800  org.apache.solr.search.FastLRUCache
 573:            86           2752  java.util.regex.Pattern$Curly
 574:            43           2752  com.ctc.wstx.api.ReaderConfig
 575:            85           2720  [Lorg.apache.lucene.search.Scorer;
 576:            85           2720  java.util.Collections$SynchronizedMap
 577:            67           2680  org.apache.lucene.util.packed.AppendingLongBuffer
 578:            66           2640  org.apache.lucene.search.TermRangeQuery
 579:            33           2640  org.apache.solr.schema.TrieLongField
 580:            82           2624  java.util.Stack
 581:           108           2592  java.util.jar.Attributes$Name
 582:           161           2576  java.util.TreeMap$Values
 583:           137           2568  [Lcom.sun.jmx.mbeanserver.MXBeanMapping;
 584:           106           2544  sun.reflect.NativeMethodAccessorImpl
 585:            78           2496  org.apache.catalina.util.LifecycleSupport
 586:           154           2464  com.sun.org.apache.xerces.internal.dom.DeferredDocumentImpl$RefCount
 587:            77           2464  org.apache.solr.core.RequestHandlers$LazyRequestHandlerWrapper
 588:            98           2448  [Lorg.apache.lucene.index.MergedIterator$SubIterator;
 589:           102           2448  org.apache.lucene.search.BooleanScorer2$Coordinator
 590:            78           2408  [Ljavax.management.MBeanOperationInfo;
 591:             5           2400  org.apache.catalina.core.StandardContext
 592:            60           2400  org.apache.solr.search.DocSetCollector
 593:            75           2400  org.apache.lucene.index.MultiTermsEnum$TermMergeQueue
 594:            33           2376  org.apache.solr.handler.component.SearchHandler
 595:            98           2352  [Lorg.wltea.analyzer.dic.Hit;
 596:            98           2352  org.apache.lucene.index.MergedIterator$TermMergeQueue
 597:            96           2336  [Ljava.util.Iterator;
 598:            48           2328  [Lorg.apache.lucene.util.automaton.State;
 599:            10           2320  com.ctc.wstx.sr.ValidatingStreamReader
 600:            24           2304  org.apache.solr.update.processor.DistributedUpdateProcessor
 601:            48           2304  java.net.SocketOutputStream
 602:            11           2288  <klassKlass>
 603:            95           2280  sun.nio.ch.Util$BufferCache
 604:            95           2280  org.apache.lucene.index.CoalescedDeletes$2$1
 605:            94           2256  [Lorg.apache.lucene.search.TermStatistics;
 606:           141           2256  org.apache.juli.logging.DirectJDKLog
 607:            94           2256  org.apache.lucene.search.Explanation
 608:            28           2240  org.apache.lucene.index.StandardDirectoryReader
 609:             2           2240  com.mysql.jdbc.JDBC4Connection
 610:            93           2232  sun.misc.FDBigInt
 611:            93           2232  org.apache.lucene.index.DocValuesProcessor
 612:            93           2232  org.apache.lucene.index.TwoStoredFieldsConsumers
 613:            93           2232  org.apache.lucene.index.DocInverter
 614:            93           2232  org.apache.lucene.util.ByteBlockPool$DirectTrackingAllocator
 615:            93           2232  org.apache.lucene.index.DocumentsWriterPerThread$IntBlockAllocator
 616:           139           2224  org.apache.lucene.search.FieldCacheImpl$LongsFromArray
 617:            69           2208  com.sun.org.apache.xerces.internal.util.AugmentationsImpl$SmallContainer
 618:            11           2200  com.sun.org.apache.xerces.internal.dom.DeferredDocumentImpl
 619:           137           2192  org.apache.tomcat.util.buf.IntermediateInputStream
 620:           137           2192  org.apache.tomcat.util.buf.UDecoder
 621:           137           2192  org.apache.coyote.http11.InternalOutputBuffer$OutputStreamOutputBuffer
 622:           137           2192  org.apache.catalina.connector.CoyoteOutputStream
 623:           137           2192  org.apache.catalina.connector.CoyoteInputStream
 624:           137           2192  org.apache.catalina.connector.RequestFacade
 625:           137           2192  org.apache.coyote.http11.filters.VoidInputFilter
 626:           137           2192  org.apache.coyote.http11.filters.VoidOutputFilter
 627:           137           2192  org.apache.catalina.connector.ResponseFacade
 628:           137           2192  org.apache.coyote.http11.InternalInputBuffer$InputStreamInputBuffer
 629:            68           2176  sun.security.x509.BasicConstraintsExtension
 630:            67           2144  org.apache.lucene.index.NumericDocValuesWriter
 631:            67           2144  com.mysql.jdbc.VersionedStringProperty
 632:            89           2136  java.util.regex.Pattern$GroupHead
 633:            89           2136  java.util.regex.Pattern$GroupTail
 634:            12           2112  org.apache.solr.update.SolrIndexWriter
 635:            44           2112  org.apache.solr.search.SolrIndexSearcher$8
 636:            66           2112  java.util.AbstractList$Itr
 637:            33           2112  org.apache.solr.schema.StrField
 638:            87           2088  org.slf4j.impl.JDK14LoggerAdapter
 639:            13           2080  org.apache.lucene.codecs.lucene41.Lucene41PostingsWriter
 640:            64           2048  sun.security.x509.SubjectKeyIdentifierExtension
 641:            51           2040  org.apache.lucene.document.IntField
 642:            51           2040  org.apache.lucene.document.LongField
 643:            84           2016  org.apache.lucene.search.NumericRangeQuery$NumericRangeTermsEnum$1
 644:            36           2016  sun.nio.cs.StreamEncoder
 645:            11           1936  org.apache.solr.core.SolrCore
 646:           121           1936  org.apache.solr.update.TransactionLog$1
 647:            80           1920  sun.security.util.BitArray
 648:            40           1920  org.apache.lucene.util.packed.BulkOperationPacked
 649:            48           1920  org.apache.lucene.util.automaton.ByteRunAutomaton
 650:            80           1920  sun.security.util.Cache$EqualByteArray
 651:            24           1920  java.util.concurrent.ScheduledThreadPoolExecutor
 652:            80           1920  sun.security.x509.CertificateIssuerName
 653:            80           1920  sun.security.x509.CertificateValidity
 654:            48           1920  org.apache.lucene.util.automaton.CompiledAutomaton
 655:            48           1920  org.apache.lucene.search.WildcardQuery
 656:            80           1920  sun.security.x509.CertificateSubjectName
 657:            59           1888  java.lang.StringCoding$StringEncoder
 658:            59           1888  org.apache.lucene.codecs.lucene40.BitVector
 659:            26           1872  java.util.concurrent.ThreadPoolExecutor
 660:            58           1856  sun.security.x509.KeyUsageExtension
 661:            23           1840  org.apache.solr.schema.TrieDateField$1
 662:            23           1840  java.util.jar.JarFile$JarFileEntry
 663:            46           1840  sun.security.ec.NamedCurve
 664:            57           1824  java.security.AccessControlContext
 665:            45           1800  org.apache.lucene.index.DocumentsWriterDeleteQueue
 666:            56           1792  java.lang.StringCoding$StringDecoder
 667:            28           1792  java.util.jar.JarFile
 668:            44           1760  com.sun.org.apache.xerces.internal.dom.DeferredCDATASectionImpl
 669:            44           1760  org.apache.solr.search.CacheConfig
 670:            22           1760  org.apache.solr.schema.TrieIntField
 671:            55           1760  org.apache.lucene.analysis.miscellaneous.KeywordMarkerFilterFactory
 672:            22           1760  org.apache.solr.schema.TrieFloatField
 673:            22           1760  org.apache.solr.schema.TrieDoubleField
 674:            72           1728  java.util.concurrent.Executors$RunnableAdapter
 675:            54           1728  com.ctc.wstx.io.BufferRecycler
 676:             5           1720  com.sun.org.apache.xerces.internal.impl.XMLNSDocumentScannerImpl
 677:            53           1696  org.apache.lucene.search.FieldCacheImpl$SortedDocValuesImpl
 678:            53           1696  org.apache.lucene.util.PagedBytes$Reader
 679:            31           1672  [Lorg.apache.lucene.index.SegmentReader;
 680:            69           1656  sun.security.x509.CertificateExtensions
 681:            67           1608  org.apache.lucene.util.packed.PackedInts$FormatAndBits
 682:             9           1592  [Lorg.apache.lucene.search.ScoreDoc;
 683:            17           1584  [[Ljava.lang.String;
 684:            33           1584  org.apache.solr.servlet.SolrRequestParsers$1
 685:            22           1584  org.apache.catalina.core.StandardWrapperValve
 686:             9           1584  org.apache.solr.handler.component.ResponseBuilder
 687:            66           1584  javax.management.ObjectInstance
 688:            11           1584  org.apache.solr.update.UpdateLog
 689:            66           1584  java.util.Arrays$ArrayList
 690:            49           1568  java.io.ObjectStreamClass$WeakClassKey
 691:            32           1536  sun.misc.URLClassPath$JarLoader
 692:            32           1536  org.apache.lucene.codecs.DocValuesConsumer$1$1
 693:            48           1536  org.apache.lucene.util.automaton.Automaton
 694:            12           1536  org.apache.lucene.index.DocumentsWriterFlushControl
 695:            96           1536  sun.reflect.BootstrapConstructorAccessorImpl
 696:            95           1520  org.apache.lucene.index.CoalescedDeletes$1
 697:            95           1520  org.apache.lucene.index.CoalescedDeletes$2
 698:            27           1512  org.apache.lucene.index.SegmentWriteState
 699:            28           1504  [Lorg.apache.lucene.index.IndexReaderContext;
 700:            94           1504  sun.security.x509.KeyIdentifier
 701:            93           1488  org.apache.lucene.index.FreqProxTermsWriter
 702:            93           1488  org.apache.lucene.index.NormsConsumer
 703:            92           1472  org.apache.lucene.search.ConjunctionTermScorer$1
 704:            23           1472  org.apache.solr.schema.TrieDateField
 705:            46           1472  java.rmi.server.UID
 706:            46           1472  java.security.spec.EllipticCurve
 707:            26           1456  [Lorg.apache.lucene.util.Bits;
 708:            90           1440  [Lorg.apache.tomcat.util.modeler.NotificationInfo;
 709:            30           1440  org.apache.solr.common.util.JavaBinCodec
 710:            90           1440  sun.security.x509.SerialNumber
 711:            30           1440  org.apache.lucene.search.TermRangeTermsEnum
 712:            78           1416  [Lorg.apache.catalina.LifecycleListener;
 713:            44           1408  org.apache.lucene.analysis.synonym.FSTSynonymFilterFactory
 714:            11           1408  org.apache.lucene.index.ConcurrentMergeScheduler$MergeThread
 715:            52           1408  [Ljava.io.ObjectStreamField;
 716:            11           1408  com.google.common.cache.LocalCache
 717:            44           1408  org.apache.lucene.analysis.synonym.SynonymFilterFactory
 718:            44           1408  org.apache.lucene.analysis.util.ElisionFilterFactory
 719:            87           1392  java.util.Hashtable$EntrySet
 720:            58           1392  org.apache.solr.servlet.SolrRequestParsers$ByteArrayOutputStream2
 721:            86           1376  java.lang.Float
 722:            43           1376  org.apache.lucene.search.BooleanQuery$BooleanWeight
 723:            43           1376  java.security.Permissions
 724:            51           1368  [Lorg.apache.tomcat.util.http.mapper.Mapper$Wrapper;
 725:            13           1352  org.apache.lucene.codecs.lucene41.Lucene41SkipWriter
 726:            28           1344  org.apache.lucene.index.SlowCompositeReaderWrapper
 727:            56           1344  java.util.concurrent.LinkedBlockingQueue$Node
 728:            12           1344  org.apache.lucene.index.LiveIndexWriterConfig
 729:            24           1344  org.apache.lucene.util.packed.PackedWriter
 730:            24           1344  org.apache.solr.update.processor.LogUpdateProcessor
 731:            84           1344  java.util.concurrent.ConcurrentHashMap$EntrySet
 732:            56           1344  org.apache.solr.schema.CopyField
 733:             4           1344  com.sun.org.apache.xerces.internal.impl.XMLDocumentScannerImpl
 734:             3           1336  [Ljava.util.Locale;
 735:            33           1320  org.apache.lucene.analysis.miscellaneous.WordDelimiterFilterFactory
 736:            11           1320  org.apache.solr.core.SolrConfig
 737:            55           1320  java.util.regex.Pattern$Start
 738:            55           1320  org.apache.lucene.analysis.core.WhitespaceTokenizerFactory
 739:            11           1320  org.apache.solr.handler.ReplicationHandler
 740:            33           1320  org.apache.solr.search.SolrReturnFields
 741:            11           1320  org.apache.solr.update.DirectUpdateHandler2
 742:            55           1320  org.apache.lucene.index.DocumentsWriterDeleteQueue$DeleteSlice
 743:            41           1312  java.io.FilePermission
 744:            41           1312  java.util.TreeMap$KeyIterator
 745:            40           1280  org.apache.tomcat.util.digester.ObjectCreateRule
 746:            80           1280  sun.security.x509.CertificateVersion
 747:            80           1280  sun.security.x509.CertificateSerialNumber
 748:            80           1280  sun.security.x509.CertificateAlgorithmId
 749:            80           1280  sun.security.x509.CertificateX509Key
 750:            53           1272  java.text.CalendarBuilder
 751:            53           1272  org.apache.solr.util.DateMathParser
 752:            26           1248  org.apache.lucene.index.IndexFileDeleter$CommitPoint
 753:            39           1248  org.apache.solr.search.SortedIntDocSet$2$1
 754:            26           1248  java.util.concurrent.ThreadPoolExecutor$Worker
 755:            52           1248  java.util.Collections$1
 756:            22           1232  org.apache.solr.update.CommitTracker
 757:            51           1224  org.apache.noggit.CharArr
 758:            51           1224  org.apache.lucene.index.NumericDocValuesWriter$1
 759:            51           1224  java.util.regex.Pattern$Ctype
 760:            38           1216  com.sun.org.apache.xerces.internal.jaxp.SAXParserFactoryImpl
 761:            30           1200  sun.security.x509.AuthorityKeyIdentifierExtension
 762:            50           1200  java.beans.PropertyChangeSupport
 763:            75           1200  java.util.concurrent.atomic.AtomicBoolean
 764:            30           1200  com.sun.org.apache.xerces.internal.impl.dtd.XMLSimpleType
 765:             3           1200  [Ljava.lang.Thread;
 766:            50           1200  java.security.spec.ECPoint
 767:            15           1200  java.net.URI
 768:            30           1200  java.util.IdentityHashMap
 769:            29           1160  org.apache.catalina.core.StandardPipeline
 770:            48           1152  org.apache.lucene.util.SetOnce
 771:            47           1128  java.util.regex.Pattern$BitClass
 772:            47           1128  org.apache.solr.util.DefaultSolrThreadFactory
 773:            47           1128  org.apache.lucene.util.packed.Direct16
 774:            35           1120  java.util.regex.Pattern$Branch
 775:            28           1120  org.apache.lucene.index.SegmentReadState
 776:            28           1120  org.apache.lucene.index.CompositeReaderContext
 777:            69           1104  com.sun.org.apache.xerces.internal.util.AugmentationsImpl
 778:            36           1096  [Ljava.security.ProtectionDomain;
 779:            45           1080  org.apache.lucene.analysis.core.KeywordTokenizerFactory
 780:            67           1072  java.util.TreeMap$KeySet
 781:            11           1056  org.apache.solr.schema.IndexSchema
 782:            44           1056  org.apache.lucene.analysis.en.PorterStemFilterFactory
 783:            59           1056  [Ljavax.management.MBeanNotificationInfo;
 784:            33           1056  com.ctc.wstx.stax.WstxInputFactory
 785:            11           1056  org.apache.solr.schema.SpatialRecursivePrefixTreeFieldType
 786:            22           1056  org.apache.solr.handler.component.QueryElevationComponent$ElevationObj
 787:            44           1056  org.apache.lucene.analysis.synonym.SynonymMap
 788:            44           1056  org.apache.lucene.util.BytesRefHash$DirectBytesStartArray
 789:            12           1056  org.apache.lucene.index.TieredMergePolicy
 790:            22           1056  org.apache.lucene.store.NRTCachingDirectory
 791:             1           1040  [Ljava.lang.Integer;
 792:             1           1040  [Ljava.lang.Long;
 793:            10           1040  com.ctc.wstx.io.BranchingReaderSource
 794:             1           1040  [Lcom.sun.org.apache.xerces.internal.impl.dtd.models.ContentModelValidator;
 795:             1           1040  [Lcom.sun.org.apache.xerces.internal.impl.dv.DatatypeValidator;
 796:            26           1040  java.math.BigDecimal
 797:            32           1024  java.util.zip.ZipCoder
 798:            18           1008  org.apache.solr.search.SolrIndexSearcher$QueryCommand
 799:            21           1008  org.apache.solr.update.TransactionLog$LogCodec
 800:            25           1000  java.io.ObjectStreamClass$FieldReflectorKey
 801:            25           1000  java.util.PropertyResourceBundle
 802:            31            992  org.apache.solr.util.stats.TimerContext
 803:            41            984  java.io.FilePermissionCollection
 804:             1            984  [Ljava.lang.Character$UnicodeBlock;
 805:            11            968  org.apache.solr.schema.PointType
 806:            11            968  org.apache.solr.schema.CurrencyField
 807:            30            960  java.security.Provider$EngineDescription
 808:             5            960  com.sun.org.apache.xerces.internal.impl.XMLDTDScannerImpl
 809:            12            960  java.net.FactoryURLClassLoader
 810:            20            960  java.util.concurrent.LinkedBlockingQueue
 811:            12            960  org.apache.lucene.index.DocumentsWriter
 812:            30            960  org.apache.lucene.store.IOContext
 813:            30            960  org.apache.solr.response.BinaryResponseWriter$Resolver
 814:             5            960  com.sun.org.apache.xerces.internal.parsers.XIncludeAwareParserConfiguration
 815:            17            952  org.apache.tomcat.util.http.mapper.Mapper$Context
 816:            59            944  org.apache.lucene.util.ByteBlockPool$DirectAllocator
 817:            39            936  org.apache.solr.search.SortedIntDocSet$2$1$1
 818:            39            936  java.util.Currency
 819:            29            928  org.apache.catalina.LifecycleEvent
 820:             5            920  org.apache.catalina.loader.WebappClassLoader
 821:            37            888  org.apache.lucene.index.DocumentsWriterDeleteQueue$Node
 822:            11            880  org.apache.solr.schema.LatLonType
 823:            55            880  org.apache.lucene.search.ConjunctionScorer$1
 824:             5            880  com.sun.org.apache.xerces.internal.impl.dtd.XMLNSDTDValidator
 825:            22            880  org.apache.lucene.store.MMapDirectory
 826:            22            880  org.apache.lucene.analysis.path.PathHierarchyTokenizerFactory
 827:            54            880  [Ljavax.management.MBeanConstructorInfo;
 828:            22            880  org.apache.solr.core.CachingDirectoryFactory$CacheValue
 829:            22            880  java.util.concurrent.ConcurrentHashMap$EntryIterator
 830:            35            872  [Ljava.util.regex.Pattern$Node;
 831:            36            864  java.util.Collections$SynchronizedRandomAccessList
 832:            53            848  java.util.concurrent.ConcurrentSkipListMap$KeySet
 833:            21            840  sun.misc.URLClassPath
 834:            15            840  org.apache.lucene.search.ConstantScoreAutoRewrite$CutOffTermCollector
 835:            15            840  javax.management.openmbean.ArrayType
 836:            13            832  com.sun.org.apache.xerces.internal.dom.ElementNSImpl
 837:            26            832  org.apache.tomcat.util.digester.SetNextRule
 838:            13            832  org.apache.solr.schema.DateField
 839:            52            832  org.apache.lucene.search.FieldCacheImpl$DoublesFromArray
 840:            26            832  org.apache.tomcat.util.buf.C2BConverter
 841:            26            832  java.util.zip.Inflater
 842:            26            832  org.apache.tomcat.util.buf.WriteConvertor
 843:             1            816  [Lorg.apache.tomcat.util.threads.ThreadPool$ControlRunnable;
 844:            51            816  org.apache.lucene.search.MatchAllDocsQuery
 845:            34            816  sun.rmi.transport.DGCAckHandler
 846:            26            816  [Lorg.apache.solr.search.SolrCache;
 847:            50            800  java.beans.PropertyChangeSupport$PropertyChangeListenerMap
 848:             5            800  org.apache.catalina.session.StandardManager
 849:            25            800  org.apache.solr.core.SolrCore$8
 850:            10            800  com.ctc.wstx.sr.NsInputElementStack
 851:            11            792  org.apache.solr.handler.dataimport.DataImporter
 852:            11            792  org.apache.solr.update.SolrIndexConfig
 853:            11            792  org.apache.solr.handler.RealTimeGetHandler
 854:            11            792  org.apache.solr.handler.dataimport.DataImportHandler
 855:            33            792  org.apache.tomcat.util.buf.StringCache$ByteEntry
 856:            33            792  org.apache.solr.handler.loader.XMLLoader
 857:            33            792  java.util.regex.Pattern$Single
 858:            32            768  java.util.ArrayDeque
 859:            24            768  org.apache.solr.update.processor.RunUpdateProcessor
 860:            24            768  org.apache.solr.search.BitDocSet$2$1
 861:            24            768  sun.security.x509.OIDMap$OIDInfo
 862:            32            768  com.sun.jmx.mbeanserver.DefaultMXBeanMappingFactory$IdentityMapping
 863:            32            768  java.io.ObjectStreamClass$ClassDataSlot
 864:            24            768  java.util.concurrent.ScheduledThreadPoolExecutor$DelayedWorkQueue
 865:            23            736  org.apache.lucene.index.FieldInfos$FieldNumbers
 866:            23            736  sun.management.MappedMXBeanType$BasicMXBeanType
 867:            10            720  com.ctc.wstx.io.ReaderBootstrapper
 868:            30            720  com.ctc.wstx.util.StringVector
 869:            18            720  com.sun.jmx.mbeanserver.MXBeanSupport
 870:            15            720  java.lang.management.PlatformComponent
 871:            22            704  org.apache.solr.search.LRUCache$CumulativeStats
 872:            11            704  org.apache.solr.core.JmxMonitoredMap
 873:            11            704  org.apache.solr.handler.admin.SystemInfoHandler
 874:             4            704  com.sun.org.apache.xerces.internal.impl.dtd.XMLDTDValidator
 875:            11            704  org.apache.solr.schema.BinaryField
 876:            11            704  org.apache.solr.schema.IntField
 877:            22            704  com.sun.org.apache.xerces.internal.dom.NodeListCache
 878:            11            704  org.apache.solr.schema.LongField
 879:            44            704  org.apache.solr.common.params.MultiMapSolrParams
 880:            11            704  org.apache.solr.handler.UpdateRequestHandler
 881:            22            704  org.apache.lucene.store.RAMDirectory
 882:            11            704  org.apache.solr.schema.FloatField
 883:            11            704  org.apache.lucene.codecs.compressing.CompressingStoredFieldsWriter
 884:            11            704  org.apache.solr.schema.DoubleField
 885:            11            704  org.apache.solr.handler.JsonUpdateRequestHandler
 886:            11            704  org.apache.solr.handler.CSVRequestHandler
 887:            22            704  java.util.ArrayList$ListItr
 888:            11            704  org.apache.solr.handler.admin.LoggingHandler
 889:            11            704  org.apache.solr.core.NRTCachingDirectoryFactory
 890:            11            704  org.apache.solr.schema.RandomSortField
 891:            44            704  java.util.concurrent.atomic.AtomicReferenceArray
 892:            11            704  org.apache.solr.handler.admin.ShowFileRequestHandler
 893:            11            704  org.apache.solr.core.SchemaCodecFactory$1
 894:            22            704  org.apache.lucene.index.BufferedDeletesStream$ApplyDeletesResult
 895:            11            704  org.apache.solr.update.UpdateLog$1
 896:            11            704  org.apache.solr.schema.BoolField
 897:            22            704  org.apache.lucene.search.ConstantScoreQuery$ConstantWeight
 898:            11            704  org.apache.lucene.index.MergePolicy$OneMerge
 899:            11            704  org.apache.solr.handler.PingRequestHandler
 900:            29            696  org.apache.tomcat.util.digester.ArrayStack
 901:            43            688  java.util.jar.Attributes
 902:            17            680  java.io.ObjectStreamClass$FieldReflector
 903:            17            680  org.apache.lucene.search.BooleanScorer2$SingleMatchScorer
 904:            17            680  org.apache.tomcat.util.digester.CallParamRule
 905:            28            672  javax.management.NotificationBroadcasterSupport
 906:            12            672  org.apache.lucene.index.IndexFileDeleter
 907:            27            648  sun.reflect.generics.tree.SimpleClassTypeSignature
 908:            20            640  com.ctc.wstx.util.TextBuilder
 909:            10            640  com.ctc.wstx.sr.NsAttributeCollector
 910:            39            624  java.util.regex.Pattern$CharPropertyNames$1
 911:            13            624  org.apache.lucene.codecs.BlockTreeTermsWriter
 912:            26            624  org.apache.lucene.index.MultiBits
 913:            26            624  org.apache.tomcat.util.buf.IntermediateOutputStream
 914:            26            624  java.security.spec.ECFieldF2m
 915:            26            624  java.util.zip.ZStreamRef
 916:            11            616  org.apache.solr.update.DefaultSolrCoreState
 917:            11            616  org.apache.solr.handler.DumpRequestHandler
 918:            11            616  [Ljava.text.Format;
 919:            11            616  org.apache.solr.handler.admin.SolrInfoMBeanHandler
 920:            11            616  org.apache.lucene.search.spell.DirectSpellChecker
 921:            11            616  org.apache.solr.handler.admin.PluginInfoHandler
 922:            11            616  org.apache.solr.handler.admin.ThreadDumpHandler
 923:            11            616  org.apache.solr.handler.admin.PropertiesRequestHandler
 924:            11            616  org.apache.lucene.codecs.compressing.CompressingStoredFieldsIndexWriter
 925:            11            616  org.apache.solr.update.VersionInfo
 926:            11            616  org.apache.solr.core.CoreDescriptor
 927:            11            616  org.apache.solr.handler.admin.LukeRequestHandler
 928:            19            608  org.apache.tomcat.util.digester.SetPropertiesRule
 929:            19            608  com.sun.org.apache.xerces.internal.impl.dtd.XMLElementDecl
 930:            19            608  com.sun.jmx.mbeanserver.WeakIdentityHashMap$IdentityWeakReference
 931:            19            608  com.sun.org.apache.xerces.internal.util.XMLResourceIdentifierImpl
 932:             5            600  org.apache.tomcat.util.digester.Digester
 933:            25            600  java.util.regex.Pattern$Category
 934:            15            600  org.apache.solr.common.util.FastInputStream
 935:            15            600  com.sun.org.apache.xerces.internal.impl.dtd.XMLEntityDecl
 936:            25            600  sun.nio.cs.CharsetMapping$Entry
 937:            29            584  [Lorg.apache.catalina.Container;
 938:            24            576  org.apache.lucene.store.FlushInfo
 939:            18            576  org.apache.naming.NamingContext
 940:            12            576  java.util.concurrent.locks.ReentrantReadWriteLock$FairSync
 941:            12            576  com.spatial4j.core.shape.impl.RectangleImpl
 942:            12            576  org.apache.lucene.index.ConcurrentMergeScheduler
 943:            24            576  org.apache.naming.NamingEntry
 944:            24            576  org.apache.solr.search.BitDocSet$2$1$1
 945:            24            576  java.lang.ProcessEnvironment$Variable
 946:            24            576  java.lang.ProcessEnvironment$Value
 947:            12            576  org.apache.solr.core.SolrResourceLoader
 948:            12            576  [Lorg.apache.lucene.index.DocumentsWriterPerThreadPool$ThreadState;
 949:             5            568  [Lorg.apache.naming.resources.CacheEntry;
 950:            35            560  java.util.regex.Pattern$BranchConn
 951:            10            560  javax.management.openmbean.CompositeType
 952:            14            560  javax.management.openmbean.SimpleType
 953:            14            560  com.sun.org.apache.xerces.internal.dom.TextImpl
 954:            10            560  com.ctc.wstx.util.TextBuffer
 955:            10            560  com.ctc.wstx.io.UTF8Reader
 956:             5            560  com.sun.org.apache.xerces.internal.impl.XMLEntityManager
 957:            14            560  org.apache.solr.update.CommitUpdateCommand
 958:            23            552  java.util.concurrent.locks.ReentrantReadWriteLock$Sync$HoldCounter
 959:            23            552  com.sun.jmx.mbeanserver.PerInterface$MethodAndSig
 960:             2            544  [Lcom.ctc.wstx.util.SymbolTable$Bucket;
 961:            34            544  sun.rmi.transport.DGCAckHandler$1
 962:            22            528  org.apache.catalina.util.InstanceSupport
 963:            11            528  org.apache.solr.analysis.ReversedWildcardFilterFactory
 964:            11            528  org.apache.solr.schema.FieldType$DefaultAnalyzer$1
 965:            22            528  org.apache.lucene.search.ConstantScoreQuery
 966:            22            528  org.apache.solr.highlight.ScoreOrderFragmentsBuilder
 967:            22            528  org.apache.lucene.analysis.en.EnglishPossessiveFilterFactory
 968:            22            528  java.io.ExpiringCache$Entry
 969:            22            528  org.apache.solr.core.IndexDeletionPolicyWrapper$IndexCommitWrapper
 970:            33            528  org.apache.solr.handler.loader.JsonLoader
 971:            11            528  org.apache.lucene.search.FieldCacheImpl$LongCache$1
 972:            33            528  org.apache.solr.handler.loader.CSVLoader
 973:            22            528  org.apache.lucene.store.NativeFSLockFactory
 974:            22            528  org.apache.lucene.store.SingleInstanceLockFactory
 975:            22            528  org.apache.solr.core.QuerySenderListener
 976:            33            528  org.apache.solr.handler.loader.JavabinLoader
 977:            22            528  org.apache.lucene.analysis.ar.ArabicNormalizationFilterFactory
 978:            33            528  org.apache.solr.handler.UpdateRequestHandler$1
 979:            22            528  org.apache.lucene.analysis.cjk.CJKWidthFilterFactory
 980:            22            528  org.apache.solr.handler.component.SpellCheckComponent$SpellCheckerListener
 981:            22            528  org.apache.solr.schema.IndexSchema$DynamicField
 982:            11            528  org.apache.solr.highlight.DefaultSolrHighlighter
 983:            33            528  java.util.concurrent.FutureTask
 984:            33            528  java.util.Collections$SingletonSet
 985:             1            528  [Ljava.lang.Character;
 986:            22            528  org.apache.catalina.core.StandardWrapperFacade
 987:            22            528  org.apache.solr.schema.IndexSchema$DynamicReplacement$DynamicPattern$NameEndsWith
 988:             5            520  com.sun.org.apache.xerces.internal.jaxp.SAXParserImpl$JAXPSAXParser
 989:            13            520  sun.rmi.transport.tcp.TCPEndpoint
 990:            13            520  com.sun.jmx.mbeanserver.PerInterface
 991:            13            520  org.apache.solr.handler.dataimport.DocBuilder$Statistics
 992:             4            512  org.apache.tomcat.util.threads.ThreadWithAttributes
 993:            16            512  javax.imageio.spi.DigraphNode
 994:             8            512  org.apache.lucene.search.BooleanScorer2$1
 995:            21            504  sun.security.x509.AVAKeyword
 996:             7            504  org.apache.juli.ClassLoaderLogManager$RootLogger
 997:            13            488  [[S
 998:            27            488  [Lsun.reflect.generics.tree.TypeArgument;
 999:            15            480  java.util.concurrent.SynchronousQueue
1000:            12            480  java.util.regex.Pattern$Loop
1001:            12            480  org.apache.lucene.index.BufferedDeletesStream
1002:            14            480  [Lcom.sun.org.apache.xerces.internal.util.XMLAttributesImpl$Attribute;
1003:            30            480  sun.security.x509.GeneralName
1004:             6            480  com.mysql.jdbc.ConnectionPropertiesImpl$MemorySizeConnectionProperty
1005:            15            480  sun.security.x509.DistributionPoint
1006:            12            480  com.ctc.wstx.util.SymbolTable
1007:             5            480  com.sun.org.apache.xerces.internal.impl.dtd.XMLDTDProcessor
1008:            10            480  org.apache.solr.update.AddUpdateCommand
1009:            15            480  org.apache.lucene.search.ConstantScoreAutoRewrite$TermStateByteStart
1010:            15            480  sun.security.x509.URIName
1011:            10            480  org.apache.lucene.index.FrozenBufferedDeletes
1012:            20            480  org.apache.lucene.index.DocumentsWriterDeleteQueue$TermNode
1013:            18            464  [Ljava.io.ObjectStreamClass$ClassDataSlot;
1014:            14            448  java.io.FileNotFoundException
1015:            28            448  sun.security.x509.GeneralNames
1016:            14            448  org.apache.lucene.util.packed.BulkOperationPackedSingleBlock
1017:             8            448  javax.management.openmbean.OpenMBeanParameterInfoSupport
1018:            14            448  sun.reflect.UnsafeQualifiedStaticObjectFieldAccessorImpl
1019:            28            448  org.apache.lucene.index.MergeState$NoDelDocMap
1020:            14            448  com.sun.org.apache.xml.internal.dtm.ref.ExtendedType
1021:            14            448  org.apache.catalina.startup.SetNextNamingRule
1022:            11            440  org.apache.solr.handler.component.QueryElevationComponent
1023:            11            440  org.apache.lucene.analysis.pattern.PatternReplaceFilterFactory
1024:            11            440  java.text.MessageFormat
1025:            11            440  org.apache.solr.update.UpdateLog$RecoveryInfo
1026:             5            440  org.apache.jasper.EmbeddedServletOptions
1027:            11            440  org.apache.lucene.analysis.ja.JapaneseTokenizerFactory
1028:            11            440  org.apache.solr.core.SolrConfig$UpdateHandlerInfo
1029:             4            440  [Ljava.math.BigInteger;
1030:            11            440  org.apache.solr.spelling.WordBreakSolrSpellChecker
1031:            11            440  org.apache.lucene.search.MatchAllDocsQuery$MatchAllScorer
1032:             1            432  [[[C
1033:             9            432  com.sun.org.apache.xerces.internal.util.XMLAttributesIteratorImpl
1034:             9            432  com.sun.org.apache.xerces.internal.impl.XMLDocumentFragmentScannerImpl$ElementStack
1035:             9            432  javax.naming.NamingException
1036:            27            432  sun.reflect.generics.tree.ClassTypeSignature
1037:            18            432  java.text.DateFormat$Field
1038:            13            416  sun.security.x509.CRLDistributionPointsExtension
1039:             2            416  [Lorg.apache.lucene.util.packed.BulkOperation;
1040:            16            416  [Ljava.beans.PropertyChangeListener;
1041:            13            416  org.apache.lucene.codecs.perfield.PerFieldPostingsFormat$FieldsWriter
1042:            17            408  org.apache.lucene.analysis.core.WhitespaceAnalyzer
1043:            25            400  org.apache.coyote.ActionCode
1044:            10            400  sun.nio.ch.FileLockImpl
1045:            10            400  org.apache.lucene.store.NativeFSLock
1046:            10            400  org.apache.solr.update.MemOutputStream
1047:            10            400  com.ctc.wstx.io.MergedReader
1048:            10            400  org.apache.lucene.codecs.compressing.CompressingStoredFieldsReader$ChunkIterator
1049:            10            400  com.sun.org.apache.xerces.internal.impl.dtd.XMLDTDDescription
1050:            10            400  org.apache.catalina.startup.HostConfig$DeployedApplication
1051:             7            392  org.apache.lucene.search.TopFieldCollector$OneComparatorNonScoringCollector
1052:            12            384  org.apache.lucene.codecs.lucene41.Lucene41StoredFieldsFormat
1053:            12            384  org.apache.lucene.codecs.lucene42.Lucene42TermVectorsFormat
1054:             6            384  org.apache.catalina.deploy.NamingResources
1055:            12            384  org.apache.solr.handler.dataimport.VariableResolver$Resolved
1056:             6            384  java.security.SecureRandom
1057:            16            384  org.apache.lucene.codecs.DocValuesConsumer$1
1058:            16            384  org.apache.commons.logging.impl.SLF4JLocationAwareLog
1059:            16            384  org.apache.lucene.util.packed.Packed64SingleBlock$Packed64SingleBlock10
1060:            12            384  org.apache.lucene.codecs.lucene42.Lucene42DocValuesConsumer
1061:            12            384  com.spatial4j.core.context.SpatialContext
1062:            12            384  org.apache.lucene.index.ThreadAffinityDocumentsWriterThreadPool
1063:             5            360  org.apache.catalina.loader.WebappLoader
1064:            15            360  java.util.regex.Pattern$Slice
1065:             9            360  com.sun.org.apache.xerces.internal.impl.validation.ValidationState
1066:            15            360  org.apache.solr.common.params.CoreAdminParams$CoreAdminAction
1067:            15            360  org.apache.lucene.codecs.lucene40.Lucene40SegmentInfoFormat
1068:             9            360  com.sun.org.apache.xerces.internal.impl.XMLDocumentFragmentScannerImpl$ElementStack2
1069:            11            360  [Ljava.io.File;
1070:            11            352  org.apache.solr.handler.component.SpellCheckComponent
1071:            22            352  [Lorg.apache.catalina.InstanceListener;
1072:            11            352  org.apache.lucene.search.spell.WordBreakSpellChecker
1073:            11            352  org.apache.lucene.analysis.phonetic.DoubleMetaphoneFilterFactory
1074:            22            352  org.apache.lucene.analysis.Analyzer$PerFieldReuseStrategy
1075:            11            352  java.io.DataInputStream
1076:            11            352  org.apache.solr.servlet.SolrRequestParsers
1077:            11            352  org.apache.lucene.util.NumericUtils$1
1078:            11            352  org.apache.solr.spelling.DirectSolrSpellChecker
1079:            11            352  org.apache.solr.schema.IndexSchema$SolrQueryAnalyzer
1080:            11            352  org.apache.solr.core.SolrConfig$HttpCachingConfig
1081:            11            352  org.apache.lucene.analysis.payloads.DelimitedPayloadTokenFilterFactory
1082:            11            352  org.apache.solr.highlight.RegexFragmenter
1083:            11            352  org.apache.solr.core.SolrConfig$JmxConfiguration
1084:            11            352  org.apache.lucene.analysis.id.IndonesianStemFilterFactory
1085:            11            352  [Lorg.apache.solr.update.processor.UpdateRequestProcessorFactory;
1086:            11            352  [Lcom.google.common.cache.LocalCache$Segment;
1087:            11            352  org.apache.lucene.analysis.cjk.CJKBigramFilterFactory
1088:            11            352  org.apache.solr.core.SolrCore$LazyQueryResponseWriterWrapper
1089:            11            352  org.apache.solr.core.IndexDeletionPolicyWrapper
1090:            11            352  java.util.Vector$Itr
1091:            11            352  org.apache.lucene.analysis.ja.JapaneseKatakanaStemFilterFactory
1092:            11            352  org.apache.lucene.analysis.miscellaneous.StemmerOverrideFilterFactory
1093:            11            352  org.apache.lucene.analysis.ja.JapanesePartOfSpeechStopFilterFactory
1094:            11            352  org.apache.lucene.analysis.miscellaneous.TrimFilterFactory
1095:             6            336  java.nio.DirectLongBufferU
1096:            14            336  [Ljava.lang.Byte;
1097:            14            336  org.apache.solr.handler.dataimport.DIHLogLevels
1098:            14            336  org.apache.solr.servlet.SolrRequestParsers$2
1099:             6            336  org.apache.naming.resources.FileDirContext
1100:            14            336  javax.management.StandardMBean
1101:             7            336  com.sun.jmx.mbeanserver.DefaultMXBeanMappingFactory$CompositeMapping
1102:            14            336  java.net.InetAddress
1103:            14            336  java.lang.RuntimePermission
1104:             7            336  org.apache.lucene.search.FieldValueHitQueue$OneComparatorFieldValueHitQueue
1105:             7            336  org.apache.lucene.search.FieldComparator$LongComparator
1106:            13            328  [Lorg.apache.lucene.store.RAMOutputStream;
1107:            16            328  [Ljava.lang.management.PlatformComponent;
1108:            10            320  java.security.cert.PolicyQualifierInfo
1109:            10            320  [Lcom.sun.org.apache.xerces.internal.impl.XMLEntityManager$CharacterBuffer;
1110:             5            320  org.apache.catalina.loader.WebappClassLoader$1
1111:             5            320  org.apache.naming.resources.ProxyDirContext
1112:             5            320  org.apache.catalina.servlets.DefaultServlet
1113:            10            320  org.apache.solr.servlet.HttpRequestContentStream
1114:             8            320  sun.rmi.transport.tcp.TCPTransport$ConnectionHandler
1115:            10            320  sun.security.util.MemoryCache
1116:             5            320  org.apache.naming.resources.ResourceCache
1117:            20            320  java.security.spec.ECFieldFp
1118:             4            320  sun.net.www.protocol.jar.URLJarFile
1119:            10            320  sun.nio.ch.FileKey
1120:            10            320  java.io.OutputStreamWriter
1121:            10            320  sun.nio.ch.SharedFileLockTable$FileLockReference
1122:            10            320  org.apache.lucene.index.DocumentsWriterFlushQueue$SegmentFlushTicket
1123:             8            320  org.apache.lucene.index.TieredMergePolicy$1
1124:            10            320  org.apache.lucene.index.DocumentsWriterPerThread$FlushedSegment
1125:            13            312  sun.misc.MetaIndex
1126:            13            312  org.apache.lucene.codecs.perfield.PerFieldPostingsFormat$FieldsConsumerAndSuffix
1127:            13            312  [Lorg.apache.lucene.index.TermVectorsConsumerPerField;
1128:            13            312  java.util.regex.Pattern$CharProperty$1
1129:            13            312  org.apache.lucene.search.SortField$Type
1130:            12            288  org.apache.lucene.index.IndexWriter$ReaderPool
1131:            12            288  org.apache.lucene.codecs.lucene42.Lucene42FieldInfosFormat
1132:            12            288  org.apache.lucene.codecs.lucene42.Lucene42Codec$1
1133:            12            288  org.apache.lucene.index.DocumentsWriterFlushQueue
1134:             8            288  [Lorg.apache.solr.search.DocSet;
1135:            12            288  org.apache.lucene.codecs.lucene42.Lucene42Codec$2
1136:            18            288  java.util.regex.Pattern$CharPropertyNames$4
1137:             4            288  org.apache.juli.FileHandler
1138:            12            288  java.util.regex.Pattern$Prolog
1139:             6            288  org.apache.catalina.mbeans.NamingResourcesMBean
1140:             9            288  org.apache.solr.handler.component.HttpShardHandler
1141:             9            288  [Ljava.lang.StringBuilder;
1142:             9            288  java.text.FieldPosition
1143:             9            288  java.util.logging.LogManager$LogNode
1144:             6            288  org.apache.catalina.core.NamingContextListener
1145:            12            288  com.sun.jmx.remote.util.ClassLogger
1146:            12            288  org.apache.lucene.util.packed.Packed64SingleBlock$Packed64SingleBlock4
1147:             9            288  sun.security.jca.ProviderConfig
1148:             9            288  sun.util.LocaleServiceProviderPool
1149:            12            288  org.apache.lucene.index.DocumentsWriterStallControl
1150:            12            288  org.apache.lucene.index.FlushByRamOrCountsPolicy
1151:             9            288  java.util.logging.Level
1152:             6            280  [Ljava.net.URL;
1153:             5            280  sun.management.MemoryPoolImpl
1154:             5            280  com.sun.org.apache.xerces.internal.impl.XMLEntityScanner
1155:             5            280  sun.security.provider.MD5
1156:             5            280  org.apache.jasper.compiler.JspRuntimeContext
1157:             1            272  com.sun.org.apache.xerces.internal.impl.dtd.DTDGrammar
1158:            11            264  org.apache.lucene.analysis.cz.CzechStemFilterFactory
1159:            11            264  org.apache.lucene.index.CompositeReaderContext$Builder
1160:            11            264  org.apache.lucene.analysis.de.GermanLightStemFilterFactory
1161:            11            264  org.apache.lucene.analysis.de.GermanNormalizationFilterFactory
1162:            11            264  org.apache.lucene.analysis.el.GreekLowerCaseFilterFactory
1163:            11            264  org.apache.lucene.util.CharsRef
1164:            11            264  org.apache.lucene.analysis.el.GreekStemFilterFactory
1165:            11            264  org.apache.lucene.analysis.en.EnglishMinimalStemFilterFactory
1166:            11            264  org.apache.solr.schema.IndexSchema$SolrIndexAnalyzer
1167:            11            264  org.apache.solr.core.SolrCore$4
1168:            11            264  org.apache.solr.spelling.SpellingQueryConverter
1169:            11            264  org.apache.solr.core.SolrCore$6
1170:            11            264  org.apache.solr.highlight.SimpleBoundaryScanner
1171:            11            264  org.apache.solr.update.processor.UpdateRequestProcessorChain
1172:            11            264  org.apache.solr.handler.component.DebugComponent
1173:            11            264  org.apache.solr.core.SolrCore$7
1174:            11            264  org.apache.lucene.analysis.es.SpanishLightStemFilterFactory
1175:            11            264  org.apache.lucene.analysis.fa.PersianNormalizationFilterFactory
1176:            11            264  org.apache.solr.core.RequestHandlers
1177:            11            264  java.util.regex.Pattern$Neg
1178:            11            264  org.apache.solr.highlight.GapFragmenter
1179:            11            264  org.apache.lucene.analysis.fr.FrenchLightStemFilterFactory
1180:             5            264  [Ljava.util.jar.JarFile;
1181:            11            264  org.apache.solr.schema.FileExchangeRateProvider
1182:            11            264  org.apache.lucene.analysis.ga.IrishLowerCaseFilterFactory
1183:            11            264  org.apache.lucene.analysis.pt.PortugueseLightStemFilterFactory
1184:            11            264  org.apache.lucene.analysis.gl.GalicianStemFilterFactory
1185:            11            264  org.apache.solr.servlet.StandardRequestParser
1186:            11            264  org.apache.lucene.analysis.fa.PersianCharFilterFactory
1187:            11            264  org.apache.solr.handler.component.HighlightComponent
1188:            11            264  org.apache.lucene.analysis.hi.HindiNormalizationFilterFactory
1189:            11            264  org.apache.solr.highlight.HtmlFormatter
1190:            11            264  org.apache.lucene.codecs.compressing.LZ4$HashTable
1191:            11            264  org.apache.lucene.analysis.hi.HindiStemFilterFactory
1192:            11            264  org.apache.lucene.codecs.compressing.GrowableByteArrayDataOutput
1193:            11            264  org.apache.solr.highlight.HtmlEncoder
1194:            11            264  org.apache.solr.common.params.DefaultSolrParams
1195:            11            264  org.apache.solr.handler.component.TermVectorComponent
1196:            11            264  org.apache.solr.highlight.DefaultEncoder
1197:            11            264  org.apache.lucene.analysis.ar.ArabicStemFilterFactory
1198:            11            264  org.apache.solr.highlight.SimpleFragListBuilder
1199:            11            264  org.apache.lucene.analysis.bg.BulgarianStemFilterFactory
1200:            11            264  org.apache.lucene.analysis.in.IndicNormalizationFilterFactory
1201:            11            264  org.apache.lucene.analysis.it.ItalianLightStemFilterFactory
1202:            11            264  org.apache.solr.highlight.SingleFragListBuilder
1203:            11            264  org.apache.lucene.analysis.lv.LatvianStemFilterFactory
1204:            11            264  org.apache.solr.core.SolrDeletionPolicy
1205:            11            264  org.apache.solr.highlight.WeightedFragListBuilder
1206:            11            264  org.apache.lucene.analysis.th.ThaiWordFilterFactory
1207:            11            264  org.apache.lucene.analysis.tr.TurkishLowerCaseFilterFactory
1208:            11            264  org.apache.solr.highlight.BreakIteratorBoundaryScanner
1209:            11            264  [Lorg.apache.solr.schema.IndexSchema$DynamicField;
1210:            11            264  org.wltea.analyzer.solr.IKTokenizerFactory
1211:            11            264  [Lorg.apache.lucene.search.TermQuery;
1212:            11            264  org.apache.lucene.analysis.ja.JapaneseBaseFormFilterFactory
1213:            11            264  org.apache.lucene.analysis.miscellaneous.RemoveDuplicatesTokenFilterFactory
1214:            11            264  org.apache.lucene.spatial.prefix.tree.GeohashPrefixTree
1215:            11            264  org.apache.lucene.util.Version
1216:            16            256  java.lang.Byte
1217:             8            256  java.lang.ClassLoader$NativeLibrary
1218:             2            256  org.apache.catalina.connector.Connector
1219:             4            256  org.apache.solr.request.SimpleFacets
1220:             8            256  java.lang.OutOfMemoryError
1221:            16            256  org.apache.lucene.codecs.lucene40.Lucene40LiveDocsFormat
1222:             8            256  sun.security.x509.NetscapeCertTypeExtension
1223:             8            256  sun.security.x509.CertificatePoliciesExtension
1224:             8            256  sun.misc.ProxyGenerator$PrimitiveTypeInfo
1225:             8            248  [Ljava.lang.Boolean;
1226:            10            240  org.apache.lucene.index.CoalescedDeletes
1227:            10            240  org.apache.solr.update.DefaultSolrCoreState$1
1228:             5            240  com.sun.org.apache.xerces.internal.jaxp.SAXParserImpl
1229:            15            240  java.util.concurrent.SynchronousQueue$TransferStack
1230:            10            240  org.apache.solr.handler.ReplicationHandler$4
1231:             6            240  sun.reflect.generics.repository.MethodRepository
1232:            10            240  org.apache.lucene.util.CollectionUtil$2
1233:            15            240  java.util.TreeSet
1234:            15            240  org.apache.lucene.codecs.lucene40.Lucene40SegmentInfoReader
1235:            15            240  org.apache.lucene.codecs.lucene40.Lucene40SegmentInfoWriter
1236:             5            240  org.apache.naming.resources.ImmutableNameNotFoundException
1237:            10            240  com.sun.org.apache.xerces.internal.impl.dtd.XMLAttributeDecl
1238:             5            240  java.io.PrintWriter
1239:            10            240  sun.nio.ch.SharedFileLockTable
1240:            15            240  org.apache.lucene.search.MultiTermQueryWrapperFilter
1241:            10            240  org.apache.tomcat.util.res.StringManager
1242:            15            240  sun.security.x509.DNSName
1243:             5            240  org.apache.catalina.core.StandardContextValve
1244:            10            240  org.apache.solr.common.SolrInputDocument
1245:            10            240  [Lorg.apache.lucene.index.Term;
1246:            10            240  sun.rmi.runtime.Log$LoggerLog
1247:            10            240  org.apache.lucene.index.PrefixCodedTerms$Builder
1248:            10            240  org.apache.lucene.store.ChecksumIndexOutput
1249:             2            240  [Lsun.nio.cs.CharsetMapping$Entry;
1250:            10            232  [Ljava.security.cert.Certificate;
1251:             7            224  org.apache.lucene.search.TopFieldDocs
1252:             7            224  sun.rmi.transport.LiveRef
1253:             7            224  org.apache.juli.ClassLoaderLogManager$ClassLoaderLogInfo
1254:             4            224  sun.rmi.transport.Target
1255:            14            224  java.rmi.server.Operation
1256:             7            224  java.io.FileOutputStream
1257:             7            224  org.apache.catalina.util.ManifestResource
1258:             4            224  sun.rmi.transport.tcp.TCPChannel
1259:             7            224  org.apache.lucene.search.FilteredQuery
1260:             9            216  sun.reflect.generics.factory.CoreReflectionFactory
1261:             9            216  java.util.logging.Level$KnownLevel
1262:             9            216  org.apache.solr.search.SolrIndexSearcher$QueryResult
1263:             9            216  org.apache.solr.response.ResultContext
1264:             9            216  org.apache.solr.search.QueryParsing$StrParser
1265:             9            216  org.apache.solr.search.DocListAndSet
1266:             9            216  org.apache.solr.search.DocSlice$1
1267:             9            216  org.apache.catalina.valves.AccessLogValve$StringElement
1268:             9            216  com.sun.org.apache.xerces.internal.impl.dtd.DTDGrammarBucket
1269:             9            216  java.util.concurrent.ExecutorCompletionService
1270:             9            216  org.apache.solr.search.SortSpec
1271:             1            208  [Lsun.misc.FDBigInt;
1272:             2            208  sun.security.jgss.SunProvider
1273:            11            208  [Lsun.reflect.generics.tree.FieldTypeSignature;
1274:             2            208  sun.security.provider.Sun
1275:            10            208  [Ljava.lang.reflect.Type;
1276:             5            200  org.apache.jasper.servlet.JspServlet
1277:             5            200  org.apache.catalina.core.ApplicationContext
1278:             5            200  com.sun.org.apache.xerces.internal.impl.XMLEntityManager$CharacterBufferPool
1279:             5            200  com.sun.org.apache.xerces.internal.util.XMLAttributesImpl
1280:             5            200  com.sun.org.apache.xerces.internal.impl.XMLVersionDetector
1281:             5            200  com.sun.xml.internal.stream.XMLEntityStorage
1282:             5            200  org.apache.catalina.startup.ContextConfig
1283:             5            200  org.apache.jasper.compiler.JspConfig
1284:             5            200  sun.management.MemoryPoolImpl$PoolSensor
1285:             5            200  sun.management.MemoryPoolImpl$CollectionSensor
1286:             5            200  com.sun.org.apache.xerces.internal.impl.XMLErrorReporter
1287:             6            192  org.apache.catalina.deploy.SecurityCollection
1288:            12            192  com.spatial4j.core.distance.GeodesicSphereDistCalc$Haversine
1289:             6            192  org.apache.catalina.deploy.SecurityConstraint
1290:             6            192  java.security.MessageDigest$Delegate
1291:             6            192  java.util.concurrent.SynchronousQueue$TransferStack$SNode
1292:             2            192  org.apache.http.impl.client.SystemDefaultHttpClient
1293:            12            192  org.apache.lucene.search.similarities.DefaultSimilarity
1294:            12            192  org.apache.lucene.codecs.lucene42.Lucene42NormsFormat
1295:            12            192  org.apache.solr.response.JSONResponseWriter
1296:            12            192  org.apache.lucene.index.TieredMergePolicy$SegmentByteSizeDescending
1297:             4            192  java.io.BufferedWriter
1298:             8            192  org.apache.solr.common.SolrException$ErrorCode
1299:             8            192  org.apache.solr.search.SolrIndexSearcher$ProcessedFilter
1300:            12            192  com.spatial4j.core.io.ShapeReadWriter
1301:            12            192  org.apache.catalina.util.StringManager
1302:             6            192  sun.reflect.generics.tree.MethodTypeSignature
1303:             8            192  org.apache.lucene.util.packed.Direct32
1304:             2            192  [Ljava.text.DateFormat$Field;
1305:             8            192  java.math.RoundingMode
1306:            12            192  org.apache.lucene.codecs.lucene42.Lucene42FieldInfosReader
1307:            12            192  org.apache.lucene.codecs.lucene42.Lucene42FieldInfosWriter
1308:             8            192  sun.security.x509.PolicyInformation
1309:            11            176  org.apache.solr.search.SolrIndexSearcher$2
1310:            11            176  org.apache.solr.search.SpatialBoxQParserPlugin
1311:            11            176  org.apache.solr.search.SolrIndexSearcher$3
1312:            11            176  org.apache.solr.search.JoinQParserPlugin
1313:            11            176  org.apache.solr.handler.ReplicationHandler$3
1314:            11            176  org.apache.solr.search.OldLuceneQParserPlugin
1315:            11            176  org.apache.solr.handler.component.StatsComponent
1316:            11            176  java.util.concurrent.Executors$FinalizableDelegatedExecutorService
1317:            11            176  org.apache.solr.search.SurroundQParserPlugin
1318:            11            176  org.apache.solr.update.processor.RunUpdateProcessorFactory
1319:            11            176  org.apache.solr.handler.component.QueryComponent
1320:            11            176  org.apache.solr.search.FunctionQParserPlugin
1321:            11            176  org.apache.solr.search.SolrFieldCacheMBean
1322:            11            176  org.apache.solr.response.transform.ExcludedMarkerFactory
1323:            11            176  org.apache.solr.search.SwitchQParserPlugin
1324:            11            176  org.apache.lucene.search.FieldCache$CreationPlaceholder
1325:            11            176  org.apache.solr.servlet.MultipartRequestParser
1326:            11            176  org.apache.solr.response.transform.ElevatedMarkerFactory
1327:            11            176  org.apache.lucene.search.FieldCacheImpl$HoldsOneThing
1328:            11            176  org.apache.lucene.util.FieldCacheSanityChecker
1329:            11            176  java.text.NumberFormat$Field
1330:            11            176  org.apache.solr.servlet.RawRequestParser
1331:            11            176  org.apache.solr.search.PrefixQParserPlugin
1332:            11            176  org.apache.solr.servlet.FormDataRequestParser
1333:            11            176  org.apache.solr.search.BoostQParserPlugin
1334:            11            176  org.apache.solr.servlet.SimpleRequestParser
1335:            11            176  org.apache.solr.search.DisMaxQParserPlugin
1336:            11            176  org.apache.solr.handler.component.RealTimeGetComponent
1337:            11            176  org.apache.solr.handler.ReplicationHandler$2
1338:            11            176  org.apache.lucene.spatial.query.SpatialArgsParser
1339:            11            176  org.apache.solr.update.processor.LogUpdateProcessorFactory
1340:            11            176  org.apache.solr.search.ExtendedDismaxQParserPlugin
1341:            11            176  org.apache.solr.search.FieldQParserPlugin
1342:             2            176  java.util.jar.JarVerifier
1343:            11            176  org.apache.solr.core.StandardIndexReaderFactory
1344:            11            176  com.google.common.cache.LocalCache$LocalManualCache
1345:            11            176  org.apache.solr.search.RawQParserPlugin
1346:            11            176  org.apache.solr.handler.component.FacetComponent
1347:            11            176  org.apache.solr.core.SchemaCodecFactory
1348:            11            176  org.apache.solr.response.XSLTResponseWriter
1349:            11            176  org.apache.solr.search.TermQParserPlugin
1350:            11            176  org.apache.lucene.analysis.payloads.FloatEncoder
1351:            11            176  org.apache.solr.update.processor.DistributedUpdateProcessorFactory
1352:            11            176  org.apache.lucene.codecs.compressing.CompressionMode$LZ4FastCompressor
1353:            11            176  org.apache.solr.common.params.ModifiableSolrParams
1354:            11            176  [Lorg.apache.solr.schema.IndexSchema$DynamicCopy;
1355:            11            176  org.apache.solr.search.NestedQParserPlugin
1356:            11            176  org.apache.solr.handler.admin.AdminHandlers
1357:            11            176  org.apache.solr.search.LuceneQParserPlugin
1358:            11            176  java.util.regex.Pattern$Dot
1359:            11            176  org.apache.solr.search.FunctionRangeQParserPlugin
1360:            11            176  org.apache.solr.handler.component.TermsComponent
1361:            11            176  org.apache.solr.search.SpatialFilterQParserPlugin
1362:            11            176  org.apache.solr.handler.component.MoreLikeThisComponent
1363:            11            176  org.apache.solr.search.SolrIndexSearcher$1
1364:             7            168  sun.management.counter.Units
1365:             7            168  java.rmi.server.ObjID
1366:             1            168  org.apache.catalina.core.StandardHost
1367:             7            168  com.sun.org.apache.xerces.internal.util.FeatureState
1368:             3            168  javax.management.openmbean.OpenMBeanOperationInfoSupport
1369:             7            168  [Lorg.apache.lucene.search.FieldComparator;
1370:             7            168  org.apache.tomcat.util.http.mapper.Mapper
1371:             9            168  [Lsun.reflect.generics.tree.FormalTypeParameter;
1372:             3            168  [Lorg.apache.lucene.index.MergeState$DocMap;
1373:             3            168  sun.rmi.transport.tcp.TCPConnection
1374:             7            168  sun.security.x509.NetscapeCertTypeExtension$MapEntry
1375:             7            168  com.sun.management.VMOption$Origin
1376:             7            168  java.net.NetPermission
1377:             1            160  org.apache.solr.core.CoreContainer
1378:            10            160  org.apache.lucene.index.FrozenBufferedDeletes$1
1379:             4            160  java.util.Collections$SingletonMap
1380:             5            160  sun.security.x509.ExtendedKeyUsageExtension
1381:             4            160  sun.rmi.transport.WeakRef
1382:             5            160  com.sun.org.apache.xerces.internal.util.NamespaceSupport
1383:             4            160  java.io.BufferedInputStream
1384:             5            160  org.apache.jasper.compiler.TldLocationsCache
1385:            10            160  java.util.WeakHashMap$EntrySet
1386:             5            160  com.sun.org.apache.xpath.internal.objects.XNumber
1387:             2            160  org.apache.catalina.authenticator.BasicAuthenticator
1388:             5            160  com.sun.org.apache.xerces.internal.impl.XMLNSDocumentScannerImpl$NSContentDriver
1389:             5            160  org.apache.jasper.compiler.TagPluginManager
1390:             5            160  org.apache.tomcat.util.digester.RulesBase
1391:            10            160  [Lorg.apache.lucene.search.Query;
1392:             5            160  org.apache.naming.TransactionRef
1393:            10            160  org.apache.lucene.index.PrefixCodedTerms
1394:            10            160  java.util.zip.CRC32
1395:             5            160  javax.imageio.spi.SubRegistry
1396:             2            160  javax.management.remote.rmi.NoCallStackClassLoader
1397:             1            152  org.apache.catalina.core.StandardEngine
1398:             1            152  org.apache.jk.common.ChannelSocket
1399:             1            152  [Lorg.apache.tomcat.util.buf.StringCache$ByteEntry;
1400:             6            144  sun.reflect.generics.reflectiveObjects.ParameterizedTypeImpl
1401:             6            144  [Lorg.apache.catalina.deploy.SecurityCollection;
1402:             2            144  sun.security.ssl.SSLContextImpl$TLS10Context
1403:             6            144  java.util.regex.Pattern$CharPropertyNames$2
1404:             3            144  java.lang.ThreadGroup
1405:             6            144  sun.misc.PerfCounter
1406:             6            144  org.apache.solr.core.SolrInfoMBean$Category
1407:             6            144  sun.security.ssl.ProtocolVersion
1408:             6            144  org.apache.catalina.startup.SetAllPropertiesRule
1409:             6            144  sun.security.x509.Extension
1410:             6            144  org.apache.solr.search.SortedIntDocSet$2
1411:             2            144  com.mysql.jdbc.ConnectionPropertiesImpl$LongConnectionProperty
1412:             6            144  com.sun.org.apache.xerces.internal.util.Status
1413:             3            144  org.apache.lucene.index.MergeState
1414:             9            144  com.sun.org.apache.xerces.internal.impl.XMLDocumentScannerImpl$XMLDeclDriver
1415:             9            144  com.sun.org.apache.xerces.internal.impl.XMLDocumentScannerImpl$PrologDriver
1416:             9            144  com.sun.org.apache.xerces.internal.impl.XMLDocumentScannerImpl$TrailingMiscDriver
1417:             2            144  [Ljava.math.BigDecimal;
1418:             3            144  org.apache.catalina.util.Extension
1419:             6            144  com.sun.org.apache.xml.internal.utils.NSInfo
1420:             6            144  sun.reflect.generics.scope.MethodScope
1421:             3            144  org.apache.lucene.index.MultiDocsAndPositionsEnum
1422:             3            144  org.apache.lucene.codecs.MappingMultiDocsAndPositionsEnum
1423:             2            144  org.apache.http.impl.conn.HttpConnPool
1424:             3            136  [Lorg.apache.lucene.index.DocsAndPositionsEnum;
1425:             1            136  com.sun.org.apache.xerces.internal.dom.DocumentImpl
1426:             4            128  sun.util.locale.UnicodeLocaleExtension
1427:             2            128  [Lorg.apache.lucene.util.Version;
1428:             2            128  java.io.ExpiringCache$1
1429:             4            128  com.sun.jmx.mbeanserver.DefaultMXBeanMappingFactory$ArrayMapping
1430:             4            128  org.apache.tomcat.util.threads.ThreadPool$ControlRunnable
1431:             4            128  javax.management.StandardEmitterMBean
1432:             8            128  java.util.regex.Pattern$CharPropertyNames$3
1433:             4            128  [Ljava.rmi.server.Operation;
1434:             2            128  org.apache.solr.handler.dataimport.RequestInfo
1435:             2            128  org.apache.solr.handler.dataimport.DocBuilder
1436:             4            128  sun.reflect.generics.reflectiveObjects.TypeVariableImpl
1437:             1            128  org.apache.catalina.valves.AccessLogValve
1438:             4            128  javax.management.MBeanNotificationInfo
1439:             8            128  org.apache.lucene.search.FieldCacheImpl$IntsFromArray
1440:             4            128  org.apache.http.conn.scheme.Scheme
1441:             2            128  javax.management.remote.rmi.RMIConnectorServer
1442:             1            128  org.apache.coyote.http11.Http11Protocol
1443:             7            128  [Lorg.apache.tomcat.util.http.mapper.Mapper$Host;
1444:             4            128  java.security.AlgorithmParameters
1445:             4            128  sun.security.ssl.EphemeralKeyManager$EphemeralKeyPair
1446:             4            128  sun.rmi.transport.tcp.TCPTransport
1447:             2            128  org.apache.solr.handler.dataimport.config.Entity
1448:             6            128  [Ljava.security.CodeSigner;
1449:             4            128  sun.security.ssl.SSLSessionContextImpl
1450:             2            128  org.apache.solr.handler.dataimport.EntityProcessorWrapper
1451:             8            128  sun.security.x509.CertificatePolicyId
1452:             5            120  java.util.regex.Pattern$Dollar
1453:             5            120  org.apache.http.auth.AuthProtocolState
1454:             3            120  org.apache.catalina.deploy.FilterDef
1455:             5            120  com.sun.org.apache.xerces.internal.util.SymbolTable
1456:             5            120  com.sun.org.apache.xerces.internal.impl.validation.ValidationManager
1457:             5            120  java.util.jar.Manifest
1458:             5            120  com.sun.org.apache.xerces.internal.impl.msg.XMLMessageFormatter
1459:             5            120  org.apache.lucene.index.FilteredTermsEnum$AcceptStatus
1460:             3            120  org.apache.lucene.index.SegmentMerger
1461:             5            120  org.apache.catalina.core.ApplicationContextFacade
1462:             5            120  java.net.ServerSocket
1463:             5            120  com.sun.org.apache.xerces.internal.util.PropertyState
1464:             5            120  org.apache.catalina.startup.TldConfig
1465:             5            120  java.io.BufferedOutputStream
1466:             5            120  org.apache.lucene.util.packed.Packed64SingleBlock$Packed64SingleBlock5
1467:             5            120  sun.security.jca.ServiceId
1468:             5            120  org.apache.lucene.util.packed.Packed64SingleBlock$Packed64SingleBlock9
1469:             5            120  com.sun.org.apache.xerces.internal.util.SecurityManager
1470:             5            120  org.apache.lucene.util.automaton.CompiledAutomaton$AUTOMATON_TYPE
1471:             5            120  org.apache.solr.schema.TrieField$TrieTypes
1472:             3            120  org.apache.solr.search.DocSetDelegateCollector
1473:             3            120  sun.security.ec.ECPublicKeyImpl
1474:             5            120  javax.imageio.spi.PartiallyOrderedSet
1475:             5            120  javax.xml.namespace.QName
1476:             1            112  org.apache.juli.ClassLoaderLogManager$Cleaner
1477:             2            112  com.sun.jmx.mbeanserver.MBeanIntrospector$PerInterfaceMap
1478:             2            112  com.sun.jmx.mbeanserver.MBeanIntrospector$MBeanInfoMap
1479:             2            112  org.apache.lucene.codecs.lucene40.Lucene40Codec
1480:             7            112  java.util.logging.ErrorManager
1481:             7            112  org.apache.naming.NameParserImpl
1482:             1            112  org.apache.catalina.startup.Catalina$CatalinaShutdownHook
1483:             2            112  org.apache.coyote.RequestGroupInfo
1484:             2            112  org.apache.solr.handler.dataimport.ContextImpl
1485:             1            112  java.util.logging.LogManager$Cleaner
1486:             1            112  java.lang.ref.Finalizer$FinalizerThread
1487:             7            112  java.util.concurrent.ConcurrentHashMap$Values
1488:             2            112  javax.management.remote.rmi.RMIJRMPServerImpl
1489:             2            112  org.apache.catalina.startup.CallMethodMultiRule
1490:             1            104  sun.security.jca.ProviderList$1
1491:             5            104  [Lorg.apache.catalina.deploy.SecurityConstraint;
1492:             1            104  com.sun.net.ssl.internal.ssl.Provider
1493:             1            104  sun.security.rsa.SunRsaSign
1494:             1            104  org.apache.solr.handler.SnapPuller
1495:             1            104  sun.security.ec.ECKeyFactory$1
1496:             1            104  org.apache.catalina.startup.Catalina
1497:             1            104  com.sun.crypto.provider.SunJCE
1498:             1            104  sun.misc.GC$Daemon
1499:             1            104  com.sun.security.sasl.Provider
1500:             1            104  org.jcp.xml.dsig.internal.dom.XMLDSigRI
1501:             1            104  sun.security.smartcardio.SunPCSC
1502:             1            104  java.lang.ref.Reference$ReferenceHandler
1503:             1            104  org.apache.catalina.realm.UserDatabaseRealm
1504:             5            104  [Lorg.apache.catalina.deploy.FilterMap;
1505:             1            104  org.apache.tomcat.util.net.JIoEndpoint
1506:             1            104  sun.security.ec.SunEC
1507:             4             96  org.apache.catalina.deploy.ErrorPage
1508:             4             96  org.apache.lucene.document.FieldType$NumericType
1509:             1             96  [Lorg.apache.jk.core.JkHandler;
1510:             3             96  java.io.DataOutputStream
1511:             4             96  org.apache.solr.handler.admin.LukeRequestHandler$ShowStyle
1512:             3             96  sun.reflect.generics.repository.ClassRepository
1513:             4             96  java.text.Normalizer$Form
1514:             4             96  com.sun.org.apache.xerces.internal.parsers.AbstractSAXParser$LocatorProxy
1515:             2             96  [Lcom.google.common.cache.LocalCache$EntryFactory;
1516:             3             96  org.apache.lucene.store.MergeInfo
1517:             3             96  org.apache.lucene.index.MergeState$CheckAbort
1518:             6             96  sun.security.provider.NativePRNG
1519:             3             96  org.apache.tomcat.util.buf.UDecoder$DecodeException
1520:             4             96  org.apache.lucene.index.MergePolicy$MergeTrigger
1521:             4             96  sun.rmi.transport.ObjectEndpoint
1522:             4             96  java.util.regex.Pattern$Bound
1523:             2             96  javax.management.openmbean.TabularType
1524:             6             96  java.util.logging.SimpleFormatter
1525:             3             96  org.apache.solr.update.UpdateLog$DBQ
1526:             3             96  sun.misc.GC$LatencyRequest
1527:             2             96  org.apache.solr.handler.dataimport.JdbcDataSource
1528:             6             96  java.util.TreeMap$EntrySet
1529:             4             96  org.apache.lucene.index.FieldInfo$DocValuesType
1530:             4             96  java.rmi.dgc.VMID
1531:             4             96  sun.reflect.generics.tree.FormalTypeParameter
1532:             6             96  java.security.AllPermission
1533:             4             96  org.apache.lucene.util.packed.Packed64SingleBlock$Packed64SingleBlock3
1534:             6             96  [Lsun.reflect.generics.tree.TypeSignature;
1535:             3             96  sun.security.x509.PrivateKeyUsageExtension
1536:             4             96  org.apache.solr.handler.dataimport.DataImporter$Status
1537:             4             96  org.apache.solr.handler.PingRequestHandler$ACTIONS
1538:             3             96  java.util.concurrent.atomic.AtomicReferenceFieldUpdater$AtomicReferenceFieldUpdaterImpl
1539:             3             96  javax.management.MBeanConstructorInfo
1540:             4             96  org.apache.solr.search.SolrCache$State
1541:             2             96  org.apache.solr.handler.dataimport.config.DIHConfiguration
1542:             4             96  com.sun.xml.internal.stream.Entity$InternalEntity
1543:             2             96  sun.management.GarbageCollectorImpl
1544:             2             96  org.apache.solr.handler.dataimport.SqlEntityProcessor
1545:             3             96  org.apache.catalina.deploy.FilterMap
1546:             4             96  java.awt.Queue
1547:             4             96  org.apache.lucene.index.FieldInfo$IndexOptions
1548:             4             96  com.sun.org.apache.xerces.internal.impl.XMLDocumentScannerImpl$ContentDriver
1549:             3             96  sun.rmi.transport.tcp.TCPTransport$AcceptLoop
1550:             4             96  sun.util.locale.LocaleExtensions
1551:             4             96  org.apache.solr.servlet.cache.Method
1552:             4             96  java.io.ObjectStreamClass$ExceptionInfo
1553:             2             96  org.apache.lucene.util.packed.MonotonicAppendingLongBuffer
1554:             3             96  com.sun.jmx.mbeanserver.DefaultMXBeanMappingFactory$EnumMapping
1555:             3             96  org.apache.catalina.deploy.LoginConfig
1556:             4             96  org.apache.lucene.util.RamUsageEstimator$JvmFeature
1557:             3             96  org.apache.http.HttpHost
1558:             4             96  org.apache.lucene.store.IOContext$Context
1559:             3             96  org.apache.catalina.core.ApplicationFilterConfig
1560:             2             96  [Lcom.sun.management.VMOption$Origin;
1561:             6             96  java.util.Collections$UnmodifiableMap$UnmodifiableEntrySet
1562:             4             96  org.apache.solr.update.UpdateLog$State
1563:             1             88  com.sun.imageio.plugins.gif.GIFImageReaderSpi
1564:             1             88  [Lsun.security.util.ObjectIdentifier;
1565:             1             88  [[Ljava.lang.Byte;
1566:             1             88  com.sun.imageio.plugins.gif.GIFImageWriterSpi
1567:             1             88  com.sun.imageio.plugins.bmp.BMPImageReaderSpi
1568:             1             88  com.sun.imageio.plugins.bmp.BMPImageWriterSpi
1569:             1             88  com.sun.imageio.plugins.wbmp.WBMPImageReaderSpi
1570:             1             88  com.sun.imageio.plugins.wbmp.WBMPImageWriterSpi
1571:             1             88  com.sun.imageio.plugins.png.PNGImageReaderSpi
1572:             1             88  com.sun.imageio.plugins.png.PNGImageWriterSpi
1573:             1             88  com.sun.imageio.plugins.jpeg.JPEGImageReaderSpi
1574:             1             88  [Lorg.apache.catalina.valves.AccessLogValve$AccessLogElement;
1575:             1             88  sun.nio.cs.CharsetMapping
1576:             1             88  com.sun.imageio.plugins.jpeg.JPEGImageWriterSpi
1577:             2             80  org.apache.catalina.startup.CallParamMultiRule
1578:             2             80  org.apache.solr.handler.dataimport.DebugLogger$DebugInfo
1579:             1             80  org.apache.jk.common.HandlerRequest
1580:             1             80  sun.misc.Launcher$ExtClassLoader
1581:             2             80  org.apache.lucene.index.StandardDirectoryReader$ReaderCommit
1582:             2             80  [Lorg.apache.tomcat.util.http.mapper.Mapper$Context;
1583:             5             80  org.apache.catalina.core.StandardHost$MemoryLeakTrackingListener
1584:             2             80  java.util.Locale$Category
1585:             2             80  com.sun.jmx.mbeanserver.DefaultMXBeanMappingFactory$TabularMapping
1586:             2             80  org.apache.catalina.mbeans.ConnectorMBean
1587:             2             80  org.apache.catalina.mbeans.MBeanFactory
1588:             1             80  [Lorg.apache.solr.common.params.CoreAdminParams$CoreAdminAction;
1589:             1             80  org.apache.http.impl.conn.DefaultClientConnection
1590:             1             80  sun.rmi.transport.DGCClient$EndpointEntry
1591:             2             80  org.apache.solr.handler.ReplicationHandler$FileInfo
1592:             5             80  [Lorg.apache.catalina.deploy.ApplicationParameter;
1593:             2             80  java.net.SocketTimeoutException
1594:             5             80  com.sun.org.apache.xerces.internal.parsers.AbstractSAXParser$AttributesProxy
1595:             1             80  org.apache.jk.core.MsgContext
1596:             2             80  org.apache.solr.handler.dataimport.DataImportHandler$1
1597:             5             80  sun.net.www.protocol.jar.Handler
1598:             1             80  org.apache.catalina.core.StandardServer
1599:             5             80  java.net.Socket$3
1600:             2             80  org.apache.solr.handler.dataimport.JdbcDataSource$1
1601:             5             80  java.net.Socket$2
1602:             1             80  sun.misc.Launcher$AppClassLoader
1603:             2             80  org.apache.catalina.connector.MapperListener
1604:             5             80  org.apache.catalina.util.CharsetMapper
1605:             2             80  org.apache.http.conn.routing.HttpRoute
1606:             1             80  org.apache.http.impl.io.SocketInputBuffer
1607:             2             80  java.io.ExpiringCache
1608:             5             80  com.sun.org.apache.xerces.internal.impl.dv.dtd.DTDDVFactoryImpl
1609:             1             80  org.apache.catalina.loader.StandardClassLoader
1610:             1             72  org.apache.http.impl.conn.HttpPoolEntry
1611:             3             72  org.apache.solr.update.processor.DistributedUpdateProcessor$DistribPhase
1612:             3             72  sun.awt.AppContext$State
1613:             3             72  org.apache.solr.update.UpdateLog$SyncLevel
1614:             3             72  sun.reflect.generics.scope.ClassScope
1615:             1             72  [Lorg.apache.solr.handler.dataimport.DIHLogLevels;
1616:             3             72  [Lsun.reflect.generics.tree.ClassTypeSignature;
1617:             3             72  sun.reflect.generics.tree.ClassSignature
1618:             3             72  org.apache.solr.common.params.CommonParams$EchoParamStyle
1619:             3             72  [Ljava.lang.reflect.TypeVariable;
1620:             1             72  org.apache.catalina.core.StandardService
1621:             3             72  org.apache.http.HttpVersion
1622:             3             72  org.apache.lucene.analysis.ja.JapaneseTokenizer$Mode
1623:             1             72  [Ljavax.management.openmbean.OpenType;
1624:             3             72  org.apache.lucene.analysis.util.AnalysisSPILoader
1625:             3             72  org.apache.lucene.index.StoredFieldVisitor$Status
1626:             3             72  org.apache.lucene.index.IndexWriterConfig$OpenMode
1627:             3             72  org.apache.solr.core.SolrConfig$HttpCachingConfig$LastModFrom
1628:             1             72  java.awt.EventQueue
1629:             3             72  java.net.Proxy$Type
1630:             3             72  sun.misc.Signal
1631:             3             72  org.apache.lucene.util.NamedSPILoader
1632:             1             72  [Ljavax.management.openmbean.SimpleType;
1633:             3             72  org.apache.lucene.index.TermsEnum$SeekStatus
1634:             2             72  [Lsun.security.jca.ProviderConfig;
1635:             1             72  sun.reflect.misc.MethodUtil
1636:             3             72  java.security.SecurityPermission
1637:             3             72  org.apache.lucene.util.fst.FST$INPUT_TYPE
1638:             1             72  org.apache.jk.server.JkMain
1639:             1             72  [Lcom.sun.org.apache.xml.internal.dtm.ref.ExtendedType;
1640:             1             72  [Lorg.apache.lucene.search.SortField$Type;
1641:             3             72  com.sun.jmx.mbeanserver.ClassLoaderRepositorySupport$LoaderEntry
1642:             1             72  java.util.logging.LogManager$RootLogger
1643:             2             64  [Lorg.apache.lucene.util.RamUsageEstimator$JvmFeature;
1644:             4             64  org.apache.solr.common.params.RequiredSolrParams
1645:             2             64  org.apache.solr.handler.dataimport.SimplePropertiesWriter
1646:             2             64  sun.rmi.transport.DGCImpl$LeaseInfo
1647:             2             64  javax.net.ssl.SSLParameters
1648:             2             64  com.sun.jndi.ldap.pool.Pool
1649:             1             64  org.apache.catalina.mbeans.MemoryUserDatabaseMBean
1650:             2             64  sun.security.x509.SubjectAlternativeNameExtension
1651:             2             64  [Lorg.apache.lucene.analysis.ja.JapaneseTokenizer$Mode;
1652:             4             64  java.util.regex.Pattern$Begin
1653:             1             64  sun.security.provider.NativePRNG$RandomIO
1654:             2             64  sun.rmi.server.UnicastServerRef
1655:             1             64  org.apache.jk.server.JkCoyoteHandler
1656:             2             64  org.apache.catalina.filters.CsrfPreventionFilter
1657:             2             64  sun.rmi.server.UnicastServerRef2
1658:             2             64  java.lang.VirtualMachineError
1659:             2             64  com.sun.jmx.mbeanserver.DefaultMXBeanMappingFactory$CollectionMapping
1660:             2             64  [Lorg.apache.solr.core.SolrConfig$HttpCachingConfig$LastModFrom;
1661:             2             64  java.io.PrintStream
1662:             1             64  com.google.common.cache.CacheStats
1663:             2             64  com.sun.org.apache.xpath.internal.objects.XBooleanStatic
1664:             2             64  sun.util.logging.PlatformLogger$JavaLogger
1665:             1             64  org.apache.solr.handler.component.HttpShardHandlerFactory
1666:             2             64  org.apache.lucene.index.MergeState$DocMap$1
1667:             2             64  sun.security.ssl.X509TrustManagerImpl
1668:             2             64  [Lorg.apache.solr.handler.PingRequestHandler$ACTIONS;
1669:             2             64  org.apache.jk.common.MsgAjp
1670:             2             64  sun.nio.fs.UnixPath
1671:             2             64  org.apache.catalina.util.SchemaResolver
1672:             2             64  java.lang.ref.ReferenceQueue$Null
1673:             2             64  java.security.BasicPermissionCollection
1674:             2             64  [[Lcom.sun.org.apache.xerces.internal.xni.QName;
1675:             1             64  java.util.ResourceBundle$RBClassLoader
1676:             4             64  com.sun.org.apache.xerces.internal.util.EntityResolverWrapper
1677:             4             64  org.apache.catalina.util.DefaultAnnotationProcessor
1678:             4             64  org.apache.solr.common.util.XMLErrorLogger
1679:             1             64  org.apache.solr.handler.admin.CollectionsHandler
1680:             2             64  com.mysql.jdbc.JDBC4DatabaseMetaData
1681:             2             64  [Lorg.apache.solr.servlet.cache.Method;
1682:             2             64  org.apache.solr.handler.dataimport.DebugLogger
1683:             2             64  org.apache.http.impl.conn.PoolingClientConnectionManager
1684:             4             64  com.sun.org.apache.xerces.internal.util.ErrorHandlerWrapper
1685:             1             64  org.apache.tomcat.util.threads.ThreadPool
1686:             1             64  org.apache.solr.handler.admin.CoreAdminHandler
1687:             2             64  javax.management.remote.JMXServiceURL
1688:             2             64  sun.net.spi.DefaultProxySelector$NonProxyInfo
1689:             2             64  org.apache.solr.handler.dataimport.DebugLogger$1
1690:             1             56  org.apache.lucene.codecs.lucene42.Lucene42Codec
1691:             1             56  sun.security.provider.SHA
1692:             1             56  java.net.SocketPermission
1693:             1             56  com.sun.jmx.mbeanserver.DefaultMXBeanMappingFactory$Mappings
1694:             1             56  [Lorg.apache.http.HttpRequestInterceptor;
1695:             1             56  org.apache.http.impl.io.SocketOutputBuffer
1696:             1             56  org.apache.lucene.codecs.lucene41.Lucene41Codec
1697:             1             56  org.apache.lucene.analysis.util.CharArrayMap$EmptyCharArrayMap
1698:             1             56  sun.awt.AppContext
1699:             2             56  [Lorg.apache.catalina.startup.HostConfig$DeployedApplication;
1700:             1             56  org.tartarus.snowball.ext.FinnishStemmer
1701:             1             56  org.apache.solr.client.solrj.impl.LBHttpSolrServer
1702:             1             56  org.apache.http.impl.conn.DefaultHttpResponseParser
1703:             1             56  [Ljava.lang.Runnable;
1704:             1             56  [Lorg.apache.jk.core.Msg;
1705:             1             56  sun.nio.cs.ISO_8859_1$Encoder
1706:             1             56  java.util.logging.ConsoleHandler
1707:             1             56  org.tartarus.snowball.ext.RomanianStemmer
1708:             1             56  org.apache.juli.ClassLoaderLogManager
1709:             1             56  sun.rmi.runtime.Log$InternalStreamHandler
1710:             1             56  org.apache.catalina.startup.HostConfig
1711:             1             56  com.ctc.wstx.util.InternCache
1712:             2             48  org.apache.http.util.ByteArrayBuffer
1713:             1             48  org.apache.lucene.codecs.simpletext.SimpleTextCodec
1714:             1             48  org.apache.lucene.util.packed.BulkOperationPacked22
1715:             1             48  org.apache.jk.core.WorkerEnv
1716:             2             48  java.lang.management.ManagementPermission
1717:             2             48  org.apache.http.impl.io.HttpTransportMetricsImpl
1718:             1             48  org.apache.lucene.util.packed.BulkOperationPacked10
1719:             3             48  java.nio.channels.FileChannel$MapMode
1720:             2             48  org.apache.solr.search.Grouping$Format
1721:             1             48  org.tartarus.snowball.ext.SwedishStemmer
1722:             2             48  [Lorg.apache.solr.search.Grouping$Format;
1723:             3             48  com.sun.org.apache.xerces.internal.impl.dv.dtd.ListDatatypeValidator
1724:             1             48  [Lsun.management.counter.Units;
1725:             2             48  org.apache.solr.search.Grouping$TotalCount
1726:             1             48  org.apache.lucene.util.packed.BulkOperationPacked23
1727:             2             48  org.apache.solr.search.BitDocSet$2
1728:             2             48  org.apache.solr.core.DirectoryFactory$DirContext
1729:             1             48  org.apache.lucene.util.packed.BulkOperationPacked11
1730:             1             48  org.tartarus.snowball.ext.BasqueStemmer
1731:             2             48  org.apache.tomcat.util.http.mapper.Mapper$ContextList
1732:             2             48  org.apache.solr.parser.QueryParser$Operator
1733:             2             48  java.security.AllPermissionCollection
1734:             1             48  org.tartarus.snowball.ext.ArmenianStemmer
1735:             1             48  org.apache.lucene.util.packed.BulkOperationPacked24
1736:             1             48  org.apache.lucene.util.packed.BulkOperationPacked12
1737:             2             48  java.util.regex.Pattern$SliceI
1738:             3             48  com.ctc.wstx.api.WstxInputProperties$ParsingMode
1739:             2             48  sun.rmi.transport.SequenceEntry
1740:             1             48  org.apache.catalina.mbeans.RoleMBean
1741:             1             48  org.apache.solr.logging.jul.RecordHandler
1742:             1             48  [Lorg.apache.solr.common.SolrException$ErrorCode;
1743:             2             48  com.sun.jmx.interceptor.DefaultMBeanServerInterceptor$ListenerWrapper
1744:             3             48  sun.rmi.server.UnicastRef
1745:             1             48  org.apache.lucene.util.packed.BulkOperationPacked13
1746:             2             48  javax.management.NotificationBroadcasterSupport$ListenerInfo
1747:             2             48  org.apache.http.impl.client.DefaultHttpRequestRetryHandler
1748:             3             48  sun.security.ec.ECParameters
1749:             2             48  sun.security.ssl.SSLAlgorithmConstraints
1750:             3             48  org.apache.lucene.codecs.lucene40.Lucene40FieldInfosReader
1751:             1             48  org.apache.catalina.mbeans.UserMBean
1752:             2             48  org.apache.solr.handler.dataimport.VariableResolver
1753:             1             48  org.apache.lucene.util.packed.BulkOperationPacked14
1754:             1             48  org.tartarus.snowball.ext.DutchStemmer
1755:             3             48  sun.security.x509.RFC822Name
1756:             3             48  java.nio.charset.CodingErrorAction
1757:             1             48  org.apache.catalina.users.MemoryUserDatabase
1758:             2             48  org.apache.solr.search.SortedIntDocSet$1
1759:             2             48  sun.misc.NativeSignalHandler
1760:             1             48  org.apache.lucene.util.packed.BulkOperationPacked15
1761:             1             48  org.apache.lucene.util.packed.BulkOperationPacked1
1762:             1             48  org.tartarus.snowball.ext.NorwegianStemmer
1763:             3             48  org.apache.lucene.codecs.lucene40.Lucene40TermVectorsFormat
1764:             1             48  org.tartarus.snowball.ext.CatalanStemmer
1765:             2             48  org.apache.lucene.util.packed.Packed64SingleBlock$Packed64SingleBlock2
1766:             2             48  org.apache.solr.handler.dataimport.DocBuilder$DocWrapper
1767:             2             48  org.apache.solr.handler.dataimport.DateFormatEvaluator
1768:             1             48  org.tartarus.snowball.ext.TurkishStemmer
1769:             1             48  org.apache.lucene.util.packed.BulkOperationPacked16
1770:             2             48  org.apache.tomcat.util.http.mapper.Mapper$Host
1771:             2             48  sun.nio.cs.ext.EUC_KR
1772:             3             48  org.apache.lucene.codecs.lucene40.Lucene40FieldInfosFormat
1773:             1             48  org.apache.lucene.util.packed.BulkOperationPacked2
1774:             3             48  java.text.AttributedCharacterIterator$Attribute
1775:             2             48  sun.security.jca.ProviderList
1776:             2             48  com.ctc.wstx.util.SymbolTable$Bucket
1777:             2             48  org.apache.solr.handler.dataimport.config.PropertyWriter
1778:             2             48  java.net.InetAddress$Cache
1779:             2             48  sun.management.ManagementFactoryHelper$1
1780:             2             48  org.apache.solr.client.solrj.SolrRequest$METHOD
1781:             1             48  org.apache.lucene.util.packed.BulkOperationPacked17
1782:             1             48  org.apache.lucene.util.packed.BulkOperationPacked3
1783:             1             48  org.tartarus.snowball.ext.IrishStemmer
1784:             2             48  java.net.InetAddress$Cache$Type
1785:             3             48  sun.rmi.server.UnicastRef2
1786:             2             48  org.apache.http.impl.conn.DefaultClientConnectionOperator
1787:             1             48  org.apache.lucene.util.packed.BulkOperationPacked4
1788:             1             48  org.apache.catalina.mbeans.JmxRemoteLifecycleListener
1789:             2             48  org.apache.lucene.codecs.lucene40.Lucene40Codec$1
1790:             3             48  sun.text.normalizer.NormalizerBase$QuickCheckResult
1791:             1             48  org.apache.lucene.util.packed.BulkOperationPacked18
1792:             2             48  org.apache.catalina.valves.AccessLogValve$ElapsedTimeElement
1793:             3             48  org.apache.lucene.codecs.lucene40.Lucene40DocValuesFormat
1794:             1             48  org.tartarus.snowball.ext.DanishStemmer
1795:             2             48  [Lsun.security.ssl.EphemeralKeyManager$EphemeralKeyPair;
1796:             2             48  com.sun.jmx.mbeanserver.WeakIdentityHashMap
1797:             1             48  org.apache.lucene.util.packed.BulkOperationPacked5
1798:             3             48  org.apache.lucene.codecs.lucene40.Lucene40NormsFormat
1799:             2             48  org.apache.catalina.connector.CoyoteAdapter
1800:             1             48  [Lsun.security.x509.NetscapeCertTypeExtension$MapEntry;
1801:             3             48  javax.management.remote.rmi.RMIServerImpl_Stub
1802:             2             48  sun.awt.MostRecentKeyValue
1803:             2             48  sun.security.provider.certpath.X509CertPath
1804:             1             48  org.apache.lucene.util.packed.BulkOperationPacked19
1805:             1             48  org.apache.lucene.util.packed.BulkOperationPacked6
1806:             2             48  [Ljava.net.InetAddress;
1807:             2             48  java.security.CodeSigner
1808:             2             48  org.apache.http.util.CharArrayBuffer
1809:             1             48  [Ljava.util.concurrent.TimeUnit;
1810:             1             48  org.apache.lucene.util.packed.BulkOperationPacked20
1811:             3             48  sun.rmi.server.WeakClassHashMap$ValueCell
1812:             1             48  [Ljava.math.RoundingMode;
1813:             3             48  com.sun.org.apache.xerces.internal.impl.dtd.DTDGrammar$QNameHashtable
1814:             3             48  org.apache.catalina.realm.RealmBase$AllRolesMode
1815:             1             48  org.apache.lucene.util.packed.BulkOperationPacked7
1816:             2             48  org.apache.http.conn.ssl.SSLSocketFactory
1817:             2             48  org.apache.http.conn.routing.RouteInfo$TunnelType
1818:             2             48  java.nio.charset.CoderResult
1819:             2             48  org.apache.lucene.search.spell.WordBreakSpellChecker$BreakSuggestionSortMethod
1820:             1             48  org.apache.lucene.util.packed.BulkOperationPacked8
1821:             3             48  org.apache.catalina.util.URLEncoder
1822:             1             48  org.apache.lucene.codecs.lucene3x.Lucene3xCodec
1823:             2             48  org.apache.http.conn.routing.RouteInfo$LayerType
1824:             1             48  org.apache.lucene.util.packed.BulkOperationPacked21
1825:             1             48  org.apache.jk.common.JkInputStream
1826:             1             48  org.tartarus.snowball.ext.RussianStemmer
1827:             2             48  [Lcom.sun.jmx.mbeanserver.ClassLoaderRepositorySupport$LoaderEntry;
1828:             1             48  org.apache.lucene.util.packed.BulkOperationPacked9
1829:             2             48  sun.security.jca.ProviderList$3
1830:             1             40  sun.security.util.AuthResources_zh_CN
1831:             1             40  org.apache.http.impl.HttpConnectionMetricsImpl
1832:             1             40  [Lorg.apache.lucene.document.Field$Index;
1833:             1             40  org.apache.catalina.valves.ErrorReportValve
1834:             1             40  org.apache.http.pool.AbstractConnPool$1
1835:             1             40  com.sun.jmx.mbeanserver.MBeanServerDelegateImpl
1836:             1             40  org.apache.catalina.deploy.ContextResourceEnvRef
1837:             1             40  [Lorg.apache.solr.core.SolrInfoMBean$Category;
1838:             1             40  sun.awt.resources.awt
1839:             2             40  [Lorg.apache.catalina.connector.Connector;
1840:             1             40  org.apache.catalina.deploy.ContextEnvironment
1841:             1             40  [Lorg.apache.lucene.index.FilteredTermsEnum$AcceptStatus;
1842:             1             40  org.apache.catalina.mbeans.ContextResourceMBean
1843:             1             40  org.apache.http.conn.routing.RouteTracker
1844:             1             40  sun.awt.resources.awt_zh_CN
1845:             1             40  org.apache.tomcat.util.modeler.Registry
1846:             1             40  [Lcom.sun.org.apache.xerces.internal.util.Status;
1847:             1             40  org.apache.catalina.mbeans.ContextEnvironmentMBean
1848:             1             40  sun.nio.cs.ext.ExtendedCharsets
1849:             1             40  [Ljava.lang.management.MemoryPoolMXBean;
1850:             1             40  org.apache.catalina.core.StandardHostValve
1851:             1             40  sun.management.MappedMXBeanType$CompositeDataMXBeanType
1852:             1             40  sun.management.MemoryManagerImpl
1853:             1             40  [Lsun.security.jca.ServiceId;
1854:             1             40  sun.nio.cs.StandardCharsets$Aliases
1855:             1             40  [Lorg.apache.http.auth.AuthProtocolState;
1856:             1             40  com.sun.xml.internal.stream.util.BufferAllocator
1857:             1             40  sun.nio.cs.StandardCharsets$Classes
1858:             1             40  org.apache.tomcat.util.log.SystemLogHandler
1859:             1             40  sun.nio.cs.StandardCharsets$Cache
1860:             1             40  [Lorg.apache.lucene.util.automaton.CompiledAutomaton$AUTOMATON_TYPE;
1861:             1             40  org.apache.catalina.deploy.ContextResource
1862:             1             40  [Lorg.apache.lucene.document.Field$TermVector;
1863:             1             40  sun.util.logging.resources.logging
1864:             1             40  com.sun.jmx.interceptor.DefaultMBeanServerInterceptor
1865:             1             40  org.apache.catalina.core.StandardEngineValve
1866:             1             40  java.util.ResourceBundle$1
1867:             1             40  com.sun.jmx.mbeanserver.JmxMBeanServer
1868:             1             40  sun.util.logging.resources.logging_zh_CN
1869:             1             40  [Lorg.apache.solr.schema.TrieField$TrieTypes;
1870:             1             40  sun.security.provider.DSAPublicKeyImpl
1871:             1             40  sun.security.util.AuthResources
1872:             1             40  org.tartarus.snowball.ext.HungarianStemmer
1873:             1             40  org.apache.catalina.users.MemoryUser
1874:             2             32  org.apache.tomcat.util.net.DefaultServerSocketFactory
1875:             1             32  [Lorg.apache.solr.update.UpdateLog$State;
1876:             1             32  sun.management.MemoryImpl
1877:             1             32  org.apache.tomcat.util.threads.ThreadPool$MonitorRunnable
1878:             1             32  [Lorg.apache.lucene.document.FieldType$NumericType;
1879:             1             32  [Lsun.awt.AppContext$State;
1880:             1             32  [Lorg.apache.solr.update.processor.DistributedUpdateProcessor$DistribPhase;
1881:             2             32  com.mysql.jdbc.log.StandardLogger
1882:             1             32  [Lorg.apache.solr.update.UpdateLog$SyncLevel;
1883:             2             32  org.apache.http.impl.client.BasicCredentialsProvider
1884:             2             32  sun.net.www.protocol.file.Handler
1885:             1             32  [Lorg.apache.solr.handler.admin.LukeRequestHandler$ShowStyle;
1886:             2             32  org.apache.solr.handler.dataimport.SqlEscapingEvaluator
1887:             2             32  sun.rmi.transport.DGCImpl_Stub
1888:             2             32  com.sun.org.apache.xerces.internal.impl.dv.dtd.ENTITYDatatypeValidator
1889:             1             32  java.util.RegularEnumSet
1890:             1             32  [Ljava.text.Normalizer$Form;
1891:             2             32  org.apache.solr.handler.dataimport.UrlEvaluator
1892:             1             32  org.apache.solr.core.Config
1893:             2             32  java.nio.ByteOrder
1894:             1             32  org.wltea.analyzer.dic.Dictionary
1895:             2             32  org.apache.solr.handler.dataimport.SolrQueryEscapingEvaluator
1896:             1             32  sun.nio.fs.LinuxFileSystem
1897:             1             32  [Lorg.apache.solr.common.params.CommonParams$EchoParamStyle;
1898:             2             32  org.apache.http.impl.conn.HttpConnPool$InternalConnFactory
1899:             1             32  org.apache.lucene.index.MergeState$CheckAbort$1
1900:             1             32  sun.security.x509.AuthorityInfoAccessExtension
1901:             1             32  [Lorg.apache.lucene.index.MergePolicy$MergeTrigger;
1902:             1             32  [Lcom.sun.jndi.ldap.pool.Pool;
1903:             1             32  org.apache.lucene.search.FieldCacheImpl
1904:             1             32  org.apache.solr.servlet.SolrDispatchFilter
1905:             1             32  org.apache.lucene.codecs.lucene41.Lucene41Codec$1
1906:             2             32  java.util.Hashtable$KeySet
1907:             1             32  java.lang.ClassCastException
1908:             2             32  java.sql.DriverInfo
1909:             1             32  java.security.KeyFactory
1910:             1             32  org.apache.coyote.http11.Http11Protocol$Http11ConnectionHandler$1
1911:             1             32  [Lorg.apache.lucene.index.StoredFieldVisitor$Status;
1912:             1             32  org.apache.solr.logging.jul.JulWatcher
1913:             1             32  [Ljava.lang.ThreadGroup;
1914:             1             32  com.sun.jmx.mbeanserver.Repository
1915:             1             32  sun.nio.fs.NativeBuffer
1916:             1             32  [Lcom.google.common.cache.LocalCache$Strength;
1917:             1             32  sun.security.x509.IssuerAlternativeNameExtension
1918:             2             32  org.apache.lucene.codecs.simpletext.SimpleTextDocValuesFormat
1919:             1             32  [Lorg.apache.lucene.index.IndexWriterConfig$OpenMode;
1920:             1             32  [Lorg.apache.lucene.index.FieldInfo$IndexOptions;
1921:             1             32  org.apache.solr.logging.CircularList
1922:             1             32  sun.nio.cs.StandardCharsets
1923:             1             32  org.apache.catalina.core.StandardEngine$AccessLogListener
1924:             1             32  [Ljava.net.Proxy$Type;
1925:             1             32  [Lsun.nio.fs.NativeBuffer;
1926:             2             32  org.apache.http.conn.scheme.SchemeRegistry
1927:             1             32  [Lorg.apache.lucene.index.FieldInfo$DocValuesType;
1928:             1             32  sun.management.jmxremote.LocalRMIServerSocketFactory$1
1929:             2             32  org.apache.lucene.codecs.lucene40.Lucene40StoredFieldsFormat
1930:             1             32  sun.management.MappedMXBeanType$InProgress
1931:             1             32  org.apache.catalina.startup.Bootstrap
1932:             2             32  org.apache.naming.StringManager
1933:             1             32  [Ljava.lang.management.MemoryManagerMXBean;
1934:             2             32  org.apache.http.params.SyncBasicHttpParams
1935:             1             32  org.apache.catalina.core.JreMemoryLeakPreventionListener
1936:             2             32  sun.security.ssl.SSLSocketFactoryImpl
1937:             2             32  java.lang.Boolean
1938:             1             32  sun.rmi.transport.proxy.RMIMasterSocketFactory
1939:             1             32  org.apache.http.impl.client.TargetAuthenticationStrategy
1940:             1             32  [Lorg.apache.solr.handler.dataimport.DataImporter$Status;
1941:             2             32  org.apache.http.impl.conn.SystemDefaultDnsResolver
1942:             2             32  sun.security.util.DisabledAlgorithmConstraints$KeySizeConstraints
1943:             2             32  org.apache.http.conn.scheme.PlainSocketFactory
1944:             1             32  [Lorg.apache.lucene.index.TermsEnum$SeekStatus;
1945:             1             32  org.apache.http.impl.client.ProxyAuthenticationStrategy
1946:             2             32  org.apache.lucene.search.FilteredQuery$LeapFrogFilterStrategy
1947:             1             32  [Lorg.apache.solr.search.SolrCache$State;
1948:             2             32  sun.security.ssl.EphemeralKeyManager
1949:             1             32  sun.management.MappedMXBeanType$EnumMXBeanType
1950:             1             32  java.lang.ArrayIndexOutOfBoundsException
1951:             1             32  sun.rmi.transport.DGCClient$EndpointEntry$RefEntry
1952:             2             32  java.lang.Shutdown$Lock
1953:             1             32  [Lorg.apache.lucene.search.BooleanClause$Occur;
1954:             1             32  [Ljava.awt.Queue;
1955:             1             32  sun.rmi.transport.DGCClient$EndpointEntry$RefEntry$PhantomLiveRef
1956:             1             32  org.apache.catalina.startup.WebRuleSet
1957:             1             32  [[Lcom.sun.org.apache.xerces.internal.impl.dtd.models.ContentModelValidator;
1958:             1             32  sun.security.provider.SecureRandom
1959:             1             32  com.sun.org.apache.xerces.internal.impl.XMLEntityScanner$1
1960:             1             32  java.util.regex.Pattern$Behind
1961:             1             32  com.google.common.util.concurrent.MoreExecutors$SameThreadExecutorService
1962:             1             32  sun.awt.PostEventQueue
1963:             1             32  java.lang.NullPointerException
1964:             1             32  [[[Ljava.lang.String;
1965:             1             32  [[Lcom.sun.org.apache.xerces.internal.impl.dv.DatatypeValidator;
1966:             1             32  java.lang.ArithmeticException
1967:             2             32  java.util.jar.JarVerifier$3
1968:             1             32  java.io.UnixFileSystem
1969:             1             32  [Ljava.lang.OutOfMemoryError;
1970:             1             32  java.text.DontCareFieldPosition
1971:             1             32  org.apache.lucene.codecs.pulsing.Pulsing41PostingsFormat
1972:             1             32  java.lang.Exception
1973:             1             32  [Lorg.apache.lucene.util.fst.FST$INPUT_TYPE;
1974:             2             32  sun.util.logging.PlatformLogger
1975:             1             32  org.apache.naming.ResourceEnvRef
1976:             2             32  org.apache.lucene.codecs.simpletext.SimpleTextPostingsFormat
1977:             2             32  javax.xml.xpath.SecuritySupport
1978:             1             32  [Lorg.apache.lucene.store.IOContext$Context;
1979:             1             32  org.apache.coyote.http11.Http11Protocol$Http11ConnectionHandler
1980:             2             32  [Ljava.lang.annotation.Annotation;
1981:             1             32  sun.misc.SoftCache
1982:             1             24  org.apache.lucene.document.Field$Index$3
1983:             1             24  sun.nio.cs.IBM850
1984:             1             24  com.mysql.jdbc.SingleByteCharsetConverter
1985:             1             24  sun.nio.cs.ext.IBM1122
1986:             1             24  sun.nio.cs.ext.ISO_8859_8
1987:             1             24  sun.nio.cs.ext.MacHebrew
1988:             1             24  com.google.common.cache.LocalCache$EntryFactory$6
1989:             1             24  sun.nio.cs.ext.MS50220
1990:             1             24  com.sun.imageio.spi.RAFImageInputStreamSpi
1991:             1             24  org.apache.lucene.document.Field$Index$4
1992:             1             24  sun.nio.cs.ext.IBM420
1993:             1             24  org.apache.lucene.search.FieldCacheImpl$ByteCache
1994:             1             24  sun.nio.cs.IBM862
1995:             1             24  org.apache.catalina.startup.SoapHeaderRule
1996:             1             24  sun.nio.cs.ext.IBM1141
1997:             1             24  org.apache.jasper.runtime.JspFactoryImpl
1998:             1             24  com.google.common.cache.LocalCache$Strength$1
1999:             1             24  com.google.common.cache.LocalCache$EntryFactory$7
2000:             1             24  sun.nio.cs.ext.JIS_X_0201
2001:             1             24  org.apache.solr.client.solrj.SolrQuery
2002:             1             24  org.apache.lucene.document.Field$Index$5
2003:             1             24  sun.nio.cs.IBM852
2004:             1             24  java.util.ResourceBundle$Control$CandidateListCache
2005:             1             24  sun.nio.cs.ext.IBM1123
2006:             1             24  sun.nio.cs.ext.IBM950
2007:             1             24  org.apache.catalina.startup.WrapperCreateRule
2008:             1             24  sun.nio.cs.ext.MacIceland
2009:             1             24  sun.nio.cs.ext.MS50221
2010:             1             24  com.google.common.cache.LocalCache$Strength$2
2011:             1             24  sun.nio.cs.ext.JIS_X_0212
2012:             1             24  com.google.common.cache.LocalCache$EntryFactory$8
2013:             1             24  com.sun.jmx.mbeanserver.StandardMBeanSupport
2014:             1             24  sun.nio.cs.ext.IBM424
2015:             1             24  sun.nio.cs.ext.IBM1142
2016:             1             24  com.sun.management.UnixOperatingSystem
2017:             1             24  sun.nio.cs.ext.IBM935
2018:             1             24  org.apache.catalina.startup.SecurityRoleRefCreateRule
2019:             1             24  com.google.common.cache.LocalCache$Strength$3
2020:             1             24  org.apache.lucene.codecs.simpletext.SimpleTextSegmentInfoFormat
2021:             1             24  sun.nio.cs.IBM775
2022:             1             24  sun.nio.cs.ext.IBM1124
2023:             1             24  sun.nio.cs.ext.SJIS
2024:             1             24  sun.nio.cs.IBM866
2025:             1             24  org.apache.lucene.codecs.lucene3x.Lucene3xCodec$1
2026:             1             24  org.apache.catalina.startup.SetSessionConfig
2027:             1             24  org.apache.http.impl.conn.ProxySelectorRoutePlanner
2028:             1             24  sun.nio.cs.ext.MacRoman
2029:             1             24  sun.nio.cs.ext.MS874
2030:             1             24  [Lorg.apache.solr.search.Grouping$TotalCount;
2031:             1             24  sun.nio.cs.ext.IBM500
2032:             1             24  sun.nio.cs.ext.IBM964
2033:             1             24  sun.nio.cs.ext.IBM1143
2034:             1             24  org.apache.lucene.codecs.simpletext.SimpleTextFieldInfosFormat
2035:             1             24  [Lorg.apache.http.HttpResponseInterceptor;
2036:             1             24  [Lorg.apache.solr.core.DirectoryFactory$DirContext;
2037:             1             24  sun.nio.cs.UTF_32
2038:             1             24  sun.nio.cs.ISO_8859_13
2039:             1             24  org.slf4j.helpers.FormattingTuple
2040:             1             24  org.apache.lucene.search.FieldCacheImpl$ShortCache
2041:             1             24  sun.nio.cs.ext.TIS_620
2042:             1             24  sun.nio.cs.ext.MacRomania
2043:             1             24  org.apache.lucene.codecs.memory.MemoryPostingsFormat
2044:             1             24  sun.jdbc.odbc.JdbcOdbcDriver
2045:             1             24  [Lorg.apache.solr.parser.QueryParser$Operator;
2046:             1             24  sun.nio.cs.ext.IBM860
2047:             1             24  sun.nio.cs.ext.IBM1144
2048:             1             24  sun.nio.cs.ext.IBM937
2049:             1             24  org.apache.http.protocol.ImmutableHttpProcessor
2050:             1             24  sun.nio.cs.MS1251
2051:             1             24  sun.nio.cs.IBM855
2052:             1             24  sun.nio.cs.ext.MS1255
2053:             1             24  sun.nio.cs.ext.IBM1364
2054:             1             24  sun.nio.cs.ext.MacSymbol
2055:             1             24  sun.nio.cs.ext.MS949
2056:             1             24  sun.nio.cs.ext.IBM861
2057:             1             24  org.apache.lucene.search.FieldCacheImpl$IntCache
2058:             1             24  sun.management.RuntimeImpl
2059:             1             24  sun.nio.cs.ext.IBM970
2060:             1             24  sun.nio.cs.ext.IBM1145
2061:             1             24  javax.imageio.ImageIO$CacheInfo
2062:             1             24  sun.nio.cs.MS1250
2063:             1             24  com.sun.imageio.spi.RAFImageOutputStreamSpi
2064:             1             24  sun.nio.cs.IBM437
2065:             1             24  sun.security.x509.AccessDescription
2066:             1             24  java.util.Collections$EmptyMap
2067:             1             24  sun.nio.cs.ext.MS1256
2068:             1             24  org.apache.catalina.startup.SetContextPropertiesRule
2069:             1             24  sun.nio.cs.ext.MacThai
2070:             1             24  org.apache.lucene.codecs.lucene41.Lucene41Codec$2
2071:             1             24  sun.net.www.protocol.http.Handler
2072:             1             24  sun.nio.cs.ext.IBM863
2073:             1             24  sun.nio.cs.ext.IBM939
2074:             1             24  sun.launcher.LauncherHelper
2075:             1             24  sun.nio.cs.ext.IBM1146
2076:             1             24  org.apache.lucene.codecs.bloom.BloomFilteringPostingsFormat
2077:             1             24  sun.nio.cs.MS1253
2078:             1             24  org.apache.lucene.search.FieldCacheImpl$FloatCache
2079:             1             24  java.sql.SQLPermission
2080:             1             24  sun.nio.cs.ISO_8859_15
2081:             1             24  sun.nio.cs.ext.IBM1381
2082:             1             24  sun.nio.cs.ext.MS1258
2083:             1             24  sun.nio.cs.ext.MacTurkish
2084:             1             24  com.sun.org.apache.xerces.internal.impl.Constants$ArrayEnumeration
2085:             1             24  java.util.Locale$Cache
2086:             1             24  sun.nio.cs.ext.ISCII91
2087:             1             24  sun.nio.cs.ext.IBM864
2088:             1             24  sun.nio.cs.ext.MS950
2089:             1             24  org.apache.lucene.codecs.appending.AppendingCodec
2090:             1             24  [Lsun.launcher.LauncherHelper;
2091:             1             24  sun.nio.cs.ext.Big5
2092:             1             24  sun.nio.cs.ext.IBM1147
2093:             1             24  [Ljava.util.Locale$Category;
2094:             1             24  com.sun.org.apache.xpath.internal.jaxp.XPathFactoryImpl
2095:             1             24  java.util.Collections$SynchronizedList
2096:             1             24  sun.nio.cs.MS1252
2097:             1             24  sun.nio.cs.IBM858
2098:             1             24  [Lorg.apache.tomcat.util.IntrospectionUtils$PropertySource;
2099:             1             24  sun.nio.cs.ext.ISO2022_CN_CNS
2100:             1             24  sun.nio.fs.NativeBuffer$Deallocator
2101:             1             24  com.sun.org.apache.xml.internal.utils.XMLReaderManager
2102:             1             24  java.net.Proxy
2103:             1             24  sun.nio.cs.ext.MacUkraine
2104:             1             24  sun.nio.cs.ext.IBM942
2105:             1             24  sun.rmi.transport.DGCImpl
2106:             1             24  com.sun.jmx.mbeanserver.DefaultMXBeanMappingFactory$CompositeBuilderViaFrom
2107:             1             24  sun.nio.cs.ext.Big5_HKSCS
2108:             1             24  sun.nio.cs.ext.IBM865
2109:             1             24  sun.nio.cs.ext.MSISO2022JP
2110:             1             24  org.apache.lucene.search.FieldCacheImpl$LongCache
2111:             1             24  sun.nio.cs.ext.IBM1148
2112:             1             24  org.apache.commons.logging.impl.SLF4JLogFactory
2113:             1             24  sun.nio.cs.UTF_32BE
2114:             1             24  sun.nio.cs.ext.MS932_0213
2115:             1             24  sun.nio.cs.ext.ISO2022_CN_GB
2116:             1             24  sun.nio.cs.ext.MS932
2117:             1             24  sun.nio.cs.IBM857
2118:             1             24  sun.nio.cs.ext.EUC_JP
2119:             1             24  org.apache.catalina.security.SecurityConfig
2120:             1             24  sun.nio.cs.ext.IBM1383
2121:             1             24  sun.nio.cs.ext.IBM942C
2122:             1             24  sun.misc.URLClassPath$FileLoader
2123:             1             24  sun.nio.cs.ext.IBM868
2124:             1             24  java.util.logging.LogManager$LoggerContext
2125:             1             24  sun.nio.cs.ext.MS950_HKSCS
2126:             1             24  sun.nio.cs.ext.IBM1149
2127:             1             24  sun.nio.cs.ext.Big5_HKSCS_2001
2128:             1             24  java.util.logging.LogManager$SystemLoggerContext
2129:             1             24  sun.nio.cs.MS1254
2130:             1             24  sun.nio.cs.UTF_32LE_BOM
2131:             1             24  sun.nio.cs.ext.ISO_8859_11
2132:             1             24  sun.util.locale.BaseLocale$Cache
2133:             1             24  org.apache.lucene.search.FieldCacheImpl$DoubleCache
2134:             1             24  sun.nio.cs.ext.MS950_HKSCS_XP
2135:             1             24  sun.nio.cs.UTF_16LE_BOM
2136:             1             24  sun.nio.cs.US_ASCII
2137:             1             24  sun.nio.cs.ext.IBM33722
2138:             1             24  org.apache.solr.response.transform.ExplainAugmenterFactory
2139:             1             24  sun.nio.cs.ext.IBM869
2140:             1             24  sun.nio.cs.ext.JIS_X_0208
2141:             1             24  sun.nio.cs.ext.IBM037
2142:             1             24  sun.security.ssl.SSLAlgorithmConstraints$TLSDisabledAlgConstraints
2143:             1             24  sun.nio.cs.MS1257
2144:             1             24  sun.nio.cs.ext.Big5_Solaris
2145:             1             24  sun.nio.cs.UTF_32BE_BOM
2146:             1             24  sun.nio.cs.ISO_8859_1
2147:             1             24  java.util.logging.LoggingPermission
2148:             1             24  org.apache.solr.util.stats.Histogram$SampleType$1
2149:             1             24  com.sun.org.apache.xpath.internal.objects.XString
2150:             1             24  java.util.concurrent.TimeUnit$1
2151:             1             24  org.apache.lucene.codecs.memory.DirectPostingsFormat
2152:             1             24  org.apache.lucene.search.MultiTermQuery$2
2153:             1             24  sun.nio.cs.ext.IBM870
2154:             1             24  sun.nio.cs.UTF_16BE
2155:             1             24  sun.nio.cs.ext.COMPOUND_TEXT
2156:             1             24  org.apache.solr.util.stats.Histogram$SampleType$2
2157:             1             24  sun.nio.cs.ext.JISAutoDetect
2158:             1             24  org.apache.lucene.search.FieldCacheImpl$BinaryDocValuesCache
2159:             1             24  sun.nio.cs.KOI8_R
2160:             1             24  sun.nio.cs.ext.IBM1026
2161:             1             24  sun.nio.cs.ext.IBM833
2162:             1             24  java.util.concurrent.Executors$DelegatedScheduledExecutorService
2163:             1             24  sun.nio.cs.UTF_16LE
2164:             1             24  java.util.concurrent.TimeUnit$2
2165:             1             24  sun.nio.cs.ISO_8859_2
2166:             1             24  sun.nio.cs.ext.MS936
2167:             1             24  sun.nio.cs.UTF_8
2168:             1             24  java.math.MutableBigInteger
2169:             1             24  sun.nio.cs.ext.EUC_JP_LINUX
2170:             1             24  [Lorg.apache.solr.util.stats.Histogram$SampleType;
2171:             1             24  [Ljava.lang.reflect.Constructor;
2172:             1             24  sun.nio.cs.ext.IBM871
2173:             1             24  sun.rmi.registry.RegistryImpl
2174:             1             24  sun.nio.cs.ext.IBM834
2175:             1             24  sun.nio.cs.UTF_16
2176:             1             24  [Lorg.apache.solr.client.solrj.SolrRequest$METHOD;
2177:             1             24  org.apache.lucene.search.FieldCacheImpl$SortedDocValuesCache
2178:             1             24  sun.nio.cs.ext.EUC_TW
2179:             1             24  sun.nio.cs.ext.IBM1047
2180:             1             24  org.apache.solr.response.transform.ValueAugmenterFactory
2181:             1             24  sun.nio.cs.KOI8_U
2182:             1             24  sun.nio.cs.ext.PCK
2183:             1             24  java.util.concurrent.TimeUnit$3
2184:             1             24  sun.net.sdp.SdpProvider
2185:             1             24  sun.nio.cs.ISO_8859_4
2186:             1             24  org.apache.lucene.codecs.lucene40.Lucene40PostingsFormat
2187:             1             24  java.lang.reflect.ReflectPermission
2188:             1             24  sun.nio.cs.ext.IBM918
2189:             1             24  [Ljava.net.InetAddress$Cache$Type;
2190:             1             24  sun.nio.cs.ext.IBM856
2191:             1             24  sun.nio.cs.ext.EUC_JP_Open
2192:             1             24  sun.nio.cs.UTF_32LE
2193:             1             24  sun.security.ssl.SSLAlgorithmConstraints$X509DisabledAlgConstraints
2194:             1             24  sun.nio.cs.ext.IBM943
2195:             1             24  sun.nio.cs.ext.SJIS_0213
2196:             1             24  sun.nio.cs.ext.Johab
2197:             1             24  org.apache.catalina.valves.AccessLogValve$ByteSentElement
2198:             1             24  com.sun.jmx.mbeanserver.MXBeanLookup
2199:             1             24  sun.nio.cs.ext.IBM273
2200:             1             24  java.util.concurrent.TimeUnit$4
2201:             1             24  sun.nio.cs.ext.GB18030
2202:             1             24  sun.nio.cs.ext.ISO2022_CN
2203:             1             24  sun.management.ThreadImpl
2204:             1             24  com.google.common.cache.CacheBuilder$OneWeigher
2205:             1             24  org.apache.lucene.search.BooleanClause$Occur$1
2206:             1             24  sun.nio.cs.ext.IBM875
2207:             1             24  sun.nio.cs.ext.IBM1006
2208:             1             24  sun.nio.cs.ext.IBM943C
2209:             1             24  sun.rmi.runtime.RuntimeUtil$1
2210:             1             24  sun.nio.cs.ext.MacArabic
2211:             1             24  [Lcom.google.common.cache.CacheBuilder$OneWeigher;
2212:             1             24  org.apache.lucene.search.BooleanClause$Occur$2
2213:             1             24  java.util.concurrent.TimeUnit$5
2214:             1             24  sun.nio.cs.ext.IBM277
2215:             1             24  sun.security.provider.DSAParameters
2216:             1             24  org.apache.lucene.search.BooleanClause$Occur$3
2217:             1             24  sun.nio.cs.Surrogate$Parser
2218:             1             24  java.net.Inet4AddressImpl
2219:             1             24  sun.nio.cs.ISO_8859_5
2220:             1             24  org.apache.lucene.document.Field$TermVector$1
2221:             1             24  sun.nio.cs.ext.IBM921
2222:             1             24  sun.nio.cs.ext.ISO2022_JP
2223:             1             24  sun.nio.cs.ext.IBM1025
2224:             1             24  com.google.common.cache.CacheBuilder$NullListener
2225:             1             24  sun.nio.cs.ext.MacCentralEurope
2226:             1             24  java.util.concurrent.TimeUnit$6
2227:             1             24  sun.nio.cs.ext.EUC_CN
2228:             1             24  sun.nio.cs.ext.IBM278
2229:             1             24  [Lcom.google.common.cache.CacheBuilder$NullListener;
2230:             1             24  org.apache.lucene.document.Field$TermVector$2
2231:             1             24  com.ctc.wstx.compat.Jdk14Impl
2232:             1             24  sun.nio.cs.ext.ISO2022_JP_2
2233:             1             24  org.apache.catalina.startup.SetPublicIdRule
2234:             1             24  sun.nio.cs.IBM874
2235:             1             24  org.apache.lucene.document.Field$TermVector$3
2236:             1             24  org.apache.http.protocol.BasicHttpProcessor
2237:             1             24  sun.nio.cs.ext.IBM922
2238:             1             24  com.sun.security.auth.PolicyFile
2239:             1             24  org.apache.lucene.search.FieldCacheImpl$DocTermOrdsCache
2240:             1             24  sun.nio.cs.ext.IBM1046
2241:             1             24  org.apache.lucene.codecs.lucene41.Lucene41PostingsFormat
2242:             1             24  sun.nio.cs.ext.IBM948
2243:             1             24  org.apache.catalina.users.MemoryRole
2244:             1             24  sun.management.VMManagementImpl
2245:             1             24  java.util.concurrent.TimeUnit$7
2246:             1             24  sun.nio.cs.ext.MacCroatian
2247:             1             24  sun.nio.cs.ext.IBM280
2248:             1             24  org.apache.catalina.startup.IgnoreAnnotationsRule
2249:             1             24  org.apache.lucene.document.Field$TermVector$4
2250:             1             24  java.util.regex.Pattern$Pos
2251:             1             24  sun.net.ProgressMonitor
2252:             1             24  sun.management.CompilationImpl
2253:             1             24  org.apache.lucene.search.FieldCacheImpl$DocsWithFieldCache
2254:             1             24  sun.nio.cs.ISO_8859_7
2255:             1             24  org.apache.catalina.startup.SetDistributableRule
2256:             1             24  org.apache.lucene.document.Field$TermVector$5
2257:             1             24  org.apache.solr.schema.DateField$ThreadLocalDateFormat
2258:             1             24  sun.nio.cs.ext.ISO2022_KR
2259:             1             24  sun.nio.cs.ext.IBM1097
2260:             1             24  sun.nio.cs.ext.MacCyrillic
2261:             1             24  org.apache.lucene.util.packed.PackedInts$Format$1
2262:             1             24  java.lang.ProcessEnvironment$StringEnvironment
2263:             1             24  org.apache.http.impl.io.HttpRequestWriter
2264:             1             24  org.apache.catalina.startup.SetJspConfig
2265:             1             24  com.google.common.cache.LocalCache$EntryFactory$1
2266:             1             24  sun.nio.cs.ext.IBM284
2267:             1             24  sun.nio.cs.ext.GBK
2268:             1             24  java.net.InetAddress$CacheEntry
2269:             1             24  com.sun.imageio.spi.FileImageInputStreamSpi
2270:             1             24  sun.nio.cs.ext.IBM930
2271:             1             24  org.apache.catalina.startup.SetLoginConfig
2272:             1             24  [Lorg.apache.http.conn.routing.RouteInfo$TunnelType;
2273:             1             24  org.apache.lucene.util.packed.PackedInts$Format$2
2274:             1             24  sun.nio.cs.ISO_8859_9
2275:             1             24  com.google.common.cache.LocalCache$EntryFactory$2
2276:             1             24  sun.nio.cs.ext.IBM1098
2277:             1             24  sun.nio.cs.ext.ISO_8859_3
2278:             1             24  sun.nio.cs.ext.IBM949
2279:             1             24  [Lorg.apache.lucene.search.spell.WordBreakSpellChecker$BreakSuggestionSortMethod;
2280:             1             24  com.sun.org.apache.xerces.internal.impl.dtd.XMLContentSpec
2281:             1             24  sun.nio.cs.ext.MacDingbat
2282:             1             24  org.apache.catalina.startup.SetAuthConstraintRule
2283:             1             24  com.sun.imageio.spi.FileImageOutputStreamSpi
2284:             1             24  sun.nio.cs.ext.IBM285
2285:             1             24  sun.nio.cs.ThreadLocalCoders$1
2286:             1             24  org.apache.solr.common.util.DateUtil$ThreadLocalDateFormat
2287:             1             24  org.apache.solr.schema.BoolField$1
2288:             1             24  com.sun.jmx.mbeanserver.ClassLoaderRepositorySupport
2289:             1             24  com.google.common.cache.LocalCache$EntryFactory$3
2290:             1             24  sun.nio.cs.ext.IBM838
2291:             1             24  [Lorg.apache.catalina.Service;
2292:             1             24  [Lorg.apache.http.conn.routing.RouteInfo$LayerType;
2293:             1             24  org.apache.catalina.startup.ServiceQnameRule
2294:             1             24  org.apache.lucene.search.MatchAllDocsQuery$MatchAllDocsWeight
2295:             1             24  org.apache.lucene.document.Field$Index$1
2296:             1             24  sun.nio.cs.IBM737
2297:             1             24  sun.nio.cs.ext.IBM1112
2298:             1             24  sun.nio.cs.ext.IBM949C
2299:             1             24  com.sun.imageio.spi.InputStreamImageInputStreamSpi
2300:             1             24  sun.nio.cs.ext.ISO_8859_6
2301:             1             24  com.google.common.cache.LocalCache$EntryFactory$4
2302:             1             24  sun.nio.cs.ext.MacGreek
2303:             1             24  sun.nio.cs.ThreadLocalCoders$2
2304:             1             24  org.apache.tomcat.util.net.JIoEndpoint$WorkerStack
2305:             1             24  sun.nio.cs.ext.IBM297
2306:             1             24  org.apache.lucene.document.Field$Index$2
2307:             1             24  sun.nio.cs.ext.IBM1140
2308:             1             24  com.google.common.cache.LocalCache$EntryFactory$5
2309:             1             24  org.apache.lucene.search.TopDocs
2310:             1             24  com.sun.imageio.spi.OutputStreamImageOutputStreamSpi
2311:             1             24  sun.nio.cs.ext.IBM933
2312:             1             16  java.lang.management.PlatformComponent$4
2313:             1             16  sun.reflect.GeneratedMethodAccessor10
2314:             1             16  org.apache.solr.search.ValueSourceParser$61
2315:             1             16  org.apache.lucene.codecs.lucene3x.Lucene3xTermVectorsFormat
2316:             1             16  com.sun.org.apache.xerces.internal.impl.dv.dtd.StringDatatypeValidator
2317:             1             16  java.lang.reflect.ReflectAccess
2318:             1             16  sun.reflect.GeneratedMethodAccessor65
2319:             1             16  sun.reflect.GeneratedMethodAccessor50
2320:             1             16  sun.reflect.GeneratedConstructorAccessor13
2321:             1             16  sun.reflect.GeneratedMethodAccessor78
2322:             1             16  org.slf4j.impl.StaticLoggerBinder
2323:             1             16  java.lang.management.PlatformComponent$5
2324:             1             16  org.apache.lucene.search.FieldCache$6
2325:             1             16  org.apache.solr.search.ValueSourceParser$62
2326:             1             16  org.apache.http.impl.client.DefaultConnectionKeepAliveStrategy
2327:             1             16  java.util.Collections$EmptySet
2328:             1             16  sun.reflect.GeneratedConstructorAccessor48
2329:             1             16  sun.reflect.GeneratedConstructorAccessor62
2330:             1             16  org.apache.http.protocol.RequestUserAgent
2331:             1             16  sun.reflect.GeneratedSerializationConstructorAccessor5
2332:             1             16  org.apache.solr.search.ValueSourceParser$22
2333:             1             16  org.apache.lucene.codecs.lucene3x.Lucene3xFieldInfosFormat
2334:             1             16  sun.reflect.GeneratedMethodAccessor26
2335:             1             16  com.sun.org.apache.xerces.internal.impl.dv.dtd.IDDatatypeValidator
2336:             1             16  org.apache.http.impl.entity.EntityDeserializer
2337:             1             16  sun.util.locale.InternalLocaleBuilder$CaseInsensitiveChar
2338:             1             16  com.sun.jmx.mbeanserver.DefaultMXBeanMappingFactory
2339:             1             16  java.lang.management.PlatformComponent$6
2340:             1             16  org.apache.solr.search.ValueSourceParser$63
2341:             1             16  sun.reflect.GeneratedMethodAccessor11
2342:             1             16  sun.reflect.GeneratedMethodAccessor42
2343:             1             16  java.lang.CharacterData00
2344:             1             16  org.apache.solr.search.ValueSourceParser$23
2345:             1             16  sun.reflect.GeneratedMethodAccessor79
2346:             1             16  org.slf4j.impl.JDK14LoggerFactory
2347:             1             16  sun.reflect.GeneratedSerializationConstructorAccessor11
2348:             1             16  org.apache.tomcat.util.net.JIoEndpoint$Acceptor
2349:             1             16  sun.reflect.GeneratedMethodAccessor51
2350:             1             16  org.apache.lucene.search.FieldCache$7
2351:             1             16  org.apache.http.protocol.RequestExpectContinue
2352:             1             16  com.sun.org.apache.xerces.internal.impl.dv.dtd.IDREFDatatypeValidator
2353:             1             16  org.apache.lucene.codecs.simpletext.SimpleTextStoredFieldsFormat
2354:             1             16  sun.reflect.GeneratedMethodAccessor66
2355:             1             16  org.apache.solr.search.ValueSourceParser$64
2356:             1             16  java.lang.management.PlatformComponent$7
2357:             1             16  sun.reflect.GeneratedMethodAccessor27
2358:             1             16  sun.reflect.GeneratedConstructorAccessor49
2359:             1             16  sun.reflect.GeneratedSerializationConstructorAccessor6
2360:             1             16  org.apache.solr.response.CSVResponseWriter
2361:             1             16  org.apache.lucene.search.DocIdSet$1$1
2362:             1             16  org.apache.solr.search.ValueSourceParser$24
2363:             1             16  org.apache.solr.search.ValueSourceParser$65
2364:             1             16  sun.reflect.GeneratedMethodAccessor80
2365:             1             16  sun.reflect.GeneratedMethodAccessor12
2366:             1             16  java.lang.management.PlatformComponent$8
2367:             1             16  sun.reflect.GeneratedConstructorAccessor68
2368:             1             16  org.apache.lucene.codecs.lucene3x.Lucene3xSegmentInfoFormat
2369:             1             16  org.apache.lucene.util.fst.NoOutputs
2370:             1             16  java.io.FileDescriptor$1
2371:             1             16  sun.reflect.GeneratedSerializationConstructorAccessor12
2372:             1             16  org.apache.lucene.search.FieldCache$8
2373:             1             16  sun.reflect.GeneratedMethodAccessor52
2374:             1             16  sun.reflect.GeneratedMethodAccessor28
2375:             1             16  org.apache.solr.search.ValueSourceParser$66
2376:             1             16  java.util.Collections$EmptyList
2377:             1             16  org.apache.solr.search.ValueSourceParser$25
2378:             1             16  com.google.common.cache.CacheBuilder$3
2379:             1             16  java.util.logging.LoggingProxyImpl
2380:             1             16  sun.reflect.GeneratedConstructorAccessor50
2381:             1             16  java.lang.management.PlatformComponent$9
2382:             1             16  sun.reflect.GeneratedSerializationConstructorAccessor7
2383:             1             16  sun.reflect.GeneratedConstructorAccessor24
2384:             1             16  sun.reflect.GeneratedMethodAccessor131
2385:             1             16  sun.reflect.GeneratedMethodAccessor81
2386:             1             16  java.util.regex.Pattern$CharPropertyNames$5
2387:             1             16  org.apache.solr.search.ValueSourceParser$67
2388:             1             16  com.sun.jmx.mbeanserver.MBeanInstantiator
2389:             1             16  org.apache.solr.search.ValueSourceParser$26
2390:             1             16  org.apache.lucene.search.FieldCache$9
2391:             1             16  java.lang.management.PlatformComponent$10
2392:             1             16  com.sun.org.apache.xerces.internal.impl.dv.dtd.NOTATIONDatatypeValidator
2393:             1             16  sun.reflect.GeneratedMethodAccessor53
2394:             1             16  org.apache.http.client.protocol.RequestAddCookies
2395:             1             16  sun.reflect.GeneratedMethodAccessor13
2396:             1             16  sun.management.jmxremote.ConnectorBootstrap$PermanentExporter
2397:             1             16  org.apache.lucene.codecs.lucene3x.Lucene3xNormsFormat
2398:             1             16  org.apache.solr.search.ValueSourceParser$68
2399:             1             16  sun.util.CoreResourceBundleControl
2400:             1             16  sun.reflect.GeneratedMethodAccessor132
2401:             1             16  sun.net.spi.DefaultProxySelector
2402:             1             16  sun.reflect.GeneratedSerializationConstructorAccessor8
2403:             1             16  sun.reflect.GeneratedMethodAccessor82
2404:             1             16  java.lang.management.PlatformComponent$11
2405:             1             16  com.sun.org.apache.xerces.internal.impl.dv.dtd.NMTOKENDatatypeValidator
2406:             1             16  org.apache.catalina.startup.EngineConfig
2407:             1             16  sun.reflect.GeneratedConstructorAccessor25
2408:             1             16  java.lang.Runtime
2409:             1             16  sun.reflect.GeneratedSerializationConstructorAccessor13
2410:             1             16  org.apache.solr.search.ValueSourceParser$27
2411:             1             16  org.apache.solr.search.ValueSourceParser$69
2412:             1             16  java.security.ProtectionDomain$1
2413:             1             16  org.apache.lucene.search.FieldCache$10
2414:             1             16  sun.reflect.GeneratedSerializationConstructorAccessor4
2415:             1             16  java.lang.management.PlatformComponent$12
2416:             1             16  sun.reflect.GeneratedMethodAccessor54
2417:             1             16  org.apache.lucene.util.fst.NoOutputs$1
2418:             1             16  sun.reflect.GeneratedMethodAccessor14
2419:             1             16  sun.security.ec.ECKeyFactory
2420:             1             16  sun.reflect.GeneratedMethodAccessor46
2421:             1             16  [Ljava.lang.Enum;
2422:             1             16  org.apache.solr.search.ValueSourceParser$70
2423:             1             16  [Lorg.apache.solr.client.solrj.impl.LBHttpSolrServer$ServerWrapper;
2424:             1             16  sun.management.ManagementFactoryHelper$PlatformLoggingImpl
2425:             1             16  com.sun.jmx.mbeanserver.SecureClassLoaderRepository
2426:             1             16  java.nio.Bits$1
2427:             1             16  java.util.regex.Pattern$CharPropertyNames$6
2428:             1             16  java.lang.management.PlatformComponent$13
2429:             1             16  org.apache.lucene.codecs.simpletext.SimpleTextTermVectorsFormat
2430:             1             16  sun.reflect.GeneratedConstructorAccessor26
2431:             1             16  org.apache.solr.response.XMLResponseWriter
2432:             1             16  sun.reflect.GeneratedMethodAccessor84
2433:             1             16  sun.reflect.GeneratedSerializationConstructorAccessor14
2434:             1             16  org.apache.lucene.util.CharsRef$UTF16SortedAsUTF8Comparator
2435:             1             16  org.apache.lucene.search.FieldCache$11
2436:             1             16  java.security.ProtectionDomain$3
2437:             1             16  sun.rmi.transport.DGCImpl_Skel
2438:             1             16  org.apache.http.client.protocol.ResponseProcessCookies
2439:             1             16  org.apache.solr.search.ValueSourceParser$71
2440:             1             16  sun.reflect.GeneratedMethodAccessor29
2441:             1             16  sun.rmi.transport.DGCImpl$1
2442:             1             16  sun.reflect.GeneratedConstructorAccessor63
2443:             1             16  sun.reflect.GeneratedMethodAccessor47
2444:             1             16  java.lang.management.PlatformComponent$14
2445:             1             16  com.sun.jmx.mbeanserver.StandardMBeanIntrospector
2446:             1             16  org.apache.http.conn.ssl.AllowAllHostnameVerifier
2447:             1             16  sun.reflect.GeneratedMethodAccessor15
2448:             1             16  sun.reflect.GeneratedMethodAccessor83
2449:             1             16  sun.reflect.GeneratedConstructorAccessor71
2450:             1             16  org.apache.solr.search.ValueSourceParser$28
2451:             1             16  sun.rmi.transport.tcp.TCPTransport$1
2452:             1             16  org.apache.solr.search.ValueSourceParser$72
2453:             1             16  sun.reflect.GeneratedMethodAccessor39
2454:             1             16  java.lang.management.PlatformComponent$15
2455:             1             16  java.util.regex.Pattern$CharPropertyNames$7
2456:             1             16  sun.reflect.GeneratedSerializationConstructorAccessor15
2457:             1             16  sun.reflect.GeneratedMethodAccessor48
2458:             1             16  org.apache.lucene.codecs.simpletext.SimpleTextNormsFormat
2459:             1             16  org.apache.solr.search.ValueSourceParser$29
2460:             1             16  sun.reflect.GeneratedMethodAccessor30
2461:             1             16  org.apache.solr.search.ValueSourceParser$73
2462:             1             16  org.apache.catalina.core.ApplicationFilterFactory
2463:             1             16  java.lang.String$CaseInsensitiveComparator
2464:             1             16  sun.reflect.GeneratedMethodAccessor85
2465:             1             16  org.apache.http.impl.DefaultHttpResponseFactory
2466:             1             16  sun.reflect.GeneratedConstructorAccessor51
2467:             1             16  sun.misc.Unsafe
2468:             1             16  sun.reflect.GeneratedMethodAccessor1
2469:             1             16  java.util.regex.Pattern$CharPropertyNames$8
2470:             1             16  sun.reflect.GeneratedMethodAccessor40
2471:             1             16  sun.reflect.GeneratedConstructorAccessor33
2472:             1             16  org.apache.http.impl.entity.LaxContentLengthStrategy
2473:             1             16  org.apache.lucene.index.TermsEnum$2
2474:             1             16  sun.jdbc.odbc.JdbcOdbcTracer
2475:             1             16  org.apache.solr.search.ValueSourceParser$30
2476:             1             16  sun.util.resources.LocaleData$LocaleDataResourceBundleControl
2477:             1             16  sun.reflect.GeneratedMethodAccessor49
2478:             1             16  sun.reflect.GeneratedConstructorAccessor64
2479:             1             16  sun.reflect.GeneratedSerializationConstructorAccessor16
2480:             1             16  java.util.regex.Pattern$CharPropertyNames$9
2481:             1             16  sun.reflect.generics.tree.TypeVariableSignature
2482:             1             16  org.apache.solr.response.PythonResponseWriter
2483:             1             16  org.apache.lucene.search.MultiTermQuery$1
2484:             1             16  com.sun.jmx.interceptor.DefaultMBeanServerInterceptor$ResourceContext$1
2485:             1             16  org.apache.solr.util.EmptyEntityResolver$1
2486:             1             16  sun.reflect.GeneratedMethodAccessor31
2487:             1             16  org.apache.catalina.core.AprLifecycleListener
2488:             1             16  org.apache.solr.search.ValueSourceParser$31
2489:             1             16  org.apache.http.impl.client.DefaultRedirectStrategy
2490:             1             16  [Ljava.nio.file.attribute.FileAttribute;
2491:             1             16  org.apache.lucene.util.BytesRef$UTF8SortedAsUnicodeComparator
2492:             1             16  sun.reflect.GeneratedMethodAccessor55
2493:             1             16  org.apache.http.client.protocol.RequestAuthCache
2494:             1             16  org.apache.lucene.index.DocFieldProcessor$1
2495:             1             16  sun.reflect.GeneratedConstructorAccessor27
2496:             1             16  com.sun.jmx.mbeanserver.MXBeanIntrospector
2497:             1             16  com.google.common.cache.CacheBuilder$1
2498:             1             16  java.util.regex.Pattern$CharPropertyNames$10
2499:             1             16  sun.reflect.GeneratedConstructorAccessor52
2500:             1             16  org.apache.solr.search.ValueSourceParser$32
2501:             1             16  org.apache.http.auth.AuthSchemeRegistry
2502:             1             16  sun.misc.GC$LatencyLock
2503:             1             16  sun.reflect.GeneratedMethodAccessor2
2504:             1             16  sun.reflect.GeneratedSerializationConstructorAccessor17
2505:             1             16  java.math.BigDecimal$1
2506:             1             16  sun.misc.Perf
2507:             1             16  java.util.regex.Pattern$CharPropertyNames$11
2508:             1             16  org.apache.solr.response.PHPResponseWriter
2509:             1             16  com.sun.naming.internal.VersionHelper12
2510:             1             16  [Lorg.apache.catalina.Engine;
2511:             1             16  sun.reflect.GeneratedMethodAccessor32
2512:             1             16  java.rmi.server.RMIClassLoader$2
2513:             1             16  org.apache.lucene.util.BytesRef$UTF8SortedAsUTF16Comparator
2514:             1             16  org.apache.solr.search.ValueSourceParser$33
2515:             1             16  org.apache.solr.util.EmptyEntityResolver$2
2516:             1             16  org.apache.http.conn.ssl.BrowserCompatHostnameVerifier
2517:             1             16  org.apache.http.impl.auth.BasicSchemeFactory
2518:             1             16  java.util.regex.Pattern$CharPropertyNames$12
2519:             1             16  org.apache.lucene.index.BufferedDeletesStream$1
2520:             1             16  org.apache.lucene.util.StringHelper$1
2521:             1             16  org.apache.solr.search.ValueSourceParser$34
2522:             1             16  java.lang.Terminator$1
2523:             1             16  org.apache.lucene.codecs.simpletext.SimpleTextLiveDocsFormat
2524:             1             16  sun.reflect.GeneratedConstructorAccessor1
2525:             1             16  sun.reflect.GeneratedSerializationConstructorAccessor18
2526:             1             16  sun.reflect.GeneratedConstructorAccessor53
2527:             1             16  sun.reflect.GeneratedConstructorAccessor28
2528:             1             16  org.apache.lucene.codecs.bloom.DefaultBloomFilterFactory
2529:             1             16  java.util.regex.Pattern$CharPropertyNames$13
2530:             1             16  org.apache.http.conn.ssl.StrictHostnameVerifier
2531:             1             16  org.apache.solr.response.PHPSerializedResponseWriter
2532:             1             16  org.apache.solr.util.stats.Clock$UserTimeClock
2533:             1             16  org.apache.catalina.realm.X509SubjectDnRetriever
2534:             1             16  org.apache.catalina.core.JasperListener
2535:             1             16  org.apache.solr.search.ValueSourceParser$35
2536:             1             16  sun.reflect.GeneratedConstructorAccessor34
2537:             1             16  java.util.zip.ZipFile$2
2538:             1             16  com.google.common.base.Suppliers$SupplierOfInstance
2539:             1             16  org.apache.catalina.valves.AccessLogValve$1
2540:             1             16  org.apache.solr.client.solrj.impl.HttpClientConfigurer
2541:             1             16  org.apache.http.impl.EnglishReasonPhraseCatalog
2542:             1             16  java.util.regex.Pattern$CharPropertyNames$14
2543:             1             16  javax.xml.transform.SecuritySupport
2544:             1             16  sun.reflect.GeneratedMethodAccessor107
2545:             1             16  java.util.concurrent.ThreadPoolExecutor$AbortPolicy
2546:             1             16  org.apache.lucene.index.NumericDocValues$1
2547:             1             16  org.apache.tomcat.util.digester.Digester$SystemPropertySource
2548:             1             16  org.apache.http.client.protocol.RequestTargetAuthentication
2549:             1             16  org.apache.http.impl.auth.DigestSchemeFactory
2550:             1             16  org.apache.solr.search.ValueSourceParser$36
2551:             1             16  sun.reflect.GeneratedMethodAccessor3
2552:             1             16  sun.reflect.GeneratedMethodAccessor17
2553:             1             16  com.sun.org.apache.xalan.internal.utils.SecuritySupport
2554:             1             16  java.util.regex.Pattern$CharPropertyNames$15
2555:             1             16  org.apache.solr.response.RubyResponseWriter
2556:             1             16  javax.management.MBeanServerBuilder
2557:             1             16  sun.reflect.GeneratedConstructorAccessor12
2558:             1             16  com.mysql.jdbc.Driver
2559:             1             16  sun.reflect.GeneratedMethodAccessor108
2560:             1             16  org.apache.http.impl.auth.NTLMSchemeFactory
2561:             1             16  sun.reflect.GeneratedSerializationConstructorAccessor19
2562:             1             16  org.apache.solr.search.ValueSourceParser$37
2563:             1             16  java.util.regex.Pattern$CharPropertyNames$16
2564:             1             16  javax.management.JMX
2565:             1             16  sun.reflect.GeneratedConstructorAccessor29
2566:             1             16  org.apache.lucene.index.ConcurrentMergeScheduler$1
2567:             1             16  java.lang.InheritableThreadLocal
2568:             1             16  java.util.zip.Adler32$1
2569:             1             16  sun.reflect.GeneratedMethodAccessor4
2570:             1             16  org.apache.solr.search.ValueSourceParser$38
2571:             1             16  org.apache.solr.handler.dataimport.DataImporter$2
2572:             1             16  org.apache.lucene.util.fst.ByteSequenceOutputs
2573:             1             16  org.apache.lucene.codecs.appending.AppendingPostingsFormat
2574:             1             16  sun.reflect.GeneratedConstructorAccessor11
2575:             1             16  java.util.regex.Pattern$CharPropertyNames$17
2576:             1             16  [Ljava.rmi.server.ObjID;
2577:             1             16  sun.text.normalizer.NormalizerBase$Mode
2578:             1             16  sun.reflect.GeneratedSerializationConstructorAccessor20
2579:             1             16  org.apache.lucene.analysis.util.CharacterUtils$Java5CharacterUtils
2580:             1             16  org.apache.solr.search.ValueSourceParser$39
2581:             1             16  org.apache.http.impl.auth.SPNegoSchemeFactory
2582:             1             16  java.awt.EventQueue$1
2583:             1             16  sun.reflect.GeneratedConstructorAccessor21
2584:             1             16  java.util.regex.Pattern$CharPropertyNames$18
2585:             1             16  javax.management.NotificationBroadcasterSupport$1
2586:             1             16  org.apache.lucene.search.FieldCache$Ints$1
2587:             1             16  org.apache.http.client.protocol.RequestProxyAuthentication
2588:             1             16  sun.rmi.runtime.RuntimeUtil
2589:             1             16  com.sun.jmx.mbeanserver.DescriptorCache
2590:             1             16  java.lang.UNIXProcess$ProcessReaperThreadFactory
2591:             1             16  org.apache.solr.response.RawResponseWriter
2592:             1             16  sun.reflect.GeneratedConstructorAccessor30
2593:             1             16  org.apache.solr.search.ValueSourceParser$40
2594:             1             16  sun.reflect.GeneratedMethodAccessor33
2595:             1             16  com.sun.jmx.remote.protocol.iiop.IIOPProxyImpl
2596:             1             16  java.util.regex.Pattern$CharPropertyNames$19
2597:             1             16  org.apache.http.impl.auth.KerberosSchemeFactory
2598:             1             16  sun.reflect.GeneratedConstructorAccessor17
2599:             1             16  org.apache.lucene.analysis.util.CharacterUtils$Java4CharacterUtils
2600:             1             16  sun.reflect.GeneratedSerializationConstructorAccessor21
2601:             1             16  org.apache.solr.search.grouping.endresulttransformer.MainEndResultTransformer
2602:             1             16  sun.misc.FloatingDecimal$1
2603:             1             16  com.mysql.jdbc.log.NullLogger
2604:             1             16  org.apache.lucene.search.spell.LuceneLevenshteinDistance
2605:             1             16  org.apache.solr.search.ValueSourceParser$41
2606:             1             16  sun.text.normalizer.NormalizerBase$NFDMode
2607:             1             16  sun.reflect.GeneratedMethodAccessor16
2608:             1             16  sun.reflect.GeneratedConstructorAccessor2
2609:             1             16  sun.reflect.GeneratedConstructorAccessor22
2610:             1             16  java.util.regex.Pattern$CharPropertyNames$20
2611:             1             16  org.apache.solr.client.solrj.impl.BinaryResponseParser
2612:             1             16  org.apache.catalina.valves.AccessLogValve$RemoteAddrElement
2613:             1             16  sun.reflect.ReflectionFactory
2614:             1             16  org.apache.solr.search.ValueSourceParser$42
2615:             1             16  sun.reflect.GeneratedMethodAccessor34
2616:             1             16  java.util.regex.Pattern$CharPropertyNames$21
2617:             1             16  java.awt.EventQueue$2
2618:             1             16  com.sun.org.apache.xpath.internal.objects.LessThanComparator
2619:             1             16  sun.reflect.GeneratedConstructorAccessor57
2620:             1             16  sun.reflect.GeneratedConstructorAccessor35
2621:             1             16  org.apache.lucene.search.FieldCache$Longs$1
2622:             1             16  java.util.Collections$EmptyEnumeration
2623:             1             16  org.apache.http.cookie.CookieSpecRegistry
2624:             1             16  com.sun.org.apache.xerces.internal.dom.CharacterDataImpl$1
2625:             1             16  org.apache.solr.handler.SnapPuller$1
2626:             1             16  sun.reflect.GeneratedMethodAccessor5
2627:             1             16  org.apache.solr.search.ValueSourceParser$43
2628:             1             16  sun.reflect.GeneratedConstructorAccessor23
2629:             1             16  sun.reflect.GeneratedSerializationConstructorAccessor22
2630:             1             16  sun.net.www.protocol.jar.JarFileFactory
2631:             1             16  java.util.regex.Pattern$CharPropertyNames$22
2632:             1             16  org.apache.catalina.valves.AccessLogValve$DateAndTimeElement
2633:             1             16  com.sun.org.apache.xpath.internal.objects.LessThanOrEqualComparator
2634:             1             16  org.apache.solr.search.grouping.endresulttransformer.SimpleEndResultTransformer
2635:             1             16  java.nio.Bits$1$1
2636:             1             16  org.apache.solr.response.BinaryResponseWriter
2637:             1             16  sun.text.normalizer.NormalizerBase$NFKDMode
2638:             1             16  org.apache.catalina.mbeans.GlobalResourcesLifecycleListener
2639:             1             16  sun.reflect.GeneratedMethodAccessor35
2640:             1             16  java.lang.ref.Reference$Lock
2641:             1             16  org.apache.solr.search.ValueSourceParser$44
2642:             1             16  java.lang.System$2
2643:             1             16  java.util.regex.Pattern$CharPropertyNames$23
2644:             1             16  sun.reflect.GeneratedConstructorAccessor65
2645:             1             16  java.text.MessageFormat$Field
2646:             1             16  org.apache.http.impl.cookie.BestMatchSpecFactory
2647:             1             16  org.apache.solr.search.ValueSourceParser$1
2648:             1             16  sun.security.rsa.RSAKeyFactory
2649:             1             16  sun.reflect.GeneratedConstructorAccessor36
2650:             1             16  com.sun.org.apache.xpath.internal.objects.XMLStringFactoryImpl
2651:             1             16  sun.reflect.GeneratedConstructorAccessor31
2652:             1             16  com.sun.org.apache.xpath.internal.objects.GreaterThanComparator
2653:             1             16  com.sun.jmx.mbeanserver.MBeanAnalyzer$MethodOrder
2654:             1             16  org.apache.catalina.valves.AccessLogValve$ProtocolElement
2655:             1             16  sun.reflect.GeneratedMethodAccessor6
2656:             1             16  sun.reflect.GeneratedSerializationConstructorAccessor23
2657:             1             16  org.apache.solr.search.ValueSourceParser$45
2658:             1             16  sun.rmi.transport.proxy.RMIDirectSocketFactory
2659:             1             16  org.apache.solr.search.ValueSourceParser$2
2660:             1             16  org.apache.lucene.search.FieldCache$Doubles$1
2661:             1             16  org.apache.http.message.BasicHeaderValueParser
2662:             1             16  org.apache.lucene.codecs.simpletext.SimpleTextFieldInfosReader
2663:             1             16  com.sun.jndi.rmi.registry.AtomicNameParser
2664:             1             16  sun.nio.ch.Util$1
2665:             1             16  com.sun.org.apache.xpath.internal.objects.GreaterThanOrEqualComparator
2666:             1             16  sun.reflect.GeneratedConstructorAccessor58
2667:             1             16  sun.reflect.GeneratedMethodAccessor36
2668:             1             16  org.apache.solr.search.ValueSourceParser$46
2669:             1             16  sun.text.normalizer.NormalizerBase$NFCMode
2670:             1             16  org.apache.catalina.valves.AccessLogValve$SessionIdElement
2671:             1             16  sun.reflect.GeneratedConstructorAccessor37
2672:             1             16  org.apache.solr.search.ValueSourceParser$3
2673:             1             16  com.google.common.base.Equivalence$Equals
2674:             1             16  com.google.common.cache.CacheBuilder$2
2675:             1             16  java.util.Collections$EmptyIterator
2676:             1             16  org.apache.jk.common.ChannelSocket$SocketAcceptor
2677:             1             16  sun.reflect.GeneratedMethodAccessor7
2678:             1             16  sun.reflect.GeneratedMethodAccessor38
2679:             1             16  org.apache.lucene.search.FilteredQuery$RandomAccessFilterStrategy
2680:             1             16  sun.reflect.GeneratedSerializationConstructorAccessor24
2681:             1             16  com.sun.org.apache.xpath.internal.objects.EqualComparator
2682:             1             16  org.apache.http.impl.cookie.BrowserCompatSpecFactory
2683:             1             16  org.apache.juli.logging.LogFactory
2684:             1             16  sun.reflect.GeneratedMethodAccessor67
2685:             1             16  sun.nio.ch.FileChannelImpl$1
2686:             1             16  org.apache.solr.search.ValueSourceParser$4
2687:             1             16  [Ljava.text.FieldPosition;
2688:             1             16  java.lang.ApplicationShutdownHooks$1
2689:             1             16  org.apache.catalina.valves.AccessLogValve$RequestElement
2690:             1             16  java.lang.ProcessBuilder$NullOutputStream
2691:             1             16  com.google.common.base.Ticker$1
2692:             1             16  org.apache.solr.search.function.distance.HaversineConstFunction$1
2693:             1             16  org.apache.lucene.search.spell.SuggestWordScoreComparator
2694:             1             16  sun.awt.AppContext$6
2695:             1             16  org.apache.tomcat.util.buf.StringCache
2696:             1             16  sun.reflect.GeneratedMethodAccessor37
2697:             1             16  com.sun.org.apache.xpath.internal.objects.NotEqualComparator
2698:             1             16  sun.reflect.GeneratedConstructorAccessor38
2699:             1             16  org.apache.http.impl.cookie.NetscapeDraftSpecFactory
2700:             1             16  org.apache.solr.search.ValueSourceParser$47
2701:             1             16  org.apache.lucene.codecs.lucene42.Lucene42DocValuesFormat
2702:             1             16  org.apache.solr.search.ValueSourceParser$5
2703:             1             16  sun.reflect.GeneratedConstructorAccessor18
2704:             1             16  javax.xml.parsers.SecuritySupport
2705:             1             16  org.apache.lucene.codecs.lucene41.Lucene41PostingsBaseFormat
2706:             1             16  sun.text.normalizer.NormalizerBase$NFKCMode
2707:             1             16  org.apache.http.message.BasicLineParser
2708:             1             16  org.apache.lucene.search.FieldCacheImpl$1
2709:             1             16  sun.reflect.GeneratedMethodAccessor68
2710:             1             16  sun.util.calendar.Gregorian
2711:             1             16  org.apache.http.impl.client.DefaultUserTokenHandler
2712:             1             16  org.apache.solr.response.transform.DocIdAugmenterFactory
2713:             1             16  sun.reflect.GeneratedMethodAccessor56
2714:             1             16  org.apache.catalina.core.ContainerBase$ContainerBackgroundProcessor
2715:             1             16  sun.rmi.transport.DGCClient$EndpointEntry$RenewCleanThread
2716:             1             16  org.apache.solr.search.ValueSourceParser$48
2717:             1             16  org.apache.solr.search.ValueSourceParser$6
2718:             1             16  sun.reflect.GeneratedSerializationConstructorAccessor25
2719:             1             16  org.apache.lucene.search.FieldCache$1
2720:             1             16  org.apache.http.impl.cookie.RFC2109SpecFactory
2721:             1             16  sun.reflect.GeneratedConstructorAccessor67
2722:             1             16  sun.reflect.GeneratedSerializationConstructorAccessor2
2723:             1             16  org.apache.lucene.search.FilteredQuery$QueryFirstFilterStrategy
2724:             1             16  sun.reflect.GeneratedConstructorAccessor72
2725:             1             16  org.apache.lucene.codecs.compressing.CompressionMode$1
2726:             1             16  sun.reflect.GeneratedConstructorAccessor39
2727:             1             16  org.apache.lucene.codecs.simpletext.SimpleTextFieldInfosWriter
2728:             1             16  sun.reflect.GeneratedConstructorAccessor54
2729:             1             16  org.apache.http.cookie.CookiePathComparator
2730:             1             16  org.apache.solr.search.ValueSourceParser$49
2731:             1             16  sun.rmi.registry.RegistryImpl_Stub
2732:             1             16  org.apache.solr.search.ValueSourceParser$7
2733:             1             16  sun.reflect.GeneratedConstructorAccessor19
2734:             1             16  sun.reflect.GeneratedSerializationConstructorAccessor26
2735:             1             16  sun.reflect.GeneratedMethodAccessor69
2736:             1             16  org.apache.http.impl.cookie.RFC2965SpecFactory
2737:             1             16  sun.management.HotSpotDiagnostic
2738:             1             16  sun.reflect.GeneratedMethodAccessor57
2739:             1             16  org.apache.lucene.codecs.compressing.CompressionMode$2
2740:             1             16  sun.reflect.GeneratedMethodAccessor41
2741:             1             16  org.apache.solr.search.ValueSourceParser$50
2742:             1             16  org.apache.solr.search.ValueSourceParser$8
2743:             1             16  org.apache.catalina.valves.AccessLogValve$HttpStatusCodeElement
2744:             1             16  org.apache.solr.response.transform.ShardAugmenterFactory
2745:             1             16  sun.reflect.GeneratedConstructorAccessor73
2746:             1             16  sun.reflect.generics.tree.BottomSignature
2747:             1             16  sun.reflect.GeneratedConstructorAccessor40
2748:             1             16  org.apache.solr.servlet.LoadAdminUiServlet
2749:             1             16  org.apache.http.impl.cookie.IgnoreSpecFactory
2750:             1             16  sun.misc.ASCIICaseInsensitiveComparator
2751:             1             16  sun.security.util.ByteArrayLexOrder
2752:             1             16  sun.reflect.GeneratedConstructorAccessor32
2753:             1             16  org.apache.lucene.search.ScoringRewrite$1
2754:             1             16  org.apache.tomcat.util.buf.MessageBytes$MessageBytesFactory
2755:             1             16  org.apache.lucene.codecs.compressing.CompressionMode$3
2756:             1             16  org.apache.solr.search.ValueSourceParser$51
2757:             1             16  org.apache.solr.search.ValueSourceParser$9
2758:             1             16  sun.reflect.GeneratedConstructorAccessor3
2759:             1             16  sun.rmi.registry.RegistryImpl_Skel
2760:             1             16  org.apache.lucene.codecs.simpletext.SimpleTextSegmentInfoReader
2761:             1             16  sun.reflect.GeneratedMethodAccessor58
2762:             1             16  org.apache.lucene.util.InfoStream$NoOutput
2763:             1             16  sun.reflect.GeneratedSerializationConstructorAccessor3
2764:             1             16  sun.security.util.ByteArrayTagOrder
2765:             1             16  org.apache.solr.schema.RandomSortField$1
2766:             1             16  sun.reflect.GeneratedSerializationConstructorAccessor27
2767:             1             16  sun.reflect.GeneratedConstructorAccessor6
2768:             1             16  [Ljavax.management.ObjectName;
2769:             1             16  sun.rmi.runtime.Log$LoggerLogFactory
2770:             1             16  org.apache.lucene.search.ScoringRewrite$2
2771:             1             16  org.apache.solr.search.ValueSourceParser$52
2772:             1             16  org.apache.solr.search.ValueSourceParser$10
2773:             1             16  sun.reflect.GeneratedConstructorAccessor41
2774:             1             16  sun.reflect.GeneratedMethodAccessor70
2775:             1             16  java.util.regex.Pattern$Node
2776:             1             16  sun.misc.Launcher
2777:             1             16  org.slf4j.helpers.SubstituteLoggerFactory
2778:             1             16  java.util.regex.Pattern$4
2779:             1             16  sun.reflect.GeneratedConstructorAccessor55
2780:             1             16  org.apache.http.impl.client.BasicCookieStore
2781:             1             16  sun.reflect.GeneratedConstructorAccessor60
2782:             1             16  javax.imageio.spi.IIORegistry
2783:             1             16  java.util.jar.JavaUtilJarAccessImpl
2784:             1             16  org.apache.solr.search.ValueSourceParser$11
2785:             1             16  org.apache.solr.search.ValueSourceParser$53
2786:             1             16  sun.reflect.GeneratedMethodAccessor59
2787:             1             16  java.net.InetAddress$1
2788:             1             16  org.apache.lucene.index.BinaryDocValues$1
2789:             1             16  org.apache.lucene.index.DocumentsWriterPerThread$1
2790:             1             16  sun.reflect.GeneratedSerializationConstructorAccessor28
2791:             1             16  org.apache.lucene.codecs.compressing.CompressionMode$4
2792:             1             16  java.util.regex.Pattern$LastNode
2793:             1             16  org.apache.lucene.codecs.lucene3x.Lucene3xFieldInfosReader
2794:             1             16  sun.reflect.GeneratedConstructorAccessor42
2795:             1             16  sun.reflect.GeneratedMethodAccessor71
2796:             1             16  org.apache.solr.search.ValueSourceParser$12
2797:             1             16  org.apache.http.cookie.CookieIdentityComparator
2798:             1             16  org.apache.http.impl.entity.EntitySerializer
2799:             1             16  sun.reflect.GeneratedMethodAccessor18
2800:             1             16  org.apache.lucene.index.SortedDocValues$1
2801:             1             16  sun.reflect.GeneratedConstructorAccessor70
2802:             1             16  sun.reflect.GeneratedConstructorAccessor56
2803:             1             16  org.apache.catalina.util.MD5Encoder
2804:             1             16  sun.reflect.GeneratedMethodAccessor60
2805:             1             16  sun.misc.Launcher$Factory
2806:             1             16  org.apache.solr.search.ValueSourceParser$13
2807:             1             16  sun.reflect.GeneratedMethodAccessor22
2808:             1             16  [Lorg.apache.lucene.codecs.PostingsFormat;
2809:             1             16  org.apache.lucene.codecs.simpletext.SimpleTextSegmentInfoWriter
2810:             1             16  sun.reflect.GeneratedMethodAccessor8
2811:             1             16  sun.reflect.GeneratedConstructorAccessor61
2812:             1             16  org.apache.solr.search.DateValueSourceParser
2813:             1             16  sun.reflect.GeneratedConstructorAccessor43
2814:             1             16  com.sun.org.apache.xerces.internal.utils.SecuritySupport
2815:             1             16  sun.reflect.GeneratedConstructorAccessor5
2816:             1             16  sun.reflect.GeneratedMethodAccessor72
2817:             1             16  java.net.URLClassLoader$7
2818:             1             16  sun.reflect.GeneratedMethodAccessor43
2819:             1             16  org.apache.solr.search.ValueSourceParser$14
2820:             1             16  org.apache.http.client.protocol.RequestDefaultHeaders
2821:             1             16  org.apache.solr.search.ValueSourceParser$54
2822:             1             16  [Lorg.apache.http.HttpHost;
2823:             1             16  sun.reflect.GeneratedMethodAccessor23
2824:             1             16  sun.reflect.GeneratedMethodAccessor61
2825:             1             16  sun.nio.cs.CharsetMapping$2
2826:             1             16  [Ljava.lang.Throwable;
2827:             1             16  org.apache.solr.search.ValueSourceParser$15
2828:             1             16  org.apache.solr.search.ValueSourceParser$55
2829:             1             16  sun.reflect.GeneratedConstructorAccessor44
2830:             1             16  sun.management.ClassLoadingImpl
2831:             1             16  sun.reflect.GeneratedConstructorAccessor69
2832:             1             16  sun.reflect.GeneratedMethodAccessor73
2833:             1             16  sun.net.DefaultProgressMeteringPolicy
2834:             1             16  org.apache.lucene.search.FieldCache$2
2835:             1             16  sun.reflect.GeneratedConstructorAccessor14
2836:             1             16  sun.nio.cs.CharsetMapping$3
2837:             1             16  org.apache.solr.search.ValueSourceParser$16
2838:             1             16  sun.reflect.GeneratedMethodAccessor24
2839:             1             16  org.apache.http.protocol.RequestContent
2840:             1             16  org.apache.http.protocol.HttpRequestExecutor
2841:             1             16  org.apache.lucene.index.MergePolicy$MergeSpecification
2842:             1             16  java.lang.CharacterDataLatin1
2843:             1             16  org.apache.solr.search.ValueSourceParser$56
2844:             1             16  org.apache.catalina.mbeans.ServerLifecycleListener
2845:             1             16  sun.reflect.GeneratedMethodAccessor62
2846:             1             16  org.apache.solr.search.MissingStringLastComparatorSource
2847:             1             16  sun.reflect.GeneratedMethodAccessor9
2848:             1             16  sun.nio.fs.LinuxFileSystemProvider
2849:             1             16  sun.reflect.GeneratedMethodAccessor44
2850:             1             16  org.apache.lucene.util.AttributeSource$AttributeFactory$DefaultAttributeFactory
2851:             1             16  sun.reflect.GeneratedConstructorAccessor20
2852:             1             16  org.apache.solr.search.ValueSourceParser$17
2853:             1             16  sun.reflect.GeneratedConstructorAccessor45
2854:             1             16  sun.reflect.GeneratedMethodAccessor74
2855:             1             16  sun.nio.cs.CharsetMapping$4
2856:             1             16  org.apache.solr.search.ValueSourceParser$57
2857:             1             16  org.apache.lucene.search.FieldCache$3
2858:             1             16  sun.reflect.GeneratedSerializationConstructorAccessor1
2859:             1             16  sun.reflect.GeneratedConstructorAccessor15
2860:             1             16  com.google.common.cache.LocalCache$1
2861:             1             16  org.apache.lucene.util.automaton.Transition$CompareByDestThenMinMaxSingle
2862:             1             16  org.apache.lucene.search.FieldCacheImpl$2
2863:             1             16  org.apache.solr.search.ValueSourceParser$18
2864:             1             16  java.lang.management.PlatformComponent$1
2865:             1             16  sun.rmi.server.UnicastServerRef$HashToMethod_Maps
2866:             1             16  sun.reflect.GeneratedSerializationConstructorAccessor29
2867:             1             16  sun.reflect.GeneratedMethodAccessor63
2868:             1             16  org.apache.solr.search.ValueSourceParser$58
2869:             1             16  sun.rmi.transport.ObjectTable$Reaper
2870:             1             16  org.apache.lucene.search.DocIdSet$1
2871:             1             16  java.nio.charset.CoderResult$1
2872:             1             16  org.apache.lucene.codecs.lucene3x.Lucene3xPostingsFormat
2873:             1             16  sun.reflect.GeneratedSerializationConstructorAccessor9
2874:             1             16  sun.reflect.GeneratedConstructorAccessor46
2875:             1             16  org.apache.http.impl.DefaultConnectionReuseStrategy
2876:             1             16  org.apache.lucene.codecs.diskdv.DiskDocValuesFormat
2877:             1             16  sun.reflect.GeneratedMethodAccessor45
2878:             1             16  org.apache.solr.search.ValueSourceParser$19
2879:             1             16  org.apache.lucene.search.FieldCache$4
2880:             1             16  com.google.common.cache.LocalCache$2
2881:             1             16  org.apache.solr.core.SolrXMLSerializer
2882:             1             16  org.apache.http.protocol.RequestTargetHost
2883:             1             16  org.apache.solr.search.ValueSourceParser$59
2884:             1             16  java.lang.management.PlatformComponent$2
2885:             1             16  org.apache.lucene.util.automaton.Transition$CompareByMinMaxThenDestSingle
2886:             1             16  sun.reflect.GeneratedConstructorAccessor16
2887:             1             16  java.text.DontCareFieldPosition$1
2888:             1             16  sun.reflect.GeneratedConstructorAccessor4
2889:             1             16  javax.xml.stream.SecuritySupport
2890:             1             16  org.slf4j.helpers.NOPLoggerFactory
2891:             1             16  java.nio.charset.CoderResult$2
2892:             1             16  org.apache.lucene.codecs.lucene3x.Lucene3xStoredFieldsFormat
2893:             1             16  com.mysql.jdbc.Util
2894:             1             16  org.apache.solr.request.SimpleFacets$1
2895:             1             16  org.apache.naming.resources.DirContextURLStreamHandlerFactory
2896:             1             16  [Ljava.security.Provider;
2897:             1             16  org.apache.solr.search.SolrIndexSearcher$4
2898:             1             16  org.apache.solr.search.ValueSourceParser$20
2899:             1             16  sun.reflect.GeneratedMethodAccessor64
2900:             1             16  com.sun.org.apache.xerces.internal.impl.XMLDocumentScannerImpl$DTDDriver
2901:             1             16  java.util.ResourceBundle$Control
2902:             1             16  org.apache.solr.search.ValueSourceParser$60
2903:             1             16  java.lang.management.PlatformComponent$3
2904:             1             16  sun.security.ssl.DummyX509KeyManager
2905:             1             16  sun.management.jmxremote.LocalRMIServerSocketFactory
2906:             1             16  org.apache.http.message.BasicLineFormatter
2907:             1             16  sun.reflect.GeneratedSerializationConstructorAccessor10
2908:             1             16  sun.reflect.GeneratedConstructorAccessor47
2909:             1             16  org.apache.lucene.search.FieldCache$5
2910:             1             16  org.apache.lucene.codecs.lucene3x.Lucene3xSegmentInfoReader
2911:             1             16  sun.reflect.GeneratedMethodAccessor25
2912:             1             16  org.apache.http.impl.entity.StrictContentLengthStrategy
2913:             1             16  sun.reflect.GeneratedMethodAccessor77
2914:             1             16  org.apache.solr.search.ValueSourceParser$21
2915:             1             16  org.apache.http.client.protocol.RequestClientConnControl
Total       4879122      496596320
